
Allocating common symbols
Common symbol       size              file

kbd_buf             0x6c              build/keyboard.o
thread_ready_list   0x10              build/thread.o
thread_all_list     0x10              build/thread.o
user_pool           0x2c              build/memory.o
channel_cnt         0x1               build/ide.o
k_block_descs       0xa8              build/memory.o
idle_thread         0x4               build/thread.o
intr_name           0x204             build/interrupt.o
main_thread         0x4               build/thread.o
channels            0xcd0             build/ide.o
kernel_vaddr        0xc               build/memory.o
syscall_table       0x80              build/syscall-init.o
idt_table           0x204             build/interrupt.o
partition_list      0x10              build/ide.o
kernel_pool         0x2c              build/memory.o
pid_lock            0x1c              build/thread.o

Discarded input sections

 .group         0x0000000000000000        0x8 build/main.o
 .note.GNU-stack
                0x0000000000000000        0x0 build/main.o
 .group         0x0000000000000000        0x8 build/init.o
 .text.__x86.get_pc_thunk.bx
                0x0000000000000000        0x4 build/init.o
 .note.GNU-stack
                0x0000000000000000        0x0 build/init.o
 .group         0x0000000000000000        0x8 build/console.o
 .group         0x0000000000000000        0x8 build/console.o
 .text.__x86.get_pc_thunk.bx
                0x0000000000000000        0x4 build/console.o
 .note.GNU-stack
                0x0000000000000000        0x0 build/console.o
 .group         0x0000000000000000        0x8 build/keyboard.o
 .group         0x0000000000000000        0x8 build/keyboard.o
 .text.__x86.get_pc_thunk.ax
                0x0000000000000000        0x4 build/keyboard.o
 .text.__x86.get_pc_thunk.bx
                0x0000000000000000        0x4 build/keyboard.o
 .note.GNU-stack
                0x0000000000000000        0x0 build/keyboard.o
 .group         0x0000000000000000        0x8 build/timer.o
 .group         0x0000000000000000        0x8 build/timer.o
 .text.__x86.get_pc_thunk.ax
                0x0000000000000000        0x4 build/timer.o
 .text.__x86.get_pc_thunk.bx
                0x0000000000000000        0x4 build/timer.o
 .note.GNU-stack
                0x0000000000000000        0x0 build/timer.o
 .group         0x0000000000000000        0x8 build/ioqueue.o
 .group         0x0000000000000000        0x8 build/ioqueue.o
 .text.__x86.get_pc_thunk.ax
                0x0000000000000000        0x4 build/ioqueue.o
 .text.__x86.get_pc_thunk.bx
                0x0000000000000000        0x4 build/ioqueue.o
 .note.GNU-stack
                0x0000000000000000        0x0 build/ioqueue.o
 .group         0x0000000000000000        0x8 build/process.o
 .group         0x0000000000000000        0x8 build/process.o
 .text.__x86.get_pc_thunk.ax
                0x0000000000000000        0x4 build/process.o
 .text.__x86.get_pc_thunk.bx
                0x0000000000000000        0x4 build/process.o
 .note.GNU-stack
                0x0000000000000000        0x0 build/process.o
 .group         0x0000000000000000        0x8 build/interrupt.o
 .group         0x0000000000000000        0x8 build/interrupt.o
 .text.__x86.get_pc_thunk.ax
                0x0000000000000000        0x4 build/interrupt.o
 .text.__x86.get_pc_thunk.bx
                0x0000000000000000        0x4 build/interrupt.o
 .note.GNU-stack
                0x0000000000000000        0x0 build/interrupt.o
 .group         0x0000000000000000        0x8 build/memory.o
 .group         0x0000000000000000        0x8 build/memory.o
 .text.__x86.get_pc_thunk.ax
                0x0000000000000000        0x4 build/memory.o
 .text.__x86.get_pc_thunk.bx
                0x0000000000000000        0x4 build/memory.o
 .note.GNU-stack
                0x0000000000000000        0x0 build/memory.o
 .group         0x0000000000000000        0x8 build/thread.o
 .group         0x0000000000000000        0x8 build/thread.o
 .group         0x0000000000000000        0x8 build/thread.o
 .text.__x86.get_pc_thunk.ax
                0x0000000000000000        0x4 build/thread.o
 .text.__x86.get_pc_thunk.bx
                0x0000000000000000        0x4 build/thread.o
 .note.GNU-stack
                0x0000000000000000        0x0 build/thread.o
 .group         0x0000000000000000        0x8 build/tss.o
 .group         0x0000000000000000        0x8 build/tss.o
 .text.__x86.get_pc_thunk.ax
                0x0000000000000000        0x4 build/tss.o
 .text.__x86.get_pc_thunk.bx
                0x0000000000000000        0x4 build/tss.o
 .note.GNU-stack
                0x0000000000000000        0x0 build/tss.o
 .group         0x0000000000000000        0x8 build/debug.o
 .text.__x86.get_pc_thunk.bx
                0x0000000000000000        0x4 build/debug.o
 .note.GNU-stack
                0x0000000000000000        0x0 build/debug.o
 .group         0x0000000000000000        0x8 build/bitmap.o
 .text.__x86.get_pc_thunk.ax
                0x0000000000000000        0x4 build/bitmap.o
 .note.GNU-stack
                0x0000000000000000        0x0 build/bitmap.o
 .group         0x0000000000000000        0x8 build/string.o
 .text.__x86.get_pc_thunk.ax
                0x0000000000000000        0x4 build/string.o
 .note.GNU-stack
                0x0000000000000000        0x0 build/string.o
 .group         0x0000000000000000        0x8 build/list.o
 .group         0x0000000000000000        0x8 build/list.o
 .text.__x86.get_pc_thunk.ax
                0x0000000000000000        0x4 build/list.o
 .text.__x86.get_pc_thunk.bx
                0x0000000000000000        0x4 build/list.o
 .note.GNU-stack
                0x0000000000000000        0x0 build/list.o
 .group         0x0000000000000000        0x8 build/sync.o
 .group         0x0000000000000000        0x8 build/sync.o
 .text.__x86.get_pc_thunk.ax
                0x0000000000000000        0x4 build/sync.o
 .text.__x86.get_pc_thunk.bx
                0x0000000000000000        0x4 build/sync.o
 .note.GNU-stack
                0x0000000000000000        0x0 build/sync.o
 .group         0x0000000000000000        0x8 build/syscall.o
 .text.__x86.get_pc_thunk.ax
                0x0000000000000000        0x4 build/syscall.o
 .note.GNU-stack
                0x0000000000000000        0x0 build/syscall.o
 .group         0x0000000000000000        0x8 build/syscall-init.o
 .group         0x0000000000000000        0x8 build/syscall-init.o
 .text.__x86.get_pc_thunk.ax
                0x0000000000000000        0x4 build/syscall-init.o
 .text.__x86.get_pc_thunk.bx
                0x0000000000000000        0x4 build/syscall-init.o
 .note.GNU-stack
                0x0000000000000000        0x0 build/syscall-init.o
 .group         0x0000000000000000        0x8 build/stdio.o
 .group         0x0000000000000000        0x8 build/stdio.o
 .text.__x86.get_pc_thunk.ax
                0x0000000000000000        0x4 build/stdio.o
 .text.__x86.get_pc_thunk.bx
                0x0000000000000000        0x4 build/stdio.o
 .note.GNU-stack
                0x0000000000000000        0x0 build/stdio.o
 .group         0x0000000000000000        0x8 build/ide.o
 .group         0x0000000000000000        0x8 build/ide.o
 .text.__x86.get_pc_thunk.ax
                0x0000000000000000        0x4 build/ide.o
 .text.__x86.get_pc_thunk.bx
                0x0000000000000000        0x4 build/ide.o
 .note.GNU-stack
                0x0000000000000000        0x0 build/ide.o
 .group         0x0000000000000000        0x8 build/fs.o
 .text.__x86.get_pc_thunk.bx
                0x0000000000000000        0x4 build/fs.o
 .note.GNU-stack
                0x0000000000000000        0x0 build/fs.o

Memory Configuration

Name             Origin             Length             Attributes
*default*        0x0000000000000000 0xffffffffffffffff

Linker script and memory map

Address of section .text set to 0xc0001500
LOAD build/main.o
LOAD build/init.o
LOAD build/console.o
LOAD build/keyboard.o
LOAD build/timer.o
LOAD build/ioqueue.o
LOAD build/process.o
LOAD build/interrupt.o
LOAD build/memory.o
LOAD build/thread.o
LOAD build/kernel.o
LOAD build/switch.o
LOAD build/tss.o
LOAD build/print.o
LOAD build/debug.o
LOAD build/bitmap.o
LOAD build/string.o
LOAD build/list.o
LOAD build/sync.o
LOAD build/syscall.o
LOAD build/syscall-init.o
LOAD build/stdio.o
LOAD build/ide.o
LOAD build/fs.o
                [!provide]                        PROVIDE (__executable_start = SEGMENT_START ("text-segment", 0x8048000))
                0x0000000008048094                . = (SEGMENT_START ("text-segment", 0x8048000) + SIZEOF_HEADERS)

.interp
 *(.interp)

.note.gnu.build-id
 *(.note.gnu.build-id)

.hash
 *(.hash)

.gnu.hash
 *(.gnu.hash)

.dynsym
 *(.dynsym)

.dynstr
 *(.dynstr)

.gnu.version
 *(.gnu.version)

.gnu.version_d
 *(.gnu.version_d)

.gnu.version_r
 *(.gnu.version_r)

.rel.dyn        0x0000000008048094        0x0
 *(.rel.init)
 *(.rel.text .rel.text.* .rel.gnu.linkonce.t.*)
 .rel.text      0x0000000008048094        0x0 build/main.o
 *(.rel.fini)
 *(.rel.rodata .rel.rodata.* .rel.gnu.linkonce.r.*)
 *(.rel.data.rel.ro .rel.data.rel.ro.* .rel.gnu.linkonce.d.rel.ro.*)
 *(.rel.data .rel.data.* .rel.gnu.linkonce.d.*)
 *(.rel.tdata .rel.tdata.* .rel.gnu.linkonce.td.*)
 *(.rel.tbss .rel.tbss.* .rel.gnu.linkonce.tb.*)
 *(.rel.ctors)
 *(.rel.dtors)
 *(.rel.got)
 .rel.got       0x0000000008048094        0x0 build/main.o
 *(.rel.bss .rel.bss.* .rel.gnu.linkonce.b.*)
 *(.rel.ifunc)

.rel.plt        0x0000000008048094        0x0
 *(.rel.plt)
                [!provide]                        PROVIDE (__rel_iplt_start = .)
 *(.rel.iplt)
 .rel.iplt      0x0000000008048094        0x0 build/main.o
                [!provide]                        PROVIDE (__rel_iplt_end = .)

.init
 *(SORT_NONE(.init))

.plt            0x0000000008048098        0x0
 *(.plt)
 *(.iplt)
 .iplt          0x0000000008048098        0x0 build/main.o

.plt.got
 *(.plt.got)

.plt.sec
 *(.plt.sec)

.text           0x00000000c0001500     0x614c
 *(.text.unlikely .text.*_unlikely .text.unlikely.*)
 *(.text.exit .text.exit.*)
 *(.text.startup .text.startup.*)
 *(.text.hot .text.hot.*)
 *(.text .stub .text.* .gnu.linkonce.t.*)
 .text          0x00000000c0001500      0x358 build/main.o
                0x00000000c0001500                k_thread_a
                0x00000000c00015f2                k_thread_b
                0x00000000c00016e4                u_prog_a
                0x00000000c000178b                u_prog_b
                0x00000000c0001832                main
 .text.__x86.get_pc_thunk.bx
                0x00000000c0001858        0x4 build/main.o
                0x00000000c0001858                __x86.get_pc_thunk.bx
 .text          0x00000000c000185c       0x5c build/init.o
                0x00000000c000185c                init_all
 .text          0x00000000c00018b8      0x119 build/console.o
                0x00000000c00018b8                console_init
                0x00000000c00018e3                console_acquire
                0x00000000c000190e                console_release
                0x00000000c0001939                console_put_char
                0x00000000c0001971                console_put_str
                0x00000000c00019a1                console_put_uint32t
 .text.__x86.get_pc_thunk.ax
                0x00000000c00019d1        0x4 build/console.o
                0x00000000c00019d1                __x86.get_pc_thunk.ax
 .text          0x00000000c00019d5      0x29b build/keyboard.o
                0x00000000c0001c0e                keyboard_init
 .text          0x00000000c0001c70      0x257 build/timer.o
                0x00000000c0001df8                mtime_sleep
                0x00000000c0001e5f                timer_init
 .text          0x00000000c0001ec7      0x378 build/ioqueue.o
                0x00000000c0001ec7                ioqueue_init
                0x00000000c0001f33                ioq_full
                0x00000000c0001f94                ioq_empty
                0x00000000c00020a0                ioq_getchar
                0x00000000c000216e                ioq_putchar
 .text          0x00000000c000223f      0x423 build/process.o
                0x00000000c000223f                process_start
                0x00000000c0002370                page_dir_activate
                0x00000000c00023bb                process_activate
                0x00000000c0002421                create_page_dir
                0x00000000c00024bb                create_user_vaddr_bitmap
                0x00000000c000251e                process_execute
 .text          0x00000000c0002662      0x57d build/interrupt.o
                0x00000000c0002a87                idt_init
                0x00000000c0002b07                intr_enable
                0x00000000c0002b37                intr_disable
                0x00000000c0002b67                intr_set_status
                0x00000000c0002b8f                intr_get_status
                0x00000000c0002bb6                register_handler
 .text          0x00000000c0002bdf     0x10e1 build/memory.o
                0x00000000c0002e30                block_desc_init
                0x00000000c0002ed0                mem_init
                0x00000000c0002f36                pde_ptr
                0x00000000c0002f53                pte_ptr
                0x00000000c0002f84                addr_v2p
                0x00000000c0003337                page_table_pte_remove
                0x00000000c000343f                get_kernel_pages
                0x00000000c00034ad                get_user_pages
                0x00000000c000351b                get_a_page
                0x00000000c000365a                free_pages
                0x00000000c0003753                sys_malloc
                0x00000000c0003b88                sys_free
 .text          0x00000000c0003cc0      0x7ea build/thread.o
                0x00000000c0003cc0                running_thread
                0x00000000c0003d53                thread_create
                0x00000000c0003dd4                init_thread
                0x00000000c0003e8f                thread_start
                0x00000000c000405a                schedule
                0x00000000c00041ea                thread_block
                0x00000000c0004262                thread_unblock
                0x00000000c00043a9                thread_yield
                0x00000000c000440f                thread_init
 .text.__x86.get_pc_thunk.dx
                0x00000000c00044aa        0x4 build/thread.o
                0x00000000c00044aa                __x86.get_pc_thunk.dx
 *fill*         0x00000000c00044ae        0x2 
 .text          0x00000000c00044b0      0x55e build/kernel.o
                0x00000000c00044b0                intr_exit
                0x00000000c00049ea                syscall_handler
 *fill*         0x00000000c0004a0e        0x2 
 .text          0x00000000c0004a10       0x15 build/switch.o
                0x00000000c0004a10                switch_to
 .text          0x00000000c0004a25      0x1b2 build/tss.o
                0x00000000c0004a25                update_tss_esp
                0x00000000c0004ab6                tss_init
 *fill*         0x00000000c0004bd7        0x9 
 .text          0x00000000c0004be0      0x1bb build/print.o
                0x00000000c0004be0                set_cursor
                0x00000000c0004c04                put_char
                0x00000000c0004cd3                put_str
                0x00000000c0004cf1                put_int32
                0x00000000c0004d47                put_uint32_hex
 .text          0x00000000c0004d9b       0xe0 build/debug.o
                0x00000000c0004d9b                panic_spin
 .text          0x00000000c0004e7b      0x2d8 build/bitmap.o
                0x00000000c0004e7b                bitmap_init
                0x00000000c0004eae                bitmap_scan_test
                0x00000000c0004ef8                bitmap_scan
                0x00000000c0005041                bitmap_set
                0x00000000c00050f8                bitmap_get
 .text          0x00000000c0005153      0x4a6 build/string.o
                0x00000000c0005153                memset
                0x00000000c00051b9                memcpy
                0x00000000c000522b                memcmp
                0x00000000c00052c4                strcpy
                0x00000000c000532f                strcmp
                0x00000000c00053c4                strcat
                0x00000000c0005444                strchr
                0x00000000c00054b2                strrchr
                0x00000000c0005526                strchrs
                0x00000000c0005598                strlen
 .text          0x00000000c00055f9      0x2d5 build/list.o
                0x00000000c00055f9                list_init
                0x00000000c0005631                list_insert_before
                0x00000000c00056af                list_push
                0x00000000c00056d7                list_append
                0x00000000c00056ff                list_remove
                0x00000000c000577c                list_pop
                0x00000000c00057c1                list_isEmpty
                0x00000000c00057e4                list_len
                0x00000000c0005823                list_traversal
                0x00000000c0005889                have_elem
 .text          0x00000000c00058ce      0x2ec build/sync.o
                0x00000000c00058ce                sema_init
                0x00000000c0005908                lock_init
                0x00000000c0005942                sema_down
                0x00000000c0005a37                sema_up
                0x00000000c0005aaf                lock_acquire
                0x00000000c0005b37                lock_release
 .text          0x00000000c0005bba       0xa0 build/syscall.o
                0x00000000c0005bba                getpid
                0x00000000c0005bd9                write
                0x00000000c0005c0a                malloc
                0x00000000c0005c33                free
 .text          0x00000000c0005c5a       0xcd build/syscall-init.o
                0x00000000c0005c5a                sys_getpid
                0x00000000c0005c7d                sys_write
                0x00000000c0005cb0                syscall_init
 .text          0x00000000c0005d27      0x340 build/stdio.o
                0x00000000c0005db8                vsprintf
                0x00000000c0005f49                sprintf
                0x00000000c0005f83                printf
                0x00000000c0005fec                printk
 .text          0x00000000c0006067      0xe63 build/ide.o
                0x00000000c00063dd                ide_read
                0x00000000c0006541                ide_write
                0x00000000c0006c4d                intr_hd_handler
                0x00000000c0006d25                ide_init
 .text          0x00000000c0006eca      0x782 build/fs.o
                0x00000000c0007537                fs_init
 *(.gnu.warning)

.fini
 *(SORT_NONE(.fini))
                [!provide]                        PROVIDE (__etext = .)
                [!provide]                        PROVIDE (_etext = .)
                [!provide]                        PROVIDE (etext = .)

.rodata         0x00000000c000764c     0x10b3
 *(.rodata .rodata.* .gnu.linkonce.r.*)
 .rodata        0x00000000c000764c       0x42 build/main.o
 .rodata        0x00000000c000768e        0xa build/init.o
 .rodata        0x00000000c0007698       0x29 build/keyboard.o
 *fill*         0x00000000c00076c1        0x3 
 .rodata        0x00000000c00076c4       0x6b build/timer.o
 *fill*         0x00000000c000772f        0x1 
 .rodata        0x00000000c0007730       0xa8 build/ioqueue.o
 .rodata        0x00000000c00077d8      0x11c build/process.o
 .rodata        0x00000000c00078f4      0x2d9 build/interrupt.o
 *fill*         0x00000000c0007bcd        0x3 
 .rodata        0x00000000c0007bd0      0x251 build/memory.o
 *fill*         0x00000000c0007e21        0x3 
 .rodata        0x00000000c0007e24      0x263 build/thread.o
 .rodata        0x00000000c0008087       0x27 build/tss.o
 .rodata        0x00000000c00080ae       0x39 build/debug.o
 *fill*         0x00000000c00080e7        0x1 
 .rodata        0x00000000c00080e8       0x67 build/bitmap.o
 *fill*         0x00000000c000814f        0x1 
 .rodata        0x00000000c0008150       0xc3 build/string.o
 *fill*         0x00000000c0008213        0x1 
 .rodata        0x00000000c0008214       0x78 build/list.o
 .rodata        0x00000000c000828c       0xd9 build/sync.o
 .rodata        0x00000000c0008365       0x27 build/syscall-init.o
 .rodata        0x00000000c000838c      0x16d build/ide.o
 *fill*         0x00000000c00084f9        0x3 
 .rodata        0x00000000c00084fc      0x203 build/fs.o

.rodata1
 *(.rodata1)

.eh_frame_hdr
 *(.eh_frame_hdr)
 *(.eh_frame_entry .eh_frame_entry.*)

.eh_frame       0x00000000c0008700     0x14b4
 *(.eh_frame)
 .eh_frame      0x00000000c0008700       0xc4 build/main.o
 .eh_frame      0x00000000c00087c4       0x24 build/init.o
                                         0x50 (size before relaxing)
 .eh_frame      0x00000000c00087e8       0xec build/console.o
                                        0x118 (size before relaxing)
 .eh_frame      0x00000000c00088d4       0x68 build/keyboard.o
                                         0xa8 (size before relaxing)
 .eh_frame      0x00000000c000893c       0xd8 build/timer.o
                                        0x118 (size before relaxing)
 .eh_frame      0x00000000c0008a14      0x11c build/ioqueue.o
                                        0x15c (size before relaxing)
 .eh_frame      0x00000000c0008b30       0xd8 build/process.o
                                        0x118 (size before relaxing)
 .eh_frame      0x00000000c0008c08      0x1a0 build/interrupt.o
                                        0x1e0 (size before relaxing)
 .eh_frame      0x00000000c0008da8      0x304 build/memory.o
                                        0x344 (size before relaxing)
 .eh_frame      0x00000000c00090ac      0x1d4 build/thread.o
                                        0x214 (size before relaxing)
 .eh_frame      0x00000000c0009280       0x6c build/tss.o
                                         0xac (size before relaxing)
 .eh_frame      0x00000000c00092ec       0x1c build/debug.o
                                         0x48 (size before relaxing)
 .eh_frame      0x00000000c0009308       0xb0 build/bitmap.o
                                         0xdc (size before relaxing)
 .eh_frame      0x00000000c00093b8      0x168 build/string.o
                                        0x194 (size before relaxing)
 .eh_frame      0x00000000c0009520      0x148 build/list.o
                                        0x188 (size before relaxing)
 .eh_frame      0x00000000c0009668       0xd4 build/sync.o
                                        0x114 (size before relaxing)
 .eh_frame      0x00000000c000973c       0x8c build/syscall.o
                                         0xb8 (size before relaxing)
 .eh_frame      0x00000000c00097c8       0x6c build/syscall-init.o
                                         0xac (size before relaxing)
 .eh_frame      0x00000000c0009834       0xb8 build/stdio.o
                                         0xf8 (size before relaxing)
 .eh_frame      0x00000000c00098ec      0x280 build/ide.o
                                        0x2c0 (size before relaxing)
 .eh_frame      0x00000000c0009b6c       0x48 build/fs.o
                                         0x74 (size before relaxing)
 *(.eh_frame.*)

.gcc_except_table
 *(.gcc_except_table .gcc_except_table.*)

.gnu_extab
 *(.gnu_extab*)

.exception_ranges
 *(.exception_ranges .exception_ranges*)
                0x00000000c000b000                . = DATA_SEGMENT_ALIGN (CONSTANT (MAXPAGESIZE), CONSTANT (COMMONPAGESIZE))

.eh_frame
 *(.eh_frame)
 *(.eh_frame.*)

.gnu_extab
 *(.gnu_extab)

.gcc_except_table
 *(.gcc_except_table .gcc_except_table.*)

.exception_ranges
 *(.exception_ranges .exception_ranges*)

.tdata
 *(.tdata .tdata.* .gnu.linkonce.td.*)

.tbss
 *(.tbss .tbss.* .gnu.linkonce.tb.*)
 *(.tcommon)

.preinit_array  0x00000000c000b000        0x0
                [!provide]                        PROVIDE (__preinit_array_start = .)
 *(.preinit_array)
                [!provide]                        PROVIDE (__preinit_array_end = .)

.init_array     0x00000000c000b000        0x0
                [!provide]                        PROVIDE (__init_array_start = .)
 *(SORT_BY_INIT_PRIORITY(.init_array.*) SORT_BY_INIT_PRIORITY(.ctors.*))
 *(.init_array EXCLUDE_FILE(*crtend?.o *crtend.o *crtbegin?.o *crtbegin.o) .ctors)
                [!provide]                        PROVIDE (__init_array_end = .)

.fini_array     0x00000000c000b000        0x0
                [!provide]                        PROVIDE (__fini_array_start = .)
 *(SORT_BY_INIT_PRIORITY(.fini_array.*) SORT_BY_INIT_PRIORITY(.dtors.*))
 *(.fini_array EXCLUDE_FILE(*crtend?.o *crtend.o *crtbegin?.o *crtbegin.o) .dtors)
                [!provide]                        PROVIDE (__fini_array_end = .)

.ctors
 *crtbegin.o(.ctors)
 *crtbegin?.o(.ctors)
 *(EXCLUDE_FILE(*crtend?.o *crtend.o) .ctors)
 *(SORT_BY_NAME(.ctors.*))
 *(.ctors)

.dtors
 *crtbegin.o(.dtors)
 *crtbegin?.o(.dtors)
 *(EXCLUDE_FILE(*crtend?.o *crtend.o) .dtors)
 *(SORT_BY_NAME(.dtors.*))
 *(.dtors)

.jcr
 *(.jcr)

.data.rel.ro
 *(.data.rel.ro.local* .gnu.linkonce.d.rel.ro.local.*)
 *(.data.rel.ro .data.rel.ro.* .gnu.linkonce.d.rel.ro.*)

.dynamic
 *(.dynamic)

.got            0x00000000c000b000        0x0
 *(.got)
 .got           0x00000000c000b000        0x0 build/main.o
 *(.igot)
                0x00000000c000bff4                . = DATA_SEGMENT_RELRO_END (., (SIZEOF (.got.plt) >= 0xc)?0xc:0x0)

.got.plt        0x00000000c000b000        0xc
 *(.got.plt)
 .got.plt       0x00000000c000b000        0xc build/main.o
                0x00000000c000b000                _GLOBAL_OFFSET_TABLE_
 *(.igot.plt)
 .igot.plt      0x00000000c000b00c        0x0 build/main.o

.data           0x00000000c000b020      0x163
 *(.data .data.* .gnu.linkonce.d.*)
 .data          0x00000000c000b020        0x0 build/main.o
 .data          0x00000000c000b020        0x0 build/init.o
 .data          0x00000000c000b020        0x0 build/console.o
 .data          0x00000000c000b020       0x8e build/keyboard.o
 .data          0x00000000c000b0ae        0x0 build/timer.o
 .data          0x00000000c000b0ae        0x0 build/ioqueue.o
 .data          0x00000000c000b0ae        0x0 build/process.o
 .data          0x00000000c000b0ae        0x0 build/interrupt.o
 .data          0x00000000c000b0ae        0x0 build/memory.o
 .data          0x00000000c000b0ae        0x0 build/thread.o
 *fill*         0x00000000c000b0ae        0x2 
 .data          0x00000000c000b0b0       0xd3 build/kernel.o
                0x00000000c000b0c3                intr_entry_table
 .data          0x00000000c000b183        0x0 build/tss.o
 .data          0x00000000c000b183        0x0 build/debug.o
 .data          0x00000000c000b183        0x0 build/bitmap.o
 .data          0x00000000c000b183        0x0 build/string.o
 .data          0x00000000c000b183        0x0 build/list.o
 .data          0x00000000c000b183        0x0 build/sync.o
 .data          0x00000000c000b183        0x0 build/syscall.o
 .data          0x00000000c000b183        0x0 build/syscall-init.o
 .data          0x00000000c000b183        0x0 build/stdio.o
 .data          0x00000000c000b183        0x0 build/ide.o
 .data          0x00000000c000b183        0x0 build/fs.o

.data1
 *(.data1)
                0x00000000c000b183                _edata = .
                [!provide]                        PROVIDE (edata = .)
                0x00000000c000b183                . = .
                0x00000000c000b183                __bss_start = .

.bss            0x00000000c000b1a0     0x18a0
 *(.dynbss)
 *(.bss .bss.* .gnu.linkonce.b.*)
 .bss           0x00000000c000b1a0        0x0 build/main.o
 .bss           0x00000000c000b1a0        0x0 build/init.o
 .bss           0x00000000c000b1a0       0x1c build/console.o
 .bss           0x00000000c000b1bc        0x5 build/keyboard.o
 *fill*         0x00000000c000b1c1        0x3 
 .bss           0x00000000c000b1c4        0x4 build/timer.o
                0x00000000c000b1c4                ticks
 .bss           0x00000000c000b1c8        0x0 build/ioqueue.o
 .bss           0x00000000c000b1c8        0x0 build/process.o
 *fill*         0x00000000c000b1c8       0x18 
 .bss           0x00000000c000b1e0      0x408 build/interrupt.o
 .bss           0x00000000c000b5e8        0x0 build/memory.o
 .bss           0x00000000c000b5e8        0x6 build/thread.o
 *fill*         0x00000000c000b5ee       0x12 
 .bss           0x00000000c000b600       0x6c build/tss.o
 .bss           0x00000000c000b66c        0x0 build/debug.o
 .bss           0x00000000c000b66c        0x0 build/bitmap.o
 .bss           0x00000000c000b66c        0x0 build/string.o
 .bss           0x00000000c000b66c        0x0 build/list.o
 .bss           0x00000000c000b66c        0x0 build/sync.o
 .bss           0x00000000c000b66c        0x0 build/syscall.o
 .bss           0x00000000c000b66c        0x0 build/syscall-init.o
 .bss           0x00000000c000b66c        0x0 build/stdio.o
 .bss           0x00000000c000b66c        0x7 build/ide.o
 .bss           0x00000000c000b673        0x0 build/fs.o
 *(COMMON)
 *fill*         0x00000000c000b673        0xd 
 COMMON         0x00000000c000b680       0x6c build/keyboard.o
                0x00000000c000b680                kbd_buf
 *fill*         0x00000000c000b6ec       0x14 
 COMMON         0x00000000c000b700      0x424 build/interrupt.o
                0x00000000c000b700                intr_name
                0x00000000c000b920                idt_table
 *fill*         0x00000000c000bb24       0x1c 
 COMMON         0x00000000c000bb40      0x12c build/memory.o
                0x00000000c000bb40                user_pool
                0x00000000c000bb80                k_block_descs
                0x00000000c000bc28                kernel_vaddr
                0x00000000c000bc40                kernel_pool
 COMMON         0x00000000c000bc6c       0x44 build/thread.o
                0x00000000c000bc6c                thread_ready_list
                0x00000000c000bc7c                thread_all_list
                0x00000000c000bc8c                idle_thread
                0x00000000c000bc90                main_thread
                0x00000000c000bc94                pid_lock
 *fill*         0x00000000c000bcb0       0x10 
 COMMON         0x00000000c000bcc0       0x80 build/syscall-init.o
                0x00000000c000bcc0                syscall_table
 COMMON         0x00000000c000bd40      0xd00 build/ide.o
                0x00000000c000bd40                channel_cnt
                0x00000000c000bd60                channels
                0x00000000c000ca30                partition_list
                0x00000000c000ca40                . = ALIGN ((. != 0x0)?0x4:0x1)
                0x00000000c000ca40                . = ALIGN (0x4)
                0x00000000c000ca40                . = SEGMENT_START ("ldata-segment", .)
                0x00000000c000ca40                . = ALIGN (0x4)
                0x00000000c000ca40                _end = .
                [!provide]                        PROVIDE (end = .)
                0x00000000c000ca40                . = DATA_SEGMENT_END (.)

.stab
 *(.stab)

.stabstr
 *(.stabstr)

.stab.excl
 *(.stab.excl)

.stab.exclstr
 *(.stab.exclstr)

.stab.index
 *(.stab.index)

.stab.indexstr
 *(.stab.indexstr)

.comment        0x0000000000000000       0x1d
 *(.comment)
 .comment       0x0000000000000000       0x1d build/main.o
                                         0x1e (size before relaxing)
 .comment       0x000000000000001d       0x1e build/init.o
 .comment       0x000000000000001d       0x1e build/console.o
 .comment       0x000000000000001d       0x1e build/keyboard.o
 .comment       0x000000000000001d       0x1e build/timer.o
 .comment       0x000000000000001d       0x1e build/ioqueue.o
 .comment       0x000000000000001d       0x1e build/process.o
 .comment       0x000000000000001d       0x1e build/interrupt.o
 .comment       0x000000000000001d       0x1e build/memory.o
 .comment       0x000000000000001d       0x1e build/thread.o
 .comment       0x000000000000001d       0x1e build/tss.o
 .comment       0x000000000000001d       0x1e build/debug.o
 .comment       0x000000000000001d       0x1e build/bitmap.o
 .comment       0x000000000000001d       0x1e build/string.o
 .comment       0x000000000000001d       0x1e build/list.o
 .comment       0x000000000000001d       0x1e build/sync.o
 .comment       0x000000000000001d       0x1e build/syscall.o
 .comment       0x000000000000001d       0x1e build/syscall-init.o
 .comment       0x000000000000001d       0x1e build/stdio.o
 .comment       0x000000000000001d       0x1e build/ide.o
 .comment       0x000000000000001d       0x1e build/fs.o

.debug
 *(.debug)

.line
 *(.line)

.debug_srcinfo
 *(.debug_srcinfo)

.debug_sfnames
 *(.debug_sfnames)

.debug_aranges
 *(.debug_aranges)

.debug_pubnames
 *(.debug_pubnames)

.debug_info
 *(.debug_info .gnu.linkonce.wi.*)

.debug_abbrev
 *(.debug_abbrev)

.debug_line
 *(.debug_line .debug_line.* .debug_line_end)

.debug_frame
 *(.debug_frame)

.debug_str
 *(.debug_str)

.debug_loc
 *(.debug_loc)

.debug_macinfo
 *(.debug_macinfo)

.debug_weaknames
 *(.debug_weaknames)

.debug_funcnames
 *(.debug_funcnames)

.debug_typenames
 *(.debug_typenames)

.debug_varnames
 *(.debug_varnames)

.debug_pubtypes
 *(.debug_pubtypes)

.debug_ranges
 *(.debug_ranges)

.debug_macro
 *(.debug_macro)

.debug_addr
 *(.debug_addr)

.gnu.attributes
 *(.gnu.attributes)

/DISCARD/
 *(.note.GNU-stack)
 *(.gnu_debuglink)
 *(.gnu.lto_*)
OUTPUT(build/kernel.bin elf32-i386)
