
Allocating common symbols
Common symbol       size              file

thread_ready_list   0x10              build/thread.o
thread_all_list     0x10              build/thread.o
user_pool           0x10              build/memory.o
intr_name           0x84              build/interrupt.o
main_thread         0x4               build/thread.o
kernel_vaddr        0xc               build/memory.o
idt_table           0x84              build/interrupt.o
kernel_pool         0x10              build/memory.o

Discarded input sections

 .group         0x0000000000000000        0x8 build/main.o
 .note.GNU-stack
                0x0000000000000000        0x0 build/main.o
 .group         0x0000000000000000        0x8 build/init.o
 .text.__x86.get_pc_thunk.bx
                0x0000000000000000        0x4 build/init.o
 .note.GNU-stack
                0x0000000000000000        0x0 build/init.o
 .group         0x0000000000000000        0x8 build/interrupt.o
 .group         0x0000000000000000        0x8 build/interrupt.o
 .text.__x86.get_pc_thunk.bx
                0x0000000000000000        0x4 build/interrupt.o
 .note.GNU-stack
                0x0000000000000000        0x0 build/interrupt.o
 .group         0x0000000000000000        0x8 build/memory.o
 .group         0x0000000000000000        0x8 build/memory.o
 .text.__x86.get_pc_thunk.ax
                0x0000000000000000        0x4 build/memory.o
 .text.__x86.get_pc_thunk.bx
                0x0000000000000000        0x4 build/memory.o
 .note.GNU-stack
                0x0000000000000000        0x0 build/memory.o
 .group         0x0000000000000000        0x8 build/timer.o
 .group         0x0000000000000000        0x8 build/timer.o
 .text.__x86.get_pc_thunk.ax
                0x0000000000000000        0x4 build/timer.o
 .text.__x86.get_pc_thunk.bx
                0x0000000000000000        0x4 build/timer.o
 .note.GNU-stack
                0x0000000000000000        0x0 build/timer.o
 .group         0x0000000000000000        0x8 build/thread.o
 .group         0x0000000000000000        0x8 build/thread.o
 .group         0x0000000000000000        0x8 build/thread.o
 .text.__x86.get_pc_thunk.ax
                0x0000000000000000        0x4 build/thread.o
 .text.__x86.get_pc_thunk.bx
                0x0000000000000000        0x4 build/thread.o
 .note.GNU-stack
                0x0000000000000000        0x0 build/thread.o
 .group         0x0000000000000000        0x8 build/debug.o
 .text.__x86.get_pc_thunk.bx
                0x0000000000000000        0x4 build/debug.o
 .note.GNU-stack
                0x0000000000000000        0x0 build/debug.o
 .group         0x0000000000000000        0x8 build/bitmap.o
 .text.__x86.get_pc_thunk.ax
                0x0000000000000000        0x4 build/bitmap.o
 .note.GNU-stack
                0x0000000000000000        0x0 build/bitmap.o
 .group         0x0000000000000000        0x8 build/string.o
 .text.__x86.get_pc_thunk.ax
                0x0000000000000000        0x4 build/string.o
 .note.GNU-stack
                0x0000000000000000        0x0 build/string.o
 .group         0x0000000000000000        0x8 build/list.o
 .group         0x0000000000000000        0x8 build/list.o
 .text.__x86.get_pc_thunk.ax
                0x0000000000000000        0x4 build/list.o
 .text.__x86.get_pc_thunk.bx
                0x0000000000000000        0x4 build/list.o
 .note.GNU-stack
                0x0000000000000000        0x0 build/list.o
 .group         0x0000000000000000        0x8 build/sync.o
 .group         0x0000000000000000        0x8 build/sync.o
 .text.__x86.get_pc_thunk.ax
                0x0000000000000000        0x4 build/sync.o
 .text.__x86.get_pc_thunk.bx
                0x0000000000000000        0x4 build/sync.o
 .note.GNU-stack
                0x0000000000000000        0x0 build/sync.o

Memory Configuration

Name             Origin             Length             Attributes
*default*        0x0000000000000000 0xffffffffffffffff

Linker script and memory map

Address of section .text set to 0xc0001500
LOAD build/main.o
LOAD build/init.o
LOAD build/interrupt.o
LOAD build/memory.o
LOAD build/timer.o
LOAD build/thread.o
LOAD build/kernel.o
LOAD build/switch.o
LOAD build/print.o
LOAD build/debug.o
LOAD build/bitmap.o
LOAD build/string.o
LOAD build/list.o
LOAD build/sync.o
                [!provide]                        PROVIDE (__executable_start = SEGMENT_START ("text-segment", 0x8048000))
                0x0000000008048094                . = (SEGMENT_START ("text-segment", 0x8048000) + SIZEOF_HEADERS)

.interp
 *(.interp)

.note.gnu.build-id
 *(.note.gnu.build-id)

.hash
 *(.hash)

.gnu.hash
 *(.gnu.hash)

.dynsym
 *(.dynsym)

.dynstr
 *(.dynstr)

.gnu.version
 *(.gnu.version)

.gnu.version_d
 *(.gnu.version_d)

.gnu.version_r
 *(.gnu.version_r)

.rel.dyn        0x0000000008048094        0x0
 *(.rel.init)
 *(.rel.text .rel.text.* .rel.gnu.linkonce.t.*)
 .rel.text      0x0000000008048094        0x0 build/main.o
 *(.rel.fini)
 *(.rel.rodata .rel.rodata.* .rel.gnu.linkonce.r.*)
 *(.rel.data.rel.ro .rel.data.rel.ro.* .rel.gnu.linkonce.d.rel.ro.*)
 *(.rel.data .rel.data.* .rel.gnu.linkonce.d.*)
 *(.rel.tdata .rel.tdata.* .rel.gnu.linkonce.td.*)
 *(.rel.tbss .rel.tbss.* .rel.gnu.linkonce.tb.*)
 *(.rel.ctors)
 *(.rel.dtors)
 *(.rel.got)
 .rel.got       0x0000000008048094        0x0 build/main.o
 *(.rel.bss .rel.bss.* .rel.gnu.linkonce.b.*)
 *(.rel.ifunc)

.rel.plt        0x0000000008048094        0x0
 *(.rel.plt)
                [!provide]                        PROVIDE (__rel_iplt_start = .)
 *(.rel.iplt)
 .rel.iplt      0x0000000008048094        0x0 build/main.o
                [!provide]                        PROVIDE (__rel_iplt_end = .)

.init
 *(SORT_NONE(.init))

.plt            0x0000000008048098        0x0
 *(.plt)
 *(.iplt)
 .iplt          0x0000000008048098        0x0 build/main.o

.plt.got
 *(.plt.got)

.plt.sec
 *(.plt.sec)

.text           0x00000000c0001500     0x264c
 *(.text.unlikely .text.*_unlikely .text.unlikely.*)
 *(.text.exit .text.exit.*)
 *(.text.startup .text.startup.*)
 *(.text.hot .text.hot.*)
 *(.text .stub .text.* .gnu.linkonce.t.*)
 .text          0x00000000c0001500       0xca build/main.o
                0x00000000c0001500                thread1
                0x00000000c0001526                thread2
                0x00000000c000154c                main
 .text.__x86.get_pc_thunk.bx
                0x00000000c00015ca        0x4 build/main.o
                0x00000000c00015ca                __x86.get_pc_thunk.bx
 .text          0x00000000c00015ce       0x3e build/init.o
                0x00000000c00015ce                init_all
 .text          0x00000000c000160c      0x51f build/interrupt.o
                0x00000000c00019eb                idt_init
                0x00000000c0001a53                intr_enable
                0x00000000c0001a83                intr_disable
                0x00000000c0001ab3                intr_set_status
                0x00000000c0001adb                intr_get_status
                0x00000000c0001b02                register_handler
 .text.__x86.get_pc_thunk.ax
                0x00000000c0001b2b        0x4 build/interrupt.o
                0x00000000c0001b2b                __x86.get_pc_thunk.ax
 .text          0x00000000c0001b2f      0x5de build/memory.o
                0x00000000c0001d54                mem_init
                0x00000000c0001da8                pde_ptr
                0x00000000c0001dc5                pte_ptr
                0x00000000c000202a                malloc_page
                0x00000000c00020c3                get_kernel_pages
 .text          0x00000000c000210d      0x1b7 build/timer.o
                0x00000000c000225c                timer_init
 .text          0x00000000c00022c4      0x6c5 build/thread.o
                0x00000000c00022c4                running_thread
                0x00000000c000230f                thread_create
                0x00000000c0002393                init_thread
                0x00000000c0002438                thread_start
                0x00000000c00025d7                schedule
                0x00000000c0002768                thread_block
                0x00000000c00027dd                thread_unblock
                0x00000000c0002924                thread_init
 .text.__x86.get_pc_thunk.dx
                0x00000000c0002989        0x4 build/thread.o
                0x00000000c0002989                __x86.get_pc_thunk.dx
 *fill*         0x00000000c000298d        0x3 
 .text          0x00000000c0002990      0x396 build/kernel.o
                0x00000000c0002990                intr_exit
 *fill*         0x00000000c0002d26        0xa 
 .text          0x00000000c0002d30       0x15 build/switch.o
                0x00000000c0002d30                switch_to
 *fill*         0x00000000c0002d45        0xb 
 .text          0x00000000c0002d50      0x1bb build/print.o
                0x00000000c0002d50                set_cursor
                0x00000000c0002d74                put_char
                0x00000000c0002e43                put_str
                0x00000000c0002e61                put_int32
                0x00000000c0002eb7                put_uint32_hex
 .text          0x00000000c0002f0b       0xe0 build/debug.o
                0x00000000c0002f0b                panic_spin
 .text          0x00000000c0002feb      0x27d build/bitmap.o
                0x00000000c0002feb                bitmap_init
                0x00000000c000301e                bitmap_scan_test
                0x00000000c0003068                bitmap_scan
                0x00000000c00031b1                bitmap_set
 .text          0x00000000c0003268      0x4a6 build/string.o
                0x00000000c0003268                memset
                0x00000000c00032ce                memcpy
                0x00000000c0003340                memcmp
                0x00000000c00033d9                strcpy
                0x00000000c0003444                strcmp
                0x00000000c00034d9                strcat
                0x00000000c0003559                strchr
                0x00000000c00035c7                strrchr
                0x00000000c000363b                strchrs
                0x00000000c00036ad                strlen
 .text          0x00000000c000370e      0x2d5 build/list.o
                0x00000000c000370e                list_init
                0x00000000c0003746                list_insert_before
                0x00000000c00037c4                list_push
                0x00000000c00037ec                list_append
                0x00000000c0003814                list_remove
                0x00000000c0003891                list_pop
                0x00000000c00038d6                list_isEmpty
                0x00000000c00038f9                list_len
                0x00000000c0003938                list_traversal
                0x00000000c000399e                have_elem
 .text          0x00000000c00039e3      0x169 build/sync.o
                0x00000000c00039e3                sema_init
                0x00000000c0003a1d                lock_init
                0x00000000c0003a57                sema_down
 *(.gnu.warning)

.fini
 *(SORT_NONE(.fini))
                [!provide]                        PROVIDE (__etext = .)
                [!provide]                        PROVIDE (_etext = .)
                [!provide]                        PROVIDE (etext = .)

.rodata         0x00000000c0003b4c      0x962
 *(.rodata .rodata.* .gnu.linkonce.r.*)
 .rodata        0x00000000c0003b4c       0x39 build/main.o
 .rodata        0x00000000c0003b85        0xa build/init.o
 *fill*         0x00000000c0003b8f        0x1 
 .rodata        0x00000000c0003b90      0x2c1 build/interrupt.o
 *fill*         0x00000000c0003e51        0x3 
 .rodata        0x00000000c0003e54      0x10f build/memory.o
 *fill*         0x00000000c0003f63        0x1 
 .rodata        0x00000000c0003f64       0x6b build/timer.o
 *fill*         0x00000000c0003fcf        0x1 
 .rodata        0x00000000c0003fd0      0x283 build/thread.o
 .rodata        0x00000000c0004253       0x39 build/debug.o
 .rodata        0x00000000c000428c       0x67 build/bitmap.o
 *fill*         0x00000000c00042f3        0x1 
 .rodata        0x00000000c00042f4       0xc3 build/string.o
 *fill*         0x00000000c00043b7        0x1 
 .rodata        0x00000000c00043b8       0x78 build/list.o
 .rodata        0x00000000c0004430       0x7e build/sync.o

.rodata1
 *(.rodata1)

.eh_frame_hdr
 *(.eh_frame_hdr)
 *(.eh_frame_entry .eh_frame_entry.*)

.eh_frame       0x00000000c00044b0      0x960
 *(.eh_frame)
 .eh_frame      0x00000000c00044b0       0x8c build/main.o
 .eh_frame      0x00000000c000453c       0x24 build/init.o
                                         0x50 (size before relaxing)
 .eh_frame      0x00000000c0004560      0x1ac build/interrupt.o
                                        0x1d8 (size before relaxing)
 .eh_frame      0x00000000c000470c      0x138 build/memory.o
                                        0x178 (size before relaxing)
 .eh_frame      0x00000000c0004844       0x94 build/timer.o
                                         0xd4 (size before relaxing)
 .eh_frame      0x00000000c00048d8      0x174 build/thread.o
                                        0x1b4 (size before relaxing)
 .eh_frame      0x00000000c0004a4c       0x1c build/debug.o
                                         0x48 (size before relaxing)
 .eh_frame      0x00000000c0004a68       0x90 build/bitmap.o
                                         0xbc (size before relaxing)
 .eh_frame      0x00000000c0004af8      0x168 build/string.o
                                        0x194 (size before relaxing)
 .eh_frame      0x00000000c0004c60      0x148 build/list.o
                                        0x188 (size before relaxing)
 .eh_frame      0x00000000c0004da8       0x68 build/sync.o
                                         0xa8 (size before relaxing)
 *(.eh_frame.*)

.gcc_except_table
 *(.gcc_except_table .gcc_except_table.*)

.gnu_extab
 *(.gnu_extab*)

.exception_ranges
 *(.exception_ranges .exception_ranges*)
                0x00000000c0006000                . = DATA_SEGMENT_ALIGN (CONSTANT (MAXPAGESIZE), CONSTANT (COMMONPAGESIZE))

.eh_frame
 *(.eh_frame)
 *(.eh_frame.*)

.gnu_extab
 *(.gnu_extab)

.gcc_except_table
 *(.gcc_except_table .gcc_except_table.*)

.exception_ranges
 *(.exception_ranges .exception_ranges*)

.tdata
 *(.tdata .tdata.* .gnu.linkonce.td.*)

.tbss
 *(.tbss .tbss.* .gnu.linkonce.tb.*)
 *(.tcommon)

.preinit_array  0x00000000c0006000        0x0
                [!provide]                        PROVIDE (__preinit_array_start = .)
 *(.preinit_array)
                [!provide]                        PROVIDE (__preinit_array_end = .)

.init_array     0x00000000c0006000        0x0
                [!provide]                        PROVIDE (__init_array_start = .)
 *(SORT_BY_INIT_PRIORITY(.init_array.*) SORT_BY_INIT_PRIORITY(.ctors.*))
 *(.init_array EXCLUDE_FILE(*crtend?.o *crtend.o *crtbegin?.o *crtbegin.o) .ctors)
                [!provide]                        PROVIDE (__init_array_end = .)

.fini_array     0x00000000c0006000        0x0
                [!provide]                        PROVIDE (__fini_array_start = .)
 *(SORT_BY_INIT_PRIORITY(.fini_array.*) SORT_BY_INIT_PRIORITY(.dtors.*))
 *(.fini_array EXCLUDE_FILE(*crtend?.o *crtend.o *crtbegin?.o *crtbegin.o) .dtors)
                [!provide]                        PROVIDE (__fini_array_end = .)

.ctors
 *crtbegin.o(.ctors)
 *crtbegin?.o(.ctors)
 *(EXCLUDE_FILE(*crtend?.o *crtend.o) .ctors)
 *(SORT_BY_NAME(.ctors.*))
 *(.ctors)

.dtors
 *crtbegin.o(.dtors)
 *crtbegin?.o(.dtors)
 *(EXCLUDE_FILE(*crtend?.o *crtend.o) .dtors)
 *(SORT_BY_NAME(.dtors.*))
 *(.dtors)

.jcr
 *(.jcr)

.data.rel.ro
 *(.data.rel.ro.local* .gnu.linkonce.d.rel.ro.local.*)
 *(.data.rel.ro .data.rel.ro.* .gnu.linkonce.d.rel.ro.*)

.dynamic
 *(.dynamic)

.got            0x00000000c0006000        0x0
 *(.got)
 .got           0x00000000c0006000        0x0 build/main.o
 *(.igot)
                0x00000000c0006ff4                . = DATA_SEGMENT_RELRO_END (., (SIZEOF (.got.plt) >= 0xc)?0xc:0x0)

.got.plt        0x00000000c0006000        0xc
 *(.got.plt)
 .got.plt       0x00000000c0006000        0xc build/main.o
                0x00000000c0006000                _GLOBAL_OFFSET_TABLE_
 *(.igot.plt)
 .igot.plt      0x00000000c000600c        0x0 build/main.o

.data           0x00000000c000600c       0x97
 *(.data .data.* .gnu.linkonce.d.*)
 .data          0x00000000c000600c        0x0 build/main.o
 .data          0x00000000c000600c        0x0 build/init.o
 .data          0x00000000c000600c        0x0 build/interrupt.o
 .data          0x00000000c000600c        0x0 build/memory.o
 .data          0x00000000c000600c        0x0 build/timer.o
 .data          0x00000000c000600c        0x0 build/thread.o
 .data          0x00000000c000600c       0x97 build/kernel.o
                0x00000000c000601f                intr_entry_table
 .data          0x00000000c00060a3        0x0 build/debug.o
 .data          0x00000000c00060a3        0x0 build/bitmap.o
 .data          0x00000000c00060a3        0x0 build/string.o
 .data          0x00000000c00060a3        0x0 build/list.o
 .data          0x00000000c00060a3        0x0 build/sync.o

.data1
 *(.data1)
                0x00000000c00060a3                _edata = .
                [!provide]                        PROVIDE (edata = .)
                0x00000000c00060a3                . = .
                0x00000000c00060a3                __bss_start = .

.bss            0x00000000c00060c0      0x294
 *(.dynbss)
 *(.bss .bss.* .gnu.linkonce.b.*)
 .bss           0x00000000c00060c0        0x0 build/main.o
 .bss           0x00000000c00060c0        0x0 build/init.o
 .bss           0x00000000c00060c0      0x108 build/interrupt.o
 .bss           0x00000000c00061c8        0x0 build/memory.o
 .bss           0x00000000c00061c8        0x4 build/timer.o
                0x00000000c00061c8                ticks
 .bss           0x00000000c00061cc        0x4 build/thread.o
 .bss           0x00000000c00061d0        0x0 build/debug.o
 .bss           0x00000000c00061d0        0x0 build/bitmap.o
 .bss           0x00000000c00061d0        0x0 build/string.o
 .bss           0x00000000c00061d0        0x0 build/list.o
 .bss           0x00000000c00061d0        0x0 build/sync.o
 *(COMMON)
 *fill*         0x00000000c00061d0       0x10 
 COMMON         0x00000000c00061e0      0x124 build/interrupt.o
                0x00000000c00061e0                intr_name
                0x00000000c0006280                idt_table
 COMMON         0x00000000c0006304       0x2c build/memory.o
                0x00000000c0006304                user_pool
                0x00000000c0006314                kernel_vaddr
                0x00000000c0006320                kernel_pool
 COMMON         0x00000000c0006330       0x24 build/thread.o
                0x00000000c0006330                thread_ready_list
                0x00000000c0006340                thread_all_list
                0x00000000c0006350                main_thread
                0x00000000c0006354                . = ALIGN ((. != 0x0)?0x4:0x1)
                0x00000000c0006354                . = ALIGN (0x4)
                0x00000000c0006354                . = SEGMENT_START ("ldata-segment", .)
                0x00000000c0006354                . = ALIGN (0x4)
                0x00000000c0006354                _end = .
                [!provide]                        PROVIDE (end = .)
                0x00000000c0006354                . = DATA_SEGMENT_END (.)

.stab
 *(.stab)

.stabstr
 *(.stabstr)

.stab.excl
 *(.stab.excl)

.stab.exclstr
 *(.stab.exclstr)

.stab.index
 *(.stab.index)

.stab.indexstr
 *(.stab.indexstr)

.comment        0x0000000000000000       0x1d
 *(.comment)
 .comment       0x0000000000000000       0x1d build/main.o
                                         0x1e (size before relaxing)
 .comment       0x000000000000001d       0x1e build/init.o
 .comment       0x000000000000001d       0x1e build/interrupt.o
 .comment       0x000000000000001d       0x1e build/memory.o
 .comment       0x000000000000001d       0x1e build/timer.o
 .comment       0x000000000000001d       0x1e build/thread.o
 .comment       0x000000000000001d       0x1e build/debug.o
 .comment       0x000000000000001d       0x1e build/bitmap.o
 .comment       0x000000000000001d       0x1e build/string.o
 .comment       0x000000000000001d       0x1e build/list.o
 .comment       0x000000000000001d       0x1e build/sync.o

.debug
 *(.debug)

.line
 *(.line)

.debug_srcinfo
 *(.debug_srcinfo)

.debug_sfnames
 *(.debug_sfnames)

.debug_aranges
 *(.debug_aranges)

.debug_pubnames
 *(.debug_pubnames)

.debug_info
 *(.debug_info .gnu.linkonce.wi.*)

.debug_abbrev
 *(.debug_abbrev)

.debug_line
 *(.debug_line .debug_line.* .debug_line_end)

.debug_frame
 *(.debug_frame)

.debug_str
 *(.debug_str)

.debug_loc
 *(.debug_loc)

.debug_macinfo
 *(.debug_macinfo)

.debug_weaknames
 *(.debug_weaknames)

.debug_funcnames
 *(.debug_funcnames)

.debug_typenames
 *(.debug_typenames)

.debug_varnames
 *(.debug_varnames)

.debug_pubtypes
 *(.debug_pubtypes)

.debug_ranges
 *(.debug_ranges)

.debug_macro
 *(.debug_macro)

.debug_addr
 *(.debug_addr)

.gnu.attributes
 *(.gnu.attributes)

/DISCARD/
 *(.note.GNU-stack)
 *(.gnu_debuglink)
 *(.gnu.lto_*)
OUTPUT(build/kernel.bin elf32-i386)
