
Allocating common symbols
Common symbol       size              file

kbd_buf             0x6c              build/keyboard.o
thread_ready_list   0x10              build/thread.o
thread_all_list     0x10              build/thread.o
user_pool           0x10              build/memory.o
intr_name           0xc0              build/interrupt.o
main_thread         0x4               build/thread.o
kernel_vaddr        0xc               build/memory.o
idt_table           0xc0              build/interrupt.o
kernel_pool         0x10              build/memory.o

Discarded input sections

 .group         0x0000000000000000        0x8 build/main.o
 .note.GNU-stack
                0x0000000000000000        0x0 build/main.o
 .group         0x0000000000000000        0x8 build/init.o
 .text.__x86.get_pc_thunk.bx
                0x0000000000000000        0x4 build/init.o
 .note.GNU-stack
                0x0000000000000000        0x0 build/init.o
 .group         0x0000000000000000        0x8 build/console.o
 .group         0x0000000000000000        0x8 build/console.o
 .text.__x86.get_pc_thunk.bx
                0x0000000000000000        0x4 build/console.o
 .note.GNU-stack
                0x0000000000000000        0x0 build/console.o
 .group         0x0000000000000000        0x8 build/keyboard.o
 .group         0x0000000000000000        0x8 build/keyboard.o
 .text.__x86.get_pc_thunk.ax
                0x0000000000000000        0x4 build/keyboard.o
 .text.__x86.get_pc_thunk.bx
                0x0000000000000000        0x4 build/keyboard.o
 .note.GNU-stack
                0x0000000000000000        0x0 build/keyboard.o
 .group         0x0000000000000000        0x8 build/timer.o
 .group         0x0000000000000000        0x8 build/timer.o
 .text.__x86.get_pc_thunk.ax
                0x0000000000000000        0x4 build/timer.o
 .text.__x86.get_pc_thunk.bx
                0x0000000000000000        0x4 build/timer.o
 .note.GNU-stack
                0x0000000000000000        0x0 build/timer.o
 .group         0x0000000000000000        0x8 build/ioqueue.o
 .group         0x0000000000000000        0x8 build/ioqueue.o
 .text.__x86.get_pc_thunk.ax
                0x0000000000000000        0x4 build/ioqueue.o
 .text.__x86.get_pc_thunk.bx
                0x0000000000000000        0x4 build/ioqueue.o
 .note.GNU-stack
                0x0000000000000000        0x0 build/ioqueue.o
 .group         0x0000000000000000        0x8 build/interrupt.o
 .group         0x0000000000000000        0x8 build/interrupt.o
 .text.__x86.get_pc_thunk.ax
                0x0000000000000000        0x4 build/interrupt.o
 .text.__x86.get_pc_thunk.bx
                0x0000000000000000        0x4 build/interrupt.o
 .note.GNU-stack
                0x0000000000000000        0x0 build/interrupt.o
 .group         0x0000000000000000        0x8 build/memory.o
 .group         0x0000000000000000        0x8 build/memory.o
 .text.__x86.get_pc_thunk.ax
                0x0000000000000000        0x4 build/memory.o
 .text.__x86.get_pc_thunk.bx
                0x0000000000000000        0x4 build/memory.o
 .note.GNU-stack
                0x0000000000000000        0x0 build/memory.o
 .group         0x0000000000000000        0x8 build/thread.o
 .group         0x0000000000000000        0x8 build/thread.o
 .group         0x0000000000000000        0x8 build/thread.o
 .text.__x86.get_pc_thunk.ax
                0x0000000000000000        0x4 build/thread.o
 .text.__x86.get_pc_thunk.bx
                0x0000000000000000        0x4 build/thread.o
 .note.GNU-stack
                0x0000000000000000        0x0 build/thread.o
 .group         0x0000000000000000        0x8 build/debug.o
 .text.__x86.get_pc_thunk.bx
                0x0000000000000000        0x4 build/debug.o
 .note.GNU-stack
                0x0000000000000000        0x0 build/debug.o
 .group         0x0000000000000000        0x8 build/bitmap.o
 .text.__x86.get_pc_thunk.ax
                0x0000000000000000        0x4 build/bitmap.o
 .note.GNU-stack
                0x0000000000000000        0x0 build/bitmap.o
 .group         0x0000000000000000        0x8 build/string.o
 .text.__x86.get_pc_thunk.ax
                0x0000000000000000        0x4 build/string.o
 .note.GNU-stack
                0x0000000000000000        0x0 build/string.o
 .group         0x0000000000000000        0x8 build/list.o
 .group         0x0000000000000000        0x8 build/list.o
 .text.__x86.get_pc_thunk.ax
                0x0000000000000000        0x4 build/list.o
 .text.__x86.get_pc_thunk.bx
                0x0000000000000000        0x4 build/list.o
 .note.GNU-stack
                0x0000000000000000        0x0 build/list.o
 .group         0x0000000000000000        0x8 build/sync.o
 .group         0x0000000000000000        0x8 build/sync.o
 .text.__x86.get_pc_thunk.ax
                0x0000000000000000        0x4 build/sync.o
 .text.__x86.get_pc_thunk.bx
                0x0000000000000000        0x4 build/sync.o
 .note.GNU-stack
                0x0000000000000000        0x0 build/sync.o

Memory Configuration

Name             Origin             Length             Attributes
*default*        0x0000000000000000 0xffffffffffffffff

Linker script and memory map

Address of section .text set to 0xc0001500
LOAD build/main.o
LOAD build/init.o
LOAD build/console.o
LOAD build/keyboard.o
LOAD build/timer.o
LOAD build/ioqueue.o
LOAD build/interrupt.o
LOAD build/memory.o
LOAD build/thread.o
LOAD build/kernel.o
LOAD build/switch.o
LOAD build/print.o
LOAD build/debug.o
LOAD build/bitmap.o
LOAD build/string.o
LOAD build/list.o
LOAD build/sync.o
                [!provide]                        PROVIDE (__executable_start = SEGMENT_START ("text-segment", 0x8048000))
                0x0000000008048094                . = (SEGMENT_START ("text-segment", 0x8048000) + SIZEOF_HEADERS)

.interp
 *(.interp)

.note.gnu.build-id
 *(.note.gnu.build-id)

.hash
 *(.hash)

.gnu.hash
 *(.gnu.hash)

.dynsym
 *(.dynsym)

.dynstr
 *(.dynstr)

.gnu.version
 *(.gnu.version)

.gnu.version_d
 *(.gnu.version_d)

.gnu.version_r
 *(.gnu.version_r)

.rel.dyn        0x0000000008048094        0x0
 *(.rel.init)
 *(.rel.text .rel.text.* .rel.gnu.linkonce.t.*)
 .rel.text      0x0000000008048094        0x0 build/main.o
 *(.rel.fini)
 *(.rel.rodata .rel.rodata.* .rel.gnu.linkonce.r.*)
 *(.rel.data.rel.ro .rel.data.rel.ro.* .rel.gnu.linkonce.d.rel.ro.*)
 *(.rel.data .rel.data.* .rel.gnu.linkonce.d.*)
 *(.rel.tdata .rel.tdata.* .rel.gnu.linkonce.td.*)
 *(.rel.tbss .rel.tbss.* .rel.gnu.linkonce.tb.*)
 *(.rel.ctors)
 *(.rel.dtors)
 *(.rel.got)
 .rel.got       0x0000000008048094        0x0 build/main.o
 *(.rel.bss .rel.bss.* .rel.gnu.linkonce.b.*)
 *(.rel.ifunc)

.rel.plt        0x0000000008048094        0x0
 *(.rel.plt)
                [!provide]                        PROVIDE (__rel_iplt_start = .)
 *(.rel.iplt)
 .rel.iplt      0x0000000008048094        0x0 build/main.o
                [!provide]                        PROVIDE (__rel_iplt_end = .)

.init
 *(SORT_NONE(.init))

.plt            0x0000000008048098        0x0
 *(.plt)
 *(.iplt)
 .iplt          0x0000000008048098        0x0 build/main.o

.plt.got
 *(.plt.got)

.plt.sec
 *(.plt.sec)

.text           0x00000000c0001500     0x314a
 *(.text.unlikely .text.*_unlikely .text.unlikely.*)
 *(.text.exit .text.exit.*)
 *(.text.startup .text.startup.*)
 *(.text.hot .text.hot.*)
 *(.text .stub .text.* .gnu.linkonce.t.*)
 .text          0x00000000c0001500      0x150 build/main.o
                0x00000000c0001500                k_thread_a
                0x00000000c0001576                k_thread_b
                0x00000000c00015ec                main
 .text.__x86.get_pc_thunk.bx
                0x00000000c0001650        0x4 build/main.o
                0x00000000c0001650                __x86.get_pc_thunk.bx
 .text          0x00000000c0001654       0x48 build/init.o
                0x00000000c0001654                init_all
 .text          0x00000000c000169c      0x119 build/console.o
                0x00000000c000169c                console_init
                0x00000000c00016c7                console_acquire
                0x00000000c00016f2                console_release
                0x00000000c000171d                console_put_char
                0x00000000c0001755                console_put_str
                0x00000000c0001785                console_put_uint32t
 .text.__x86.get_pc_thunk.ax
                0x00000000c00017b5        0x4 build/console.o
                0x00000000c00017b5                __x86.get_pc_thunk.ax
 .text          0x00000000c00017b9      0x29b build/keyboard.o
                0x00000000c00019f2                keyboard_init
 .text          0x00000000c0001a54      0x1b6 build/timer.o
                0x00000000c0001ba2                timer_init
 .text          0x00000000c0001c0a      0x378 build/ioqueue.o
                0x00000000c0001c0a                ioqueue_init
                0x00000000c0001c76                ioq_full
                0x00000000c0001cd7                ioq_empty
                0x00000000c0001de3                ioq_getchar
                0x00000000c0001eb1                ioq_putchar
 .text          0x00000000c0001f82      0x51f build/interrupt.o
                0x00000000c0002361                idt_init
                0x00000000c00023c9                intr_enable
                0x00000000c00023f9                intr_disable
                0x00000000c0002429                intr_set_status
                0x00000000c0002451                intr_get_status
                0x00000000c0002478                register_handler
 .text          0x00000000c00024a1      0x5de build/memory.o
                0x00000000c00026c6                mem_init
                0x00000000c000271a                pde_ptr
                0x00000000c0002737                pte_ptr
                0x00000000c000299c                malloc_page
                0x00000000c0002a35                get_kernel_pages
 .text          0x00000000c0002a7f      0x6b0 build/thread.o
                0x00000000c0002a7f                running_thread
                0x00000000c0002abf                thread_create
                0x00000000c0002b43                init_thread
                0x00000000c0002be8                thread_start
                0x00000000c0002d87                schedule
                0x00000000c0002f0e                thread_block
                0x00000000c0002f83                thread_unblock
                0x00000000c00030ca                thread_init
 .text.__x86.get_pc_thunk.dx
                0x00000000c000312f        0x4 build/thread.o
                0x00000000c000312f                __x86.get_pc_thunk.dx
 *fill*         0x00000000c0003133        0xd 
 .text          0x00000000c0003140      0x53a build/kernel.o
                0x00000000c0003140                intr_exit
 *fill*         0x00000000c000367a        0x6 
 .text          0x00000000c0003680       0x15 build/switch.o
                0x00000000c0003680                switch_to
 *fill*         0x00000000c0003695        0xb 
 .text          0x00000000c00036a0      0x1bb build/print.o
                0x00000000c00036a0                set_cursor
                0x00000000c00036c4                put_char
                0x00000000c0003793                put_str
                0x00000000c00037b1                put_int32
                0x00000000c0003807                put_uint32_hex
 .text          0x00000000c000385b       0xe0 build/debug.o
                0x00000000c000385b                panic_spin
 .text          0x00000000c000393b      0x27d build/bitmap.o
                0x00000000c000393b                bitmap_init
                0x00000000c000396e                bitmap_scan_test
                0x00000000c00039b8                bitmap_scan
                0x00000000c0003b01                bitmap_set
 .text          0x00000000c0003bb8      0x4a6 build/string.o
                0x00000000c0003bb8                memset
                0x00000000c0003c1e                memcpy
                0x00000000c0003c90                memcmp
                0x00000000c0003d29                strcpy
                0x00000000c0003d94                strcmp
                0x00000000c0003e29                strcat
                0x00000000c0003ea9                strchr
                0x00000000c0003f17                strrchr
                0x00000000c0003f8b                strchrs
                0x00000000c0003ffd                strlen
 .text          0x00000000c000405e      0x2d5 build/list.o
                0x00000000c000405e                list_init
                0x00000000c0004096                list_insert_before
                0x00000000c0004114                list_push
                0x00000000c000413c                list_append
                0x00000000c0004164                list_remove
                0x00000000c00041e1                list_pop
                0x00000000c0004226                list_isEmpty
                0x00000000c0004249                list_len
                0x00000000c0004288                list_traversal
                0x00000000c00042ee                have_elem
 .text          0x00000000c0004333      0x317 build/sync.o
                0x00000000c0004333                sema_init
                0x00000000c000436d                lock_init
                0x00000000c00043a7                sema_down
                0x00000000c000449c                sema_up
                0x00000000c0004514                lock_acquire
                0x00000000c00045b2                lock_release
 *(.gnu.warning)

.fini
 *(SORT_NONE(.fini))
                [!provide]                        PROVIDE (__etext = .)
                [!provide]                        PROVIDE (_etext = .)
                [!provide]                        PROVIDE (etext = .)

.rodata         0x00000000c000464c      0xa75
 *(.rodata .rodata.* .gnu.linkonce.r.*)
 .rodata        0x00000000c000464c       0x1e build/main.o
 .rodata        0x00000000c000466a        0xa build/init.o
 .rodata        0x00000000c0004674       0x29 build/keyboard.o
 *fill*         0x00000000c000469d        0x3 
 .rodata        0x00000000c00046a0       0x6b build/timer.o
 *fill*         0x00000000c000470b        0x1 
 .rodata        0x00000000c000470c       0xa8 build/ioqueue.o
 .rodata        0x00000000c00047b4      0x2c1 build/interrupt.o
 *fill*         0x00000000c0004a75        0x3 
 .rodata        0x00000000c0004a78      0x10f build/memory.o
 *fill*         0x00000000c0004b87        0x1 
 .rodata        0x00000000c0004b88      0x283 build/thread.o
 .rodata        0x00000000c0004e0b       0x39 build/debug.o
 .rodata        0x00000000c0004e44       0x67 build/bitmap.o
 *fill*         0x00000000c0004eab        0x1 
 .rodata        0x00000000c0004eac       0xc3 build/string.o
 *fill*         0x00000000c0004f6f        0x1 
 .rodata        0x00000000c0004f70       0x78 build/list.o
 .rodata        0x00000000c0004fe8       0xd9 build/sync.o

.rodata1
 *(.rodata1)

.eh_frame_hdr
 *(.eh_frame_hdr)
 *(.eh_frame_entry .eh_frame_entry.*)

.eh_frame       0x00000000c00050c4      0xc24
 *(.eh_frame)
 .eh_frame      0x00000000c00050c4       0x8c build/main.o
 .eh_frame      0x00000000c0005150       0x24 build/init.o
                                         0x50 (size before relaxing)
 .eh_frame      0x00000000c0005174       0xec build/console.o
                                        0x118 (size before relaxing)
 .eh_frame      0x00000000c0005260       0x68 build/keyboard.o
                                         0xa8 (size before relaxing)
 .eh_frame      0x00000000c00052c8       0x94 build/timer.o
                                         0xd4 (size before relaxing)
 .eh_frame      0x00000000c000535c      0x11c build/ioqueue.o
                                        0x15c (size before relaxing)
 .eh_frame      0x00000000c0005478      0x198 build/interrupt.o
                                        0x1d8 (size before relaxing)
 .eh_frame      0x00000000c0005610      0x138 build/memory.o
                                        0x178 (size before relaxing)
 .eh_frame      0x00000000c0005748      0x170 build/thread.o
                                        0x1b0 (size before relaxing)
 .eh_frame      0x00000000c00058b8       0x1c build/debug.o
                                         0x48 (size before relaxing)
 .eh_frame      0x00000000c00058d4       0x90 build/bitmap.o
                                         0xbc (size before relaxing)
 .eh_frame      0x00000000c0005964      0x168 build/string.o
                                        0x194 (size before relaxing)
 .eh_frame      0x00000000c0005acc      0x148 build/list.o
                                        0x188 (size before relaxing)
 .eh_frame      0x00000000c0005c14       0xd4 build/sync.o
                                        0x114 (size before relaxing)
 *(.eh_frame.*)

.gcc_except_table
 *(.gcc_except_table .gcc_except_table.*)

.gnu_extab
 *(.gnu_extab*)

.exception_ranges
 *(.exception_ranges .exception_ranges*)
                0x00000000c0007000                . = DATA_SEGMENT_ALIGN (CONSTANT (MAXPAGESIZE), CONSTANT (COMMONPAGESIZE))

.eh_frame
 *(.eh_frame)
 *(.eh_frame.*)

.gnu_extab
 *(.gnu_extab)

.gcc_except_table
 *(.gcc_except_table .gcc_except_table.*)

.exception_ranges
 *(.exception_ranges .exception_ranges*)

.tdata
 *(.tdata .tdata.* .gnu.linkonce.td.*)

.tbss
 *(.tbss .tbss.* .gnu.linkonce.tb.*)
 *(.tcommon)

.preinit_array  0x00000000c0007000        0x0
                [!provide]                        PROVIDE (__preinit_array_start = .)
 *(.preinit_array)
                [!provide]                        PROVIDE (__preinit_array_end = .)

.init_array     0x00000000c0007000        0x0
                [!provide]                        PROVIDE (__init_array_start = .)
 *(SORT_BY_INIT_PRIORITY(.init_array.*) SORT_BY_INIT_PRIORITY(.ctors.*))
 *(.init_array EXCLUDE_FILE(*crtend?.o *crtend.o *crtbegin?.o *crtbegin.o) .ctors)
                [!provide]                        PROVIDE (__init_array_end = .)

.fini_array     0x00000000c0007000        0x0
                [!provide]                        PROVIDE (__fini_array_start = .)
 *(SORT_BY_INIT_PRIORITY(.fini_array.*) SORT_BY_INIT_PRIORITY(.dtors.*))
 *(.fini_array EXCLUDE_FILE(*crtend?.o *crtend.o *crtbegin?.o *crtbegin.o) .dtors)
                [!provide]                        PROVIDE (__fini_array_end = .)

.ctors
 *crtbegin.o(.ctors)
 *crtbegin?.o(.ctors)
 *(EXCLUDE_FILE(*crtend?.o *crtend.o) .ctors)
 *(SORT_BY_NAME(.ctors.*))
 *(.ctors)

.dtors
 *crtbegin.o(.dtors)
 *crtbegin?.o(.dtors)
 *(EXCLUDE_FILE(*crtend?.o *crtend.o) .dtors)
 *(SORT_BY_NAME(.dtors.*))
 *(.dtors)

.jcr
 *(.jcr)

.data.rel.ro
 *(.data.rel.ro.local* .gnu.linkonce.d.rel.ro.local.*)
 *(.data.rel.ro .data.rel.ro.* .gnu.linkonce.d.rel.ro.*)

.dynamic
 *(.dynamic)

.got            0x00000000c0007000        0x0
 *(.got)
 .got           0x00000000c0007000        0x0 build/main.o
 *(.igot)
                0x00000000c0007ff4                . = DATA_SEGMENT_RELRO_END (., (SIZEOF (.got.plt) >= 0xc)?0xc:0x0)

.got.plt        0x00000000c0007000        0xc
 *(.got.plt)
 .got.plt       0x00000000c0007000        0xc build/main.o
                0x00000000c0007000                _GLOBAL_OFFSET_TABLE_
 *(.igot.plt)
 .igot.plt      0x00000000c000700c        0x0 build/main.o

.data           0x00000000c0007020      0x163
 *(.data .data.* .gnu.linkonce.d.*)
 .data          0x00000000c0007020        0x0 build/main.o
 .data          0x00000000c0007020        0x0 build/init.o
 .data          0x00000000c0007020        0x0 build/console.o
 .data          0x00000000c0007020       0x8e build/keyboard.o
 .data          0x00000000c00070ae        0x0 build/timer.o
 .data          0x00000000c00070ae        0x0 build/ioqueue.o
 .data          0x00000000c00070ae        0x0 build/interrupt.o
 .data          0x00000000c00070ae        0x0 build/memory.o
 .data          0x00000000c00070ae        0x0 build/thread.o
 *fill*         0x00000000c00070ae        0x2 
 .data          0x00000000c00070b0       0xd3 build/kernel.o
                0x00000000c00070c3                intr_entry_table
 .data          0x00000000c0007183        0x0 build/debug.o
 .data          0x00000000c0007183        0x0 build/bitmap.o
 .data          0x00000000c0007183        0x0 build/string.o
 .data          0x00000000c0007183        0x0 build/list.o
 .data          0x00000000c0007183        0x0 build/sync.o

.data1
 *(.data1)
                0x00000000c0007183                _edata = .
                [!provide]                        PROVIDE (edata = .)
                0x00000000c0007183                . = .
                0x00000000c0007183                __bss_start = .

.bss            0x00000000c00071a0      0x430
 *(.dynbss)
 *(.bss .bss.* .gnu.linkonce.b.*)
 .bss           0x00000000c00071a0        0x0 build/main.o
 .bss           0x00000000c00071a0        0x0 build/init.o
 .bss           0x00000000c00071a0       0x1c build/console.o
 .bss           0x00000000c00071bc        0x5 build/keyboard.o
 *fill*         0x00000000c00071c1        0x3 
 .bss           0x00000000c00071c4        0x4 build/timer.o
                0x00000000c00071c4                ticks
 .bss           0x00000000c00071c8        0x0 build/ioqueue.o
 *fill*         0x00000000c00071c8       0x18 
 .bss           0x00000000c00071e0      0x180 build/interrupt.o
 .bss           0x00000000c0007360        0x0 build/memory.o
 .bss           0x00000000c0007360        0x4 build/thread.o
 .bss           0x00000000c0007364        0x0 build/debug.o
 .bss           0x00000000c0007364        0x0 build/bitmap.o
 .bss           0x00000000c0007364        0x0 build/string.o
 .bss           0x00000000c0007364        0x0 build/list.o
 .bss           0x00000000c0007364        0x0 build/sync.o
 *(COMMON)
 *fill*         0x00000000c0007364       0x1c 
 COMMON         0x00000000c0007380       0x6c build/keyboard.o
                0x00000000c0007380                kbd_buf
 *fill*         0x00000000c00073ec       0x14 
 COMMON         0x00000000c0007400      0x180 build/interrupt.o
                0x00000000c0007400                intr_name
                0x00000000c00074c0                idt_table
 COMMON         0x00000000c0007580       0x2c build/memory.o
                0x00000000c0007580                user_pool
                0x00000000c0007590                kernel_vaddr
                0x00000000c000759c                kernel_pool
 COMMON         0x00000000c00075ac       0x24 build/thread.o
                0x00000000c00075ac                thread_ready_list
                0x00000000c00075bc                thread_all_list
                0x00000000c00075cc                main_thread
                0x00000000c00075d0                . = ALIGN ((. != 0x0)?0x4:0x1)
                0x00000000c00075d0                . = ALIGN (0x4)
                0x00000000c00075d0                . = SEGMENT_START ("ldata-segment", .)
                0x00000000c00075d0                . = ALIGN (0x4)
                0x00000000c00075d0                _end = .
                [!provide]                        PROVIDE (end = .)
                0x00000000c00075d0                . = DATA_SEGMENT_END (.)

.stab
 *(.stab)

.stabstr
 *(.stabstr)

.stab.excl
 *(.stab.excl)

.stab.exclstr
 *(.stab.exclstr)

.stab.index
 *(.stab.index)

.stab.indexstr
 *(.stab.indexstr)

.comment        0x0000000000000000       0x1d
 *(.comment)
 .comment       0x0000000000000000       0x1d build/main.o
                                         0x1e (size before relaxing)
 .comment       0x000000000000001d       0x1e build/init.o
 .comment       0x000000000000001d       0x1e build/console.o
 .comment       0x000000000000001d       0x1e build/keyboard.o
 .comment       0x000000000000001d       0x1e build/timer.o
 .comment       0x000000000000001d       0x1e build/ioqueue.o
 .comment       0x000000000000001d       0x1e build/interrupt.o
 .comment       0x000000000000001d       0x1e build/memory.o
 .comment       0x000000000000001d       0x1e build/thread.o
 .comment       0x000000000000001d       0x1e build/debug.o
 .comment       0x000000000000001d       0x1e build/bitmap.o
 .comment       0x000000000000001d       0x1e build/string.o
 .comment       0x000000000000001d       0x1e build/list.o
 .comment       0x000000000000001d       0x1e build/sync.o

.debug
 *(.debug)

.line
 *(.line)

.debug_srcinfo
 *(.debug_srcinfo)

.debug_sfnames
 *(.debug_sfnames)

.debug_aranges
 *(.debug_aranges)

.debug_pubnames
 *(.debug_pubnames)

.debug_info
 *(.debug_info .gnu.linkonce.wi.*)

.debug_abbrev
 *(.debug_abbrev)

.debug_line
 *(.debug_line .debug_line.* .debug_line_end)

.debug_frame
 *(.debug_frame)

.debug_str
 *(.debug_str)

.debug_loc
 *(.debug_loc)

.debug_macinfo
 *(.debug_macinfo)

.debug_weaknames
 *(.debug_weaknames)

.debug_funcnames
 *(.debug_funcnames)

.debug_typenames
 *(.debug_typenames)

.debug_varnames
 *(.debug_varnames)

.debug_pubtypes
 *(.debug_pubtypes)

.debug_ranges
 *(.debug_ranges)

.debug_macro
 *(.debug_macro)

.debug_addr
 *(.debug_addr)

.gnu.attributes
 *(.gnu.attributes)

/DISCARD/
 *(.note.GNU-stack)
 *(.gnu_debuglink)
 *(.gnu.lto_*)
OUTPUT(build/kernel.bin elf32-i386)
