
Allocating common symbols
Common symbol       size              file

thread_ready_list   0x10              build/thread.o
thread_all_list     0x10              build/thread.o
user_pool           0x10              build/memory.o
intr_name           0x84              build/interrupt.o
main_thread         0x4               build/thread.o
kernel_vaddr        0xc               build/memory.o
idt_table           0x84              build/interrupt.o
kernel_pool         0x10              build/memory.o

Discarded input sections

 .group         0x0000000000000000        0x8 build/main.o
 .note.GNU-stack
                0x0000000000000000        0x0 build/main.o
 .group         0x0000000000000000        0x8 build/init.o
 .text.__x86.get_pc_thunk.bx
                0x0000000000000000        0x4 build/init.o
 .note.GNU-stack
                0x0000000000000000        0x0 build/init.o
 .group         0x0000000000000000        0x8 build/console.o
 .group         0x0000000000000000        0x8 build/console.o
 .text.__x86.get_pc_thunk.bx
                0x0000000000000000        0x4 build/console.o
 .note.GNU-stack
                0x0000000000000000        0x0 build/console.o
 .group         0x0000000000000000        0x8 build/interrupt.o
 .group         0x0000000000000000        0x8 build/interrupt.o
 .text.__x86.get_pc_thunk.ax
                0x0000000000000000        0x4 build/interrupt.o
 .text.__x86.get_pc_thunk.bx
                0x0000000000000000        0x4 build/interrupt.o
 .note.GNU-stack
                0x0000000000000000        0x0 build/interrupt.o
 .group         0x0000000000000000        0x8 build/memory.o
 .group         0x0000000000000000        0x8 build/memory.o
 .text.__x86.get_pc_thunk.ax
                0x0000000000000000        0x4 build/memory.o
 .text.__x86.get_pc_thunk.bx
                0x0000000000000000        0x4 build/memory.o
 .note.GNU-stack
                0x0000000000000000        0x0 build/memory.o
 .group         0x0000000000000000        0x8 build/timer.o
 .group         0x0000000000000000        0x8 build/timer.o
 .text.__x86.get_pc_thunk.ax
                0x0000000000000000        0x4 build/timer.o
 .text.__x86.get_pc_thunk.bx
                0x0000000000000000        0x4 build/timer.o
 .note.GNU-stack
                0x0000000000000000        0x0 build/timer.o
 .group         0x0000000000000000        0x8 build/thread.o
 .group         0x0000000000000000        0x8 build/thread.o
 .group         0x0000000000000000        0x8 build/thread.o
 .text.__x86.get_pc_thunk.ax
                0x0000000000000000        0x4 build/thread.o
 .text.__x86.get_pc_thunk.bx
                0x0000000000000000        0x4 build/thread.o
 .note.GNU-stack
                0x0000000000000000        0x0 build/thread.o
 .group         0x0000000000000000        0x8 build/debug.o
 .text.__x86.get_pc_thunk.bx
                0x0000000000000000        0x4 build/debug.o
 .note.GNU-stack
                0x0000000000000000        0x0 build/debug.o
 .group         0x0000000000000000        0x8 build/bitmap.o
 .text.__x86.get_pc_thunk.ax
                0x0000000000000000        0x4 build/bitmap.o
 .note.GNU-stack
                0x0000000000000000        0x0 build/bitmap.o
 .group         0x0000000000000000        0x8 build/string.o
 .text.__x86.get_pc_thunk.ax
                0x0000000000000000        0x4 build/string.o
 .note.GNU-stack
                0x0000000000000000        0x0 build/string.o
 .group         0x0000000000000000        0x8 build/list.o
 .group         0x0000000000000000        0x8 build/list.o
 .text.__x86.get_pc_thunk.ax
                0x0000000000000000        0x4 build/list.o
 .text.__x86.get_pc_thunk.bx
                0x0000000000000000        0x4 build/list.o
 .note.GNU-stack
                0x0000000000000000        0x0 build/list.o
 .group         0x0000000000000000        0x8 build/sync.o
 .group         0x0000000000000000        0x8 build/sync.o
 .text.__x86.get_pc_thunk.ax
                0x0000000000000000        0x4 build/sync.o
 .text.__x86.get_pc_thunk.bx
                0x0000000000000000        0x4 build/sync.o
 .note.GNU-stack
                0x0000000000000000        0x0 build/sync.o

Memory Configuration

Name             Origin             Length             Attributes
*default*        0x0000000000000000 0xffffffffffffffff

Linker script and memory map

Address of section .text set to 0xc0001500
LOAD build/main.o
LOAD build/init.o
LOAD build/console.o
LOAD build/interrupt.o
LOAD build/memory.o
LOAD build/timer.o
LOAD build/thread.o
LOAD build/kernel.o
LOAD build/switch.o
LOAD build/print.o
LOAD build/debug.o
LOAD build/bitmap.o
LOAD build/string.o
LOAD build/list.o
LOAD build/sync.o
                [!provide]                        PROVIDE (__executable_start = SEGMENT_START ("text-segment", 0x8048000))
                0x0000000008048094                . = (SEGMENT_START ("text-segment", 0x8048000) + SIZEOF_HEADERS)

.interp
 *(.interp)

.note.gnu.build-id
 *(.note.gnu.build-id)

.hash
 *(.hash)

.gnu.hash
 *(.gnu.hash)

.dynsym
 *(.dynsym)

.dynstr
 *(.dynstr)

.gnu.version
 *(.gnu.version)

.gnu.version_d
 *(.gnu.version_d)

.gnu.version_r
 *(.gnu.version_r)

.rel.dyn        0x0000000008048094        0x0
 *(.rel.init)
 *(.rel.text .rel.text.* .rel.gnu.linkonce.t.*)
 .rel.text      0x0000000008048094        0x0 build/main.o
 *(.rel.fini)
 *(.rel.rodata .rel.rodata.* .rel.gnu.linkonce.r.*)
 *(.rel.data.rel.ro .rel.data.rel.ro.* .rel.gnu.linkonce.d.rel.ro.*)
 *(.rel.data .rel.data.* .rel.gnu.linkonce.d.*)
 *(.rel.tdata .rel.tdata.* .rel.gnu.linkonce.td.*)
 *(.rel.tbss .rel.tbss.* .rel.gnu.linkonce.tb.*)
 *(.rel.ctors)
 *(.rel.dtors)
 *(.rel.got)
 .rel.got       0x0000000008048094        0x0 build/main.o
 *(.rel.bss .rel.bss.* .rel.gnu.linkonce.b.*)
 *(.rel.ifunc)

.rel.plt        0x0000000008048094        0x0
 *(.rel.plt)
                [!provide]                        PROVIDE (__rel_iplt_start = .)
 *(.rel.iplt)
 .rel.iplt      0x0000000008048094        0x0 build/main.o
                [!provide]                        PROVIDE (__rel_iplt_end = .)

.init
 *(SORT_NONE(.init))

.plt            0x0000000008048098        0x0
 *(.plt)
 *(.iplt)
 .iplt          0x0000000008048098        0x0 build/main.o

.plt.got
 *(.plt.got)

.plt.sec
 *(.plt.sec)

.text           0x00000000c0001500     0x2913
 *(.text.unlikely .text.*_unlikely .text.unlikely.*)
 *(.text.exit .text.exit.*)
 *(.text.startup .text.startup.*)
 *(.text.hot .text.hot.*)
 *(.text .stub .text.* .gnu.linkonce.t.*)
 .text          0x00000000c0001500       0xa6 build/main.o
                0x00000000c0001500                thread1
                0x00000000c0001526                thread2
                0x00000000c000154c                main
 .text.__x86.get_pc_thunk.bx
                0x00000000c00015a6        0x4 build/main.o
                0x00000000c00015a6                __x86.get_pc_thunk.bx
 .text          0x00000000c00015aa       0x43 build/init.o
                0x00000000c00015aa                init_all
 .text          0x00000000c00015ed      0x119 build/console.o
                0x00000000c00015ed                console_init
                0x00000000c0001618                console_acquire
                0x00000000c0001643                console_release
                0x00000000c000166e                console_put_char
                0x00000000c00016a6                console_put_str
                0x00000000c00016d6                console_put_uint32t
 .text.__x86.get_pc_thunk.ax
                0x00000000c0001706        0x4 build/console.o
                0x00000000c0001706                __x86.get_pc_thunk.ax
 .text          0x00000000c000170a      0x51f build/interrupt.o
                0x00000000c0001ae9                idt_init
                0x00000000c0001b51                intr_enable
                0x00000000c0001b81                intr_disable
                0x00000000c0001bb1                intr_set_status
                0x00000000c0001bd9                intr_get_status
                0x00000000c0001c00                register_handler
 .text          0x00000000c0001c29      0x5de build/memory.o
                0x00000000c0001e4e                mem_init
                0x00000000c0001ea2                pde_ptr
                0x00000000c0001ebf                pte_ptr
                0x00000000c0002124                malloc_page
                0x00000000c00021bd                get_kernel_pages
 .text          0x00000000c0002207      0x1b6 build/timer.o
                0x00000000c0002355                timer_init
 .text          0x00000000c00023bd      0x6bb build/thread.o
                0x00000000c00023bd                running_thread
                0x00000000c0002408                thread_create
                0x00000000c000248c                init_thread
                0x00000000c0002531                thread_start
                0x00000000c00026d0                schedule
                0x00000000c0002857                thread_block
                0x00000000c00028cc                thread_unblock
                0x00000000c0002a13                thread_init
 .text.__x86.get_pc_thunk.dx
                0x00000000c0002a78        0x4 build/thread.o
                0x00000000c0002a78                __x86.get_pc_thunk.dx
 *fill*         0x00000000c0002a7c        0x4 
 .text          0x00000000c0002a80      0x396 build/kernel.o
                0x00000000c0002a80                intr_exit
 *fill*         0x00000000c0002e16        0xa 
 .text          0x00000000c0002e20       0x15 build/switch.o
                0x00000000c0002e20                switch_to
 *fill*         0x00000000c0002e35        0xb 
 .text          0x00000000c0002e40      0x1bb build/print.o
                0x00000000c0002e40                set_cursor
                0x00000000c0002e64                put_char
                0x00000000c0002f33                put_str
                0x00000000c0002f51                put_int32
                0x00000000c0002fa7                put_uint32_hex
 .text          0x00000000c0002ffb       0xe0 build/debug.o
                0x00000000c0002ffb                panic_spin
 .text          0x00000000c00030db      0x27d build/bitmap.o
                0x00000000c00030db                bitmap_init
                0x00000000c000310e                bitmap_scan_test
                0x00000000c0003158                bitmap_scan
                0x00000000c00032a1                bitmap_set
 .text          0x00000000c0003358      0x4a6 build/string.o
                0x00000000c0003358                memset
                0x00000000c00033be                memcpy
                0x00000000c0003430                memcmp
                0x00000000c00034c9                strcpy
                0x00000000c0003534                strcmp
                0x00000000c00035c9                strcat
                0x00000000c0003649                strchr
                0x00000000c00036b7                strrchr
                0x00000000c000372b                strchrs
                0x00000000c000379d                strlen
 .text          0x00000000c00037fe      0x2d5 build/list.o
                0x00000000c00037fe                list_init
                0x00000000c0003836                list_insert_before
                0x00000000c00038b4                list_push
                0x00000000c00038dc                list_append
                0x00000000c0003904                list_remove
                0x00000000c0003981                list_pop
                0x00000000c00039c6                list_isEmpty
                0x00000000c00039e9                list_len
                0x00000000c0003a28                list_traversal
                0x00000000c0003a8e                have_elem
 .text          0x00000000c0003ad3      0x340 build/sync.o
                0x00000000c0003ad3                sema_init
                0x00000000c0003b0d                lock_init
                0x00000000c0003b47                sema_down
                0x00000000c0003c3c                sema_up
                0x00000000c0003cdd                lock_acquire
                0x00000000c0003d7b                lock_release
 *(.gnu.warning)

.fini
 *(SORT_NONE(.fini))
                [!provide]                        PROVIDE (__etext = .)
                [!provide]                        PROVIDE (_etext = .)
                [!provide]                        PROVIDE (etext = .)

.rodata         0x00000000c0003e14      0x9c1
 *(.rodata .rodata.* .gnu.linkonce.r.*)
 .rodata        0x00000000c0003e14       0x26 build/main.o
 .rodata        0x00000000c0003e3a        0xa build/init.o
 .rodata        0x00000000c0003e44      0x2c1 build/interrupt.o
 *fill*         0x00000000c0004105        0x3 
 .rodata        0x00000000c0004108      0x10f build/memory.o
 *fill*         0x00000000c0004217        0x1 
 .rodata        0x00000000c0004218       0x6b build/timer.o
 *fill*         0x00000000c0004283        0x1 
 .rodata        0x00000000c0004284      0x283 build/thread.o
 .rodata        0x00000000c0004507       0x39 build/debug.o
 .rodata        0x00000000c0004540       0x67 build/bitmap.o
 *fill*         0x00000000c00045a7        0x1 
 .rodata        0x00000000c00045a8       0xc3 build/string.o
 *fill*         0x00000000c000466b        0x1 
 .rodata        0x00000000c000466c       0x78 build/list.o
 .rodata        0x00000000c00046e4       0xf1 build/sync.o

.rodata1
 *(.rodata1)

.eh_frame_hdr
 *(.eh_frame_hdr)
 *(.eh_frame_entry .eh_frame_entry.*)

.eh_frame       0x00000000c00047d8      0xaa4
 *(.eh_frame)
 .eh_frame      0x00000000c00047d8       0x8c build/main.o
 .eh_frame      0x00000000c0004864       0x24 build/init.o
                                         0x50 (size before relaxing)
 .eh_frame      0x00000000c0004888       0xec build/console.o
                                        0x118 (size before relaxing)
 .eh_frame      0x00000000c0004974      0x198 build/interrupt.o
                                        0x1d8 (size before relaxing)
 .eh_frame      0x00000000c0004b0c      0x138 build/memory.o
                                        0x178 (size before relaxing)
 .eh_frame      0x00000000c0004c44       0x94 build/timer.o
                                         0xd4 (size before relaxing)
 .eh_frame      0x00000000c0004cd8      0x174 build/thread.o
                                        0x1b4 (size before relaxing)
 .eh_frame      0x00000000c0004e4c       0x1c build/debug.o
                                         0x48 (size before relaxing)
 .eh_frame      0x00000000c0004e68       0x90 build/bitmap.o
                                         0xbc (size before relaxing)
 .eh_frame      0x00000000c0004ef8      0x168 build/string.o
                                        0x194 (size before relaxing)
 .eh_frame      0x00000000c0005060      0x148 build/list.o
                                        0x188 (size before relaxing)
 .eh_frame      0x00000000c00051a8       0xd4 build/sync.o
                                        0x114 (size before relaxing)
 *(.eh_frame.*)

.gcc_except_table
 *(.gcc_except_table .gcc_except_table.*)

.gnu_extab
 *(.gnu_extab*)

.exception_ranges
 *(.exception_ranges .exception_ranges*)
                0x00000000c0007000                . = DATA_SEGMENT_ALIGN (CONSTANT (MAXPAGESIZE), CONSTANT (COMMONPAGESIZE))

.eh_frame
 *(.eh_frame)
 *(.eh_frame.*)

.gnu_extab
 *(.gnu_extab)

.gcc_except_table
 *(.gcc_except_table .gcc_except_table.*)

.exception_ranges
 *(.exception_ranges .exception_ranges*)

.tdata
 *(.tdata .tdata.* .gnu.linkonce.td.*)

.tbss
 *(.tbss .tbss.* .gnu.linkonce.tb.*)
 *(.tcommon)

.preinit_array  0x00000000c0007000        0x0
                [!provide]                        PROVIDE (__preinit_array_start = .)
 *(.preinit_array)
                [!provide]                        PROVIDE (__preinit_array_end = .)

.init_array     0x00000000c0007000        0x0
                [!provide]                        PROVIDE (__init_array_start = .)
 *(SORT_BY_INIT_PRIORITY(.init_array.*) SORT_BY_INIT_PRIORITY(.ctors.*))
 *(.init_array EXCLUDE_FILE(*crtend?.o *crtend.o *crtbegin?.o *crtbegin.o) .ctors)
                [!provide]                        PROVIDE (__init_array_end = .)

.fini_array     0x00000000c0007000        0x0
                [!provide]                        PROVIDE (__fini_array_start = .)
 *(SORT_BY_INIT_PRIORITY(.fini_array.*) SORT_BY_INIT_PRIORITY(.dtors.*))
 *(.fini_array EXCLUDE_FILE(*crtend?.o *crtend.o *crtbegin?.o *crtbegin.o) .dtors)
                [!provide]                        PROVIDE (__fini_array_end = .)

.ctors
 *crtbegin.o(.ctors)
 *crtbegin?.o(.ctors)
 *(EXCLUDE_FILE(*crtend?.o *crtend.o) .ctors)
 *(SORT_BY_NAME(.ctors.*))
 *(.ctors)

.dtors
 *crtbegin.o(.dtors)
 *crtbegin?.o(.dtors)
 *(EXCLUDE_FILE(*crtend?.o *crtend.o) .dtors)
 *(SORT_BY_NAME(.dtors.*))
 *(.dtors)

.jcr
 *(.jcr)

.data.rel.ro
 *(.data.rel.ro.local* .gnu.linkonce.d.rel.ro.local.*)
 *(.data.rel.ro .data.rel.ro.* .gnu.linkonce.d.rel.ro.*)

.dynamic
 *(.dynamic)

.got            0x00000000c0007000        0x0
 *(.got)
 .got           0x00000000c0007000        0x0 build/main.o
 *(.igot)
                0x00000000c0007ff4                . = DATA_SEGMENT_RELRO_END (., (SIZEOF (.got.plt) >= 0xc)?0xc:0x0)

.got.plt        0x00000000c0007000        0xc
 *(.got.plt)
 .got.plt       0x00000000c0007000        0xc build/main.o
                0x00000000c0007000                _GLOBAL_OFFSET_TABLE_
 *(.igot.plt)
 .igot.plt      0x00000000c000700c        0x0 build/main.o

.data           0x00000000c000700c       0x97
 *(.data .data.* .gnu.linkonce.d.*)
 .data          0x00000000c000700c        0x0 build/main.o
 .data          0x00000000c000700c        0x0 build/init.o
 .data          0x00000000c000700c        0x0 build/console.o
 .data          0x00000000c000700c        0x0 build/interrupt.o
 .data          0x00000000c000700c        0x0 build/memory.o
 .data          0x00000000c000700c        0x0 build/timer.o
 .data          0x00000000c000700c        0x0 build/thread.o
 .data          0x00000000c000700c       0x97 build/kernel.o
                0x00000000c000701f                intr_entry_table
 .data          0x00000000c00070a3        0x0 build/debug.o
 .data          0x00000000c00070a3        0x0 build/bitmap.o
 .data          0x00000000c00070a3        0x0 build/string.o
 .data          0x00000000c00070a3        0x0 build/list.o
 .data          0x00000000c00070a3        0x0 build/sync.o

.data1
 *(.data1)
                0x00000000c00070a3                _edata = .
                [!provide]                        PROVIDE (edata = .)
                0x00000000c00070a3                . = .
                0x00000000c00070a3                __bss_start = .

.bss            0x00000000c00070c0      0x2b4
 *(.dynbss)
 *(.bss .bss.* .gnu.linkonce.b.*)
 .bss           0x00000000c00070c0        0x0 build/main.o
 .bss           0x00000000c00070c0        0x0 build/init.o
 .bss           0x00000000c00070c0       0x1c build/console.o
 *fill*         0x00000000c00070dc        0x4 
 .bss           0x00000000c00070e0      0x108 build/interrupt.o
 .bss           0x00000000c00071e8        0x0 build/memory.o
 .bss           0x00000000c00071e8        0x4 build/timer.o
                0x00000000c00071e8                ticks
 .bss           0x00000000c00071ec        0x4 build/thread.o
 .bss           0x00000000c00071f0        0x0 build/debug.o
 .bss           0x00000000c00071f0        0x0 build/bitmap.o
 .bss           0x00000000c00071f0        0x0 build/string.o
 .bss           0x00000000c00071f0        0x0 build/list.o
 .bss           0x00000000c00071f0        0x0 build/sync.o
 *(COMMON)
 *fill*         0x00000000c00071f0       0x10 
 COMMON         0x00000000c0007200      0x124 build/interrupt.o
                0x00000000c0007200                intr_name
                0x00000000c00072a0                idt_table
 COMMON         0x00000000c0007324       0x2c build/memory.o
                0x00000000c0007324                user_pool
                0x00000000c0007334                kernel_vaddr
                0x00000000c0007340                kernel_pool
 COMMON         0x00000000c0007350       0x24 build/thread.o
                0x00000000c0007350                thread_ready_list
                0x00000000c0007360                thread_all_list
                0x00000000c0007370                main_thread
                0x00000000c0007374                . = ALIGN ((. != 0x0)?0x4:0x1)
                0x00000000c0007374                . = ALIGN (0x4)
                0x00000000c0007374                . = SEGMENT_START ("ldata-segment", .)
                0x00000000c0007374                . = ALIGN (0x4)
                0x00000000c0007374                _end = .
                [!provide]                        PROVIDE (end = .)
                0x00000000c0007374                . = DATA_SEGMENT_END (.)

.stab
 *(.stab)

.stabstr
 *(.stabstr)

.stab.excl
 *(.stab.excl)

.stab.exclstr
 *(.stab.exclstr)

.stab.index
 *(.stab.index)

.stab.indexstr
 *(.stab.indexstr)

.comment        0x0000000000000000       0x1d
 *(.comment)
 .comment       0x0000000000000000       0x1d build/main.o
                                         0x1e (size before relaxing)
 .comment       0x000000000000001d       0x1e build/init.o
 .comment       0x000000000000001d       0x1e build/console.o
 .comment       0x000000000000001d       0x1e build/interrupt.o
 .comment       0x000000000000001d       0x1e build/memory.o
 .comment       0x000000000000001d       0x1e build/timer.o
 .comment       0x000000000000001d       0x1e build/thread.o
 .comment       0x000000000000001d       0x1e build/debug.o
 .comment       0x000000000000001d       0x1e build/bitmap.o
 .comment       0x000000000000001d       0x1e build/string.o
 .comment       0x000000000000001d       0x1e build/list.o
 .comment       0x000000000000001d       0x1e build/sync.o

.debug
 *(.debug)

.line
 *(.line)

.debug_srcinfo
 *(.debug_srcinfo)

.debug_sfnames
 *(.debug_sfnames)

.debug_aranges
 *(.debug_aranges)

.debug_pubnames
 *(.debug_pubnames)

.debug_info
 *(.debug_info .gnu.linkonce.wi.*)

.debug_abbrev
 *(.debug_abbrev)

.debug_line
 *(.debug_line .debug_line.* .debug_line_end)

.debug_frame
 *(.debug_frame)

.debug_str
 *(.debug_str)

.debug_loc
 *(.debug_loc)

.debug_macinfo
 *(.debug_macinfo)

.debug_weaknames
 *(.debug_weaknames)

.debug_funcnames
 *(.debug_funcnames)

.debug_typenames
 *(.debug_typenames)

.debug_varnames
 *(.debug_varnames)

.debug_pubtypes
 *(.debug_pubtypes)

.debug_ranges
 *(.debug_ranges)

.debug_macro
 *(.debug_macro)

.debug_addr
 *(.debug_addr)

.gnu.attributes
 *(.gnu.attributes)

/DISCARD/
 *(.note.GNU-stack)
 *(.gnu_debuglink)
 *(.gnu.lto_*)
OUTPUT(build/kernel.bin elf32-i386)
