
Allocating common symbols
Common symbol       size              file

kbd_buf             0x6c              build/keyboard.o
thread_ready_list   0x10              build/thread.o
thread_all_list     0x10              build/thread.o
user_pool           0x2c              build/memory.o
intr_name           0x204             build/interrupt.o
main_thread         0x4               build/thread.o
kernel_vaddr        0xc               build/memory.o
syscall_table       0x80              build/syscall-init.o
idt_table           0x204             build/interrupt.o
kernel_pool         0x2c              build/memory.o
pid_lock            0x1c              build/thread.o

Discarded input sections

 .group         0x0000000000000000        0x8 build/main.o
 .note.GNU-stack
                0x0000000000000000        0x0 build/main.o
 .group         0x0000000000000000        0x8 build/init.o
 .text.__x86.get_pc_thunk.bx
                0x0000000000000000        0x4 build/init.o
 .note.GNU-stack
                0x0000000000000000        0x0 build/init.o
 .group         0x0000000000000000        0x8 build/console.o
 .group         0x0000000000000000        0x8 build/console.o
 .text.__x86.get_pc_thunk.bx
                0x0000000000000000        0x4 build/console.o
 .note.GNU-stack
                0x0000000000000000        0x0 build/console.o
 .group         0x0000000000000000        0x8 build/keyboard.o
 .group         0x0000000000000000        0x8 build/keyboard.o
 .text.__x86.get_pc_thunk.ax
                0x0000000000000000        0x4 build/keyboard.o
 .text.__x86.get_pc_thunk.bx
                0x0000000000000000        0x4 build/keyboard.o
 .note.GNU-stack
                0x0000000000000000        0x0 build/keyboard.o
 .group         0x0000000000000000        0x8 build/timer.o
 .group         0x0000000000000000        0x8 build/timer.o
 .text.__x86.get_pc_thunk.ax
                0x0000000000000000        0x4 build/timer.o
 .text.__x86.get_pc_thunk.bx
                0x0000000000000000        0x4 build/timer.o
 .note.GNU-stack
                0x0000000000000000        0x0 build/timer.o
 .group         0x0000000000000000        0x8 build/ioqueue.o
 .group         0x0000000000000000        0x8 build/ioqueue.o
 .text.__x86.get_pc_thunk.ax
                0x0000000000000000        0x4 build/ioqueue.o
 .text.__x86.get_pc_thunk.bx
                0x0000000000000000        0x4 build/ioqueue.o
 .note.GNU-stack
                0x0000000000000000        0x0 build/ioqueue.o
 .group         0x0000000000000000        0x8 build/process.o
 .group         0x0000000000000000        0x8 build/process.o
 .text.__x86.get_pc_thunk.ax
                0x0000000000000000        0x4 build/process.o
 .text.__x86.get_pc_thunk.bx
                0x0000000000000000        0x4 build/process.o
 .note.GNU-stack
                0x0000000000000000        0x0 build/process.o
 .group         0x0000000000000000        0x8 build/interrupt.o
 .group         0x0000000000000000        0x8 build/interrupt.o
 .text.__x86.get_pc_thunk.ax
                0x0000000000000000        0x4 build/interrupt.o
 .text.__x86.get_pc_thunk.bx
                0x0000000000000000        0x4 build/interrupt.o
 .note.GNU-stack
                0x0000000000000000        0x0 build/interrupt.o
 .group         0x0000000000000000        0x8 build/memory.o
 .group         0x0000000000000000        0x8 build/memory.o
 .text.__x86.get_pc_thunk.ax
                0x0000000000000000        0x4 build/memory.o
 .text.__x86.get_pc_thunk.bx
                0x0000000000000000        0x4 build/memory.o
 .note.GNU-stack
                0x0000000000000000        0x0 build/memory.o
 .group         0x0000000000000000        0x8 build/thread.o
 .group         0x0000000000000000        0x8 build/thread.o
 .group         0x0000000000000000        0x8 build/thread.o
 .text.__x86.get_pc_thunk.ax
                0x0000000000000000        0x4 build/thread.o
 .text.__x86.get_pc_thunk.bx
                0x0000000000000000        0x4 build/thread.o
 .note.GNU-stack
                0x0000000000000000        0x0 build/thread.o
 .group         0x0000000000000000        0x8 build/tss.o
 .group         0x0000000000000000        0x8 build/tss.o
 .text.__x86.get_pc_thunk.ax
                0x0000000000000000        0x4 build/tss.o
 .text.__x86.get_pc_thunk.bx
                0x0000000000000000        0x4 build/tss.o
 .note.GNU-stack
                0x0000000000000000        0x0 build/tss.o
 .group         0x0000000000000000        0x8 build/debug.o
 .text.__x86.get_pc_thunk.bx
                0x0000000000000000        0x4 build/debug.o
 .note.GNU-stack
                0x0000000000000000        0x0 build/debug.o
 .group         0x0000000000000000        0x8 build/bitmap.o
 .text.__x86.get_pc_thunk.ax
                0x0000000000000000        0x4 build/bitmap.o
 .note.GNU-stack
                0x0000000000000000        0x0 build/bitmap.o
 .group         0x0000000000000000        0x8 build/string.o
 .text.__x86.get_pc_thunk.ax
                0x0000000000000000        0x4 build/string.o
 .note.GNU-stack
                0x0000000000000000        0x0 build/string.o
 .group         0x0000000000000000        0x8 build/list.o
 .group         0x0000000000000000        0x8 build/list.o
 .text.__x86.get_pc_thunk.ax
                0x0000000000000000        0x4 build/list.o
 .text.__x86.get_pc_thunk.bx
                0x0000000000000000        0x4 build/list.o
 .note.GNU-stack
                0x0000000000000000        0x0 build/list.o
 .group         0x0000000000000000        0x8 build/sync.o
 .group         0x0000000000000000        0x8 build/sync.o
 .text.__x86.get_pc_thunk.ax
                0x0000000000000000        0x4 build/sync.o
 .text.__x86.get_pc_thunk.bx
                0x0000000000000000        0x4 build/sync.o
 .note.GNU-stack
                0x0000000000000000        0x0 build/sync.o
 .group         0x0000000000000000        0x8 build/syscall.o
 .text.__x86.get_pc_thunk.ax
                0x0000000000000000        0x4 build/syscall.o
 .note.GNU-stack
                0x0000000000000000        0x0 build/syscall.o
 .group         0x0000000000000000        0x8 build/syscall-init.o
 .group         0x0000000000000000        0x8 build/syscall-init.o
 .text.__x86.get_pc_thunk.ax
                0x0000000000000000        0x4 build/syscall-init.o
 .text.__x86.get_pc_thunk.bx
                0x0000000000000000        0x4 build/syscall-init.o
 .note.GNU-stack
                0x0000000000000000        0x0 build/syscall-init.o

Memory Configuration

Name             Origin             Length             Attributes
*default*        0x0000000000000000 0xffffffffffffffff

Linker script and memory map

Address of section .text set to 0xc0001500
LOAD build/main.o
LOAD build/init.o
LOAD build/console.o
LOAD build/keyboard.o
LOAD build/timer.o
LOAD build/ioqueue.o
LOAD build/process.o
LOAD build/interrupt.o
LOAD build/memory.o
LOAD build/thread.o
LOAD build/kernel.o
LOAD build/switch.o
LOAD build/tss.o
LOAD build/print.o
LOAD build/debug.o
LOAD build/bitmap.o
LOAD build/string.o
LOAD build/list.o
LOAD build/sync.o
LOAD build/syscall.o
LOAD build/syscall-init.o
                [!provide]                        PROVIDE (__executable_start = SEGMENT_START ("text-segment", 0x8048000))
                0x0000000008048094                . = (SEGMENT_START ("text-segment", 0x8048000) + SIZEOF_HEADERS)

.interp
 *(.interp)

.note.gnu.build-id
 *(.note.gnu.build-id)

.hash
 *(.hash)

.gnu.hash
 *(.gnu.hash)

.dynsym
 *(.dynsym)

.dynstr
 *(.dynstr)

.gnu.version
 *(.gnu.version)

.gnu.version_d
 *(.gnu.version_d)

.gnu.version_r
 *(.gnu.version_r)

.rel.dyn        0x0000000008048094        0x0
 *(.rel.init)
 *(.rel.text .rel.text.* .rel.gnu.linkonce.t.*)
 .rel.text      0x0000000008048094        0x0 build/main.o
 *(.rel.fini)
 *(.rel.rodata .rel.rodata.* .rel.gnu.linkonce.r.*)
 *(.rel.data.rel.ro .rel.data.rel.ro.* .rel.gnu.linkonce.d.rel.ro.*)
 *(.rel.data .rel.data.* .rel.gnu.linkonce.d.*)
 *(.rel.tdata .rel.tdata.* .rel.gnu.linkonce.td.*)
 *(.rel.tbss .rel.tbss.* .rel.gnu.linkonce.tb.*)
 *(.rel.ctors)
 *(.rel.dtors)
 *(.rel.got)
 .rel.got       0x0000000008048094        0x0 build/main.o
 *(.rel.bss .rel.bss.* .rel.gnu.linkonce.b.*)
 *(.rel.ifunc)

.rel.plt        0x0000000008048094        0x0
 *(.rel.plt)
                [!provide]                        PROVIDE (__rel_iplt_start = .)
 *(.rel.iplt)
 .rel.iplt      0x0000000008048094        0x0 build/main.o
                [!provide]                        PROVIDE (__rel_iplt_end = .)

.init
 *(SORT_NONE(.init))

.plt            0x0000000008048098        0x0
 *(.plt)
 *(.iplt)
 .iplt          0x0000000008048098        0x0 build/main.o

.plt.got
 *(.plt.got)

.plt.sec
 *(.plt.sec)

.text           0x00000000c0001500     0x3c51
 *(.text.unlikely .text.*_unlikely .text.unlikely.*)
 *(.text.exit .text.exit.*)
 *(.text.startup .text.startup.*)
 *(.text.hot .text.hot.*)
 *(.text .stub .text.* .gnu.linkonce.t.*)
 .text          0x00000000c0001500      0x1fe build/main.o
                0x00000000c0001500                k_thread_a
                0x00000000c000157b                k_thread_b
                0x00000000c00015f6                user_a
                0x00000000c0001615                user_b
                0x00000000c0001634                main
 .text.__x86.get_pc_thunk.bx
                0x00000000c00016fe        0x4 build/main.o
                0x00000000c00016fe                __x86.get_pc_thunk.bx
 .text          0x00000000c0001702       0x52 build/init.o
                0x00000000c0001702                init_all
 .text          0x00000000c0001754      0x119 build/console.o
                0x00000000c0001754                console_init
                0x00000000c000177f                console_acquire
                0x00000000c00017aa                console_release
                0x00000000c00017d5                console_put_char
                0x00000000c000180d                console_put_str
                0x00000000c000183d                console_put_uint32t
 .text.__x86.get_pc_thunk.ax
                0x00000000c000186d        0x4 build/console.o
                0x00000000c000186d                __x86.get_pc_thunk.ax
 .text          0x00000000c0001871      0x29b build/keyboard.o
                0x00000000c0001aaa                keyboard_init
 .text          0x00000000c0001b0c      0x1b6 build/timer.o
                0x00000000c0001c5a                timer_init
 .text          0x00000000c0001cc2      0x378 build/ioqueue.o
                0x00000000c0001cc2                ioqueue_init
                0x00000000c0001d2e                ioq_full
                0x00000000c0001d8f                ioq_empty
                0x00000000c0001e9b                ioq_getchar
                0x00000000c0001f69                ioq_putchar
 .text          0x00000000c000203a      0x405 build/process.o
                0x00000000c000203a                process_start
                0x00000000c000216b                page_dir_activate
                0x00000000c00021b0                process_activate
                0x00000000c0002213                create_page_dir
                0x00000000c00022ad                create_user_vaddr_bitmap
                0x00000000c0002310                process_execute
 .text          0x00000000c000243f      0x57a build/interrupt.o
                0x00000000c0002861                idt_init
                0x00000000c00028e1                intr_enable
                0x00000000c0002911                intr_disable
                0x00000000c0002941                intr_set_status
                0x00000000c0002969                intr_get_status
                0x00000000c0002990                register_handler
 .text          0x00000000c00029b9      0x89d build/memory.o
                0x00000000c0002c0a                mem_init
                0x00000000c0002c5e                pde_ptr
                0x00000000c0002c7b                pte_ptr
                0x00000000c000300b                get_kernel_pages
                0x00000000c0003079                get_user_pages
                0x00000000c00030e7                get_a_page
                0x00000000c0003220                addr_v2p
 .text          0x00000000c0003256      0x733 build/thread.o
                0x00000000c0003256                running_thread
                0x00000000c00032e9                thread_create
                0x00000000c000336a                init_thread
                0x00000000c000341c                thread_start
                0x00000000c00035bb                schedule
                0x00000000c0003753                thread_block
                0x00000000c00037cb                thread_unblock
                0x00000000c0003912                thread_init
 .text.__x86.get_pc_thunk.dx
                0x00000000c0003989        0x4 build/thread.o
                0x00000000c0003989                __x86.get_pc_thunk.dx
 *fill*         0x00000000c000398d        0x3 
 .text          0x00000000c0003990      0x55e build/kernel.o
                0x00000000c0003990                intr_exit
                0x00000000c0003eca                syscall_handler
 *fill*         0x00000000c0003eee        0x2 
 .text          0x00000000c0003ef0       0x15 build/switch.o
                0x00000000c0003ef0                switch_to
 .text          0x00000000c0003f05      0x1b2 build/tss.o
                0x00000000c0003f05                update_tss_esp
                0x00000000c0003f96                tss_init
 *fill*         0x00000000c00040b7        0x9 
 .text          0x00000000c00040c0      0x1bb build/print.o
                0x00000000c00040c0                set_cursor
                0x00000000c00040e4                put_char
                0x00000000c00041b3                put_str
                0x00000000c00041d1                put_int32
                0x00000000c0004227                put_uint32_hex
 .text          0x00000000c000427b       0xe0 build/debug.o
                0x00000000c000427b                panic_spin
 .text          0x00000000c000435b      0x2d8 build/bitmap.o
                0x00000000c000435b                bitmap_init
                0x00000000c000438e                bitmap_scan_test
                0x00000000c00043d8                bitmap_scan
                0x00000000c0004521                bitmap_set
                0x00000000c00045d8                bitmap_get
 .text          0x00000000c0004633      0x4a6 build/string.o
                0x00000000c0004633                memset
                0x00000000c0004699                memcpy
                0x00000000c000470b                memcmp
                0x00000000c00047a4                strcpy
                0x00000000c000480f                strcmp
                0x00000000c00048a4                strcat
                0x00000000c0004924                strchr
                0x00000000c0004992                strrchr
                0x00000000c0004a06                strchrs
                0x00000000c0004a78                strlen
 .text          0x00000000c0004ad9      0x2d5 build/list.o
                0x00000000c0004ad9                list_init
                0x00000000c0004b11                list_insert_before
                0x00000000c0004b8f                list_push
                0x00000000c0004bb7                list_append
                0x00000000c0004bdf                list_remove
                0x00000000c0004c5c                list_pop
                0x00000000c0004ca1                list_isEmpty
                0x00000000c0004cc4                list_len
                0x00000000c0004d03                list_traversal
                0x00000000c0004d69                have_elem
 .text          0x00000000c0004dae      0x317 build/sync.o
                0x00000000c0004dae                sema_init
                0x00000000c0004de8                lock_init
                0x00000000c0004e22                sema_down
                0x00000000c0004f17                sema_up
                0x00000000c0004f8f                lock_acquire
                0x00000000c000502d                lock_release
 .text          0x00000000c00050c5       0x1f build/syscall.o
                0x00000000c00050c5                getpid
 .text          0x00000000c00050e4       0x6d build/syscall-init.o
                0x00000000c00050e4                sys_getpid
                0x00000000c0005107                syscall_init
 *(.gnu.warning)

.fini
 *(SORT_NONE(.fini))
                [!provide]                        PROVIDE (__etext = .)
                [!provide]                        PROVIDE (_etext = .)
                [!provide]                        PROVIDE (etext = .)

.rodata         0x00000000c0005154      0xcb0
 *(.rodata .rodata.* .gnu.linkonce.r.*)
 .rodata        0x00000000c0005154       0x73 build/main.o
 .rodata        0x00000000c00051c7        0xa build/init.o
 .rodata        0x00000000c00051d1       0x29 build/keyboard.o
 *fill*         0x00000000c00051fa        0x2 
 .rodata        0x00000000c00051fc       0x6b build/timer.o
 *fill*         0x00000000c0005267        0x1 
 .rodata        0x00000000c0005268       0xa8 build/ioqueue.o
 .rodata        0x00000000c0005310      0x11c build/process.o
 .rodata        0x00000000c000542c      0x2d9 build/interrupt.o
 *fill*         0x00000000c0005705        0x3 
 .rodata        0x00000000c0005708      0x173 build/memory.o
 *fill*         0x00000000c000587b        0x1 
 .rodata        0x00000000c000587c      0x283 build/thread.o
 .rodata        0x00000000c0005aff       0x27 build/tss.o
 .rodata        0x00000000c0005b26       0x39 build/debug.o
 *fill*         0x00000000c0005b5f        0x1 
 .rodata        0x00000000c0005b60       0x67 build/bitmap.o
 *fill*         0x00000000c0005bc7        0x1 
 .rodata        0x00000000c0005bc8       0xc3 build/string.o
 *fill*         0x00000000c0005c8b        0x1 
 .rodata        0x00000000c0005c8c       0x78 build/list.o
 .rodata        0x00000000c0005d04       0xd9 build/sync.o
 .rodata        0x00000000c0005ddd       0x27 build/syscall-init.o

.rodata1
 *(.rodata1)

.eh_frame_hdr
 *(.eh_frame_hdr)
 *(.eh_frame_entry .eh_frame_entry.*)

.eh_frame       0x00000000c0005e04      0xebc
 *(.eh_frame)
 .eh_frame      0x00000000c0005e04       0xc4 build/main.o
 .eh_frame      0x00000000c0005ec8       0x24 build/init.o
                                         0x50 (size before relaxing)
 .eh_frame      0x00000000c0005eec       0xec build/console.o
                                        0x118 (size before relaxing)
 .eh_frame      0x00000000c0005fd8       0x68 build/keyboard.o
                                         0xa8 (size before relaxing)
 .eh_frame      0x00000000c0006040       0x94 build/timer.o
                                         0xd4 (size before relaxing)
 .eh_frame      0x00000000c00060d4      0x11c build/ioqueue.o
                                        0x15c (size before relaxing)
 .eh_frame      0x00000000c00061f0       0xd8 build/process.o
                                        0x118 (size before relaxing)
 .eh_frame      0x00000000c00062c8      0x1a0 build/interrupt.o
                                        0x1e0 (size before relaxing)
 .eh_frame      0x00000000c0006468      0x1a0 build/memory.o
                                        0x1e0 (size before relaxing)
 .eh_frame      0x00000000c0006608      0x194 build/thread.o
                                        0x1d4 (size before relaxing)
 .eh_frame      0x00000000c000679c       0x6c build/tss.o
                                         0xac (size before relaxing)
 .eh_frame      0x00000000c0006808       0x1c build/debug.o
                                         0x48 (size before relaxing)
 .eh_frame      0x00000000c0006824       0xb0 build/bitmap.o
                                         0xdc (size before relaxing)
 .eh_frame      0x00000000c00068d4      0x168 build/string.o
                                        0x194 (size before relaxing)
 .eh_frame      0x00000000c0006a3c      0x148 build/list.o
                                        0x188 (size before relaxing)
 .eh_frame      0x00000000c0006b84       0xd4 build/sync.o
                                        0x114 (size before relaxing)
 .eh_frame      0x00000000c0006c58       0x20 build/syscall.o
                                         0x4c (size before relaxing)
 .eh_frame      0x00000000c0006c78       0x48 build/syscall-init.o
                                         0x88 (size before relaxing)
 *(.eh_frame.*)

.gcc_except_table
 *(.gcc_except_table .gcc_except_table.*)

.gnu_extab
 *(.gnu_extab*)

.exception_ranges
 *(.exception_ranges .exception_ranges*)
                0x00000000c0008000                . = DATA_SEGMENT_ALIGN (CONSTANT (MAXPAGESIZE), CONSTANT (COMMONPAGESIZE))

.eh_frame
 *(.eh_frame)
 *(.eh_frame.*)

.gnu_extab
 *(.gnu_extab)

.gcc_except_table
 *(.gcc_except_table .gcc_except_table.*)

.exception_ranges
 *(.exception_ranges .exception_ranges*)

.tdata
 *(.tdata .tdata.* .gnu.linkonce.td.*)

.tbss
 *(.tbss .tbss.* .gnu.linkonce.tb.*)
 *(.tcommon)

.preinit_array  0x00000000c0008000        0x0
                [!provide]                        PROVIDE (__preinit_array_start = .)
 *(.preinit_array)
                [!provide]                        PROVIDE (__preinit_array_end = .)

.init_array     0x00000000c0008000        0x0
                [!provide]                        PROVIDE (__init_array_start = .)
 *(SORT_BY_INIT_PRIORITY(.init_array.*) SORT_BY_INIT_PRIORITY(.ctors.*))
 *(.init_array EXCLUDE_FILE(*crtend?.o *crtend.o *crtbegin?.o *crtbegin.o) .ctors)
                [!provide]                        PROVIDE (__init_array_end = .)

.fini_array     0x00000000c0008000        0x0
                [!provide]                        PROVIDE (__fini_array_start = .)
 *(SORT_BY_INIT_PRIORITY(.fini_array.*) SORT_BY_INIT_PRIORITY(.dtors.*))
 *(.fini_array EXCLUDE_FILE(*crtend?.o *crtend.o *crtbegin?.o *crtbegin.o) .dtors)
                [!provide]                        PROVIDE (__fini_array_end = .)

.ctors
 *crtbegin.o(.ctors)
 *crtbegin?.o(.ctors)
 *(EXCLUDE_FILE(*crtend?.o *crtend.o) .ctors)
 *(SORT_BY_NAME(.ctors.*))
 *(.ctors)

.dtors
 *crtbegin.o(.dtors)
 *crtbegin?.o(.dtors)
 *(EXCLUDE_FILE(*crtend?.o *crtend.o) .dtors)
 *(SORT_BY_NAME(.dtors.*))
 *(.dtors)

.jcr
 *(.jcr)

.data.rel.ro
 *(.data.rel.ro.local* .gnu.linkonce.d.rel.ro.local.*)
 *(.data.rel.ro .data.rel.ro.* .gnu.linkonce.d.rel.ro.*)

.dynamic
 *(.dynamic)

.got            0x00000000c0008000        0x0
 *(.got)
 .got           0x00000000c0008000        0x0 build/main.o
 *(.igot)
                0x00000000c0008ff4                . = DATA_SEGMENT_RELRO_END (., (SIZEOF (.got.plt) >= 0xc)?0xc:0x0)

.got.plt        0x00000000c0008000        0xc
 *(.got.plt)
 .got.plt       0x00000000c0008000        0xc build/main.o
                0x00000000c0008000                _GLOBAL_OFFSET_TABLE_
 *(.igot.plt)
 .igot.plt      0x00000000c000800c        0x0 build/main.o

.data           0x00000000c0008020      0x163
 *(.data .data.* .gnu.linkonce.d.*)
 .data          0x00000000c0008020        0x0 build/main.o
 .data          0x00000000c0008020        0x0 build/init.o
 .data          0x00000000c0008020        0x0 build/console.o
 .data          0x00000000c0008020       0x8e build/keyboard.o
 .data          0x00000000c00080ae        0x0 build/timer.o
 .data          0x00000000c00080ae        0x0 build/ioqueue.o
 .data          0x00000000c00080ae        0x0 build/process.o
 .data          0x00000000c00080ae        0x0 build/interrupt.o
 .data          0x00000000c00080ae        0x0 build/memory.o
 .data          0x00000000c00080ae        0x0 build/thread.o
 *fill*         0x00000000c00080ae        0x2 
 .data          0x00000000c00080b0       0xd3 build/kernel.o
                0x00000000c00080c3                intr_entry_table
 .data          0x00000000c0008183        0x0 build/tss.o
 .data          0x00000000c0008183        0x0 build/debug.o
 .data          0x00000000c0008183        0x0 build/bitmap.o
 .data          0x00000000c0008183        0x0 build/string.o
 .data          0x00000000c0008183        0x0 build/list.o
 .data          0x00000000c0008183        0x0 build/sync.o
 .data          0x00000000c0008183        0x0 build/syscall.o
 .data          0x00000000c0008183        0x0 build/syscall-init.o

.data1
 *(.data1)
                0x00000000c0008183                _edata = .
                [!provide]                        PROVIDE (edata = .)
                0x00000000c0008183                . = .
                0x00000000c0008183                __bss_start = .

.bss            0x00000000c00081a0      0xae0
 *(.dynbss)
 *(.bss .bss.* .gnu.linkonce.b.*)
 .bss           0x00000000c00081a0        0x8 build/main.o
                0x00000000c00081a0                user_a_pid
                0x00000000c00081a4                user_b_pid
 .bss           0x00000000c00081a8        0x0 build/init.o
 .bss           0x00000000c00081a8       0x1c build/console.o
 .bss           0x00000000c00081c4        0x5 build/keyboard.o
 *fill*         0x00000000c00081c9        0x3 
 .bss           0x00000000c00081cc        0x4 build/timer.o
                0x00000000c00081cc                ticks
 .bss           0x00000000c00081d0        0x0 build/ioqueue.o
 .bss           0x00000000c00081d0        0x0 build/process.o
 *fill*         0x00000000c00081d0       0x10 
 .bss           0x00000000c00081e0      0x408 build/interrupt.o
 .bss           0x00000000c00085e8        0x0 build/memory.o
 .bss           0x00000000c00085e8        0x6 build/thread.o
 *fill*         0x00000000c00085ee       0x12 
 .bss           0x00000000c0008600       0x6c build/tss.o
 .bss           0x00000000c000866c        0x0 build/debug.o
 .bss           0x00000000c000866c        0x0 build/bitmap.o
 .bss           0x00000000c000866c        0x0 build/string.o
 .bss           0x00000000c000866c        0x0 build/list.o
 .bss           0x00000000c000866c        0x0 build/sync.o
 .bss           0x00000000c000866c        0x0 build/syscall.o
 .bss           0x00000000c000866c        0x0 build/syscall-init.o
 *(COMMON)
 *fill*         0x00000000c000866c       0x14 
 COMMON         0x00000000c0008680       0x6c build/keyboard.o
                0x00000000c0008680                kbd_buf
 *fill*         0x00000000c00086ec       0x14 
 COMMON         0x00000000c0008700      0x424 build/interrupt.o
                0x00000000c0008700                intr_name
                0x00000000c0008920                idt_table
 *fill*         0x00000000c0008b24       0x1c 
 COMMON         0x00000000c0008b40       0x6c build/memory.o
                0x00000000c0008b40                user_pool
                0x00000000c0008b6c                kernel_vaddr
                0x00000000c0008b80                kernel_pool
 COMMON         0x00000000c0008bac       0x40 build/thread.o
                0x00000000c0008bac                thread_ready_list
                0x00000000c0008bbc                thread_all_list
                0x00000000c0008bcc                main_thread
                0x00000000c0008bd0                pid_lock
 *fill*         0x00000000c0008bec       0x14 
 COMMON         0x00000000c0008c00       0x80 build/syscall-init.o
                0x00000000c0008c00                syscall_table
                0x00000000c0008c80                . = ALIGN ((. != 0x0)?0x4:0x1)
                0x00000000c0008c80                . = ALIGN (0x4)
                0x00000000c0008c80                . = SEGMENT_START ("ldata-segment", .)
                0x00000000c0008c80                . = ALIGN (0x4)
                0x00000000c0008c80                _end = .
                [!provide]                        PROVIDE (end = .)
                0x00000000c0008c80                . = DATA_SEGMENT_END (.)

.stab
 *(.stab)

.stabstr
 *(.stabstr)

.stab.excl
 *(.stab.excl)

.stab.exclstr
 *(.stab.exclstr)

.stab.index
 *(.stab.index)

.stab.indexstr
 *(.stab.indexstr)

.comment        0x0000000000000000       0x1d
 *(.comment)
 .comment       0x0000000000000000       0x1d build/main.o
                                         0x1e (size before relaxing)
 .comment       0x000000000000001d       0x1e build/init.o
 .comment       0x000000000000001d       0x1e build/console.o
 .comment       0x000000000000001d       0x1e build/keyboard.o
 .comment       0x000000000000001d       0x1e build/timer.o
 .comment       0x000000000000001d       0x1e build/ioqueue.o
 .comment       0x000000000000001d       0x1e build/process.o
 .comment       0x000000000000001d       0x1e build/interrupt.o
 .comment       0x000000000000001d       0x1e build/memory.o
 .comment       0x000000000000001d       0x1e build/thread.o
 .comment       0x000000000000001d       0x1e build/tss.o
 .comment       0x000000000000001d       0x1e build/debug.o
 .comment       0x000000000000001d       0x1e build/bitmap.o
 .comment       0x000000000000001d       0x1e build/string.o
 .comment       0x000000000000001d       0x1e build/list.o
 .comment       0x000000000000001d       0x1e build/sync.o
 .comment       0x000000000000001d       0x1e build/syscall.o
 .comment       0x000000000000001d       0x1e build/syscall-init.o

.debug
 *(.debug)

.line
 *(.line)

.debug_srcinfo
 *(.debug_srcinfo)

.debug_sfnames
 *(.debug_sfnames)

.debug_aranges
 *(.debug_aranges)

.debug_pubnames
 *(.debug_pubnames)

.debug_info
 *(.debug_info .gnu.linkonce.wi.*)

.debug_abbrev
 *(.debug_abbrev)

.debug_line
 *(.debug_line .debug_line.* .debug_line_end)

.debug_frame
 *(.debug_frame)

.debug_str
 *(.debug_str)

.debug_loc
 *(.debug_loc)

.debug_macinfo
 *(.debug_macinfo)

.debug_weaknames
 *(.debug_weaknames)

.debug_funcnames
 *(.debug_funcnames)

.debug_typenames
 *(.debug_typenames)

.debug_varnames
 *(.debug_varnames)

.debug_pubtypes
 *(.debug_pubtypes)

.debug_ranges
 *(.debug_ranges)

.debug_macro
 *(.debug_macro)

.debug_addr
 *(.debug_addr)

.gnu.attributes
 *(.gnu.attributes)

/DISCARD/
 *(.note.GNU-stack)
 *(.gnu_debuglink)
 *(.gnu.lto_*)
OUTPUT(build/kernel.bin elf32-i386)
