
Allocating common symbols
Common symbol       size              file

kbd_buf             0x6c              build/keyboard.o
thread_ready_list   0x10              build/thread.o
thread_all_list     0x10              build/thread.o
user_pool           0x2c              build/memory.o
channel_cnt         0x1               build/ide.o
k_block_descs       0xa8              build/memory.o
idle_thread         0x4               build/thread.o
intr_name           0x204             build/interrupt.o
main_thread         0x4               build/thread.o
channels            0xcc0             build/ide.o
kernel_vaddr        0xc               build/memory.o
syscall_table       0x80              build/syscall-init.o
idt_table           0x204             build/interrupt.o
kernel_pool         0x2c              build/memory.o
pid_lock            0x1c              build/thread.o

Discarded input sections

 .group         0x0000000000000000        0x8 build/main.o
 .note.GNU-stack
                0x0000000000000000        0x0 build/main.o
 .group         0x0000000000000000        0x8 build/init.o
 .text.__x86.get_pc_thunk.bx
                0x0000000000000000        0x4 build/init.o
 .note.GNU-stack
                0x0000000000000000        0x0 build/init.o
 .group         0x0000000000000000        0x8 build/console.o
 .group         0x0000000000000000        0x8 build/console.o
 .text.__x86.get_pc_thunk.bx
                0x0000000000000000        0x4 build/console.o
 .note.GNU-stack
                0x0000000000000000        0x0 build/console.o
 .group         0x0000000000000000        0x8 build/keyboard.o
 .group         0x0000000000000000        0x8 build/keyboard.o
 .text.__x86.get_pc_thunk.ax
                0x0000000000000000        0x4 build/keyboard.o
 .text.__x86.get_pc_thunk.bx
                0x0000000000000000        0x4 build/keyboard.o
 .note.GNU-stack
                0x0000000000000000        0x0 build/keyboard.o
 .group         0x0000000000000000        0x8 build/timer.o
 .group         0x0000000000000000        0x8 build/timer.o
 .text.__x86.get_pc_thunk.ax
                0x0000000000000000        0x4 build/timer.o
 .text.__x86.get_pc_thunk.bx
                0x0000000000000000        0x4 build/timer.o
 .note.GNU-stack
                0x0000000000000000        0x0 build/timer.o
 .group         0x0000000000000000        0x8 build/ioqueue.o
 .group         0x0000000000000000        0x8 build/ioqueue.o
 .text.__x86.get_pc_thunk.ax
                0x0000000000000000        0x4 build/ioqueue.o
 .text.__x86.get_pc_thunk.bx
                0x0000000000000000        0x4 build/ioqueue.o
 .note.GNU-stack
                0x0000000000000000        0x0 build/ioqueue.o
 .group         0x0000000000000000        0x8 build/process.o
 .group         0x0000000000000000        0x8 build/process.o
 .text.__x86.get_pc_thunk.ax
                0x0000000000000000        0x4 build/process.o
 .text.__x86.get_pc_thunk.bx
                0x0000000000000000        0x4 build/process.o
 .note.GNU-stack
                0x0000000000000000        0x0 build/process.o
 .group         0x0000000000000000        0x8 build/interrupt.o
 .group         0x0000000000000000        0x8 build/interrupt.o
 .text.__x86.get_pc_thunk.ax
                0x0000000000000000        0x4 build/interrupt.o
 .text.__x86.get_pc_thunk.bx
                0x0000000000000000        0x4 build/interrupt.o
 .note.GNU-stack
                0x0000000000000000        0x0 build/interrupt.o
 .group         0x0000000000000000        0x8 build/memory.o
 .group         0x0000000000000000        0x8 build/memory.o
 .text.__x86.get_pc_thunk.ax
                0x0000000000000000        0x4 build/memory.o
 .text.__x86.get_pc_thunk.bx
                0x0000000000000000        0x4 build/memory.o
 .note.GNU-stack
                0x0000000000000000        0x0 build/memory.o
 .group         0x0000000000000000        0x8 build/thread.o
 .group         0x0000000000000000        0x8 build/thread.o
 .group         0x0000000000000000        0x8 build/thread.o
 .text.__x86.get_pc_thunk.ax
                0x0000000000000000        0x4 build/thread.o
 .text.__x86.get_pc_thunk.bx
                0x0000000000000000        0x4 build/thread.o
 .note.GNU-stack
                0x0000000000000000        0x0 build/thread.o
 .group         0x0000000000000000        0x8 build/tss.o
 .group         0x0000000000000000        0x8 build/tss.o
 .text.__x86.get_pc_thunk.ax
                0x0000000000000000        0x4 build/tss.o
 .text.__x86.get_pc_thunk.bx
                0x0000000000000000        0x4 build/tss.o
 .note.GNU-stack
                0x0000000000000000        0x0 build/tss.o
 .group         0x0000000000000000        0x8 build/debug.o
 .text.__x86.get_pc_thunk.bx
                0x0000000000000000        0x4 build/debug.o
 .note.GNU-stack
                0x0000000000000000        0x0 build/debug.o
 .group         0x0000000000000000        0x8 build/bitmap.o
 .text.__x86.get_pc_thunk.ax
                0x0000000000000000        0x4 build/bitmap.o
 .note.GNU-stack
                0x0000000000000000        0x0 build/bitmap.o
 .group         0x0000000000000000        0x8 build/string.o
 .text.__x86.get_pc_thunk.ax
                0x0000000000000000        0x4 build/string.o
 .note.GNU-stack
                0x0000000000000000        0x0 build/string.o
 .group         0x0000000000000000        0x8 build/list.o
 .group         0x0000000000000000        0x8 build/list.o
 .text.__x86.get_pc_thunk.ax
                0x0000000000000000        0x4 build/list.o
 .text.__x86.get_pc_thunk.bx
                0x0000000000000000        0x4 build/list.o
 .note.GNU-stack
                0x0000000000000000        0x0 build/list.o
 .group         0x0000000000000000        0x8 build/sync.o
 .group         0x0000000000000000        0x8 build/sync.o
 .text.__x86.get_pc_thunk.ax
                0x0000000000000000        0x4 build/sync.o
 .text.__x86.get_pc_thunk.bx
                0x0000000000000000        0x4 build/sync.o
 .note.GNU-stack
                0x0000000000000000        0x0 build/sync.o
 .group         0x0000000000000000        0x8 build/syscall.o
 .text.__x86.get_pc_thunk.ax
                0x0000000000000000        0x4 build/syscall.o
 .note.GNU-stack
                0x0000000000000000        0x0 build/syscall.o
 .group         0x0000000000000000        0x8 build/syscall-init.o
 .group         0x0000000000000000        0x8 build/syscall-init.o
 .text.__x86.get_pc_thunk.ax
                0x0000000000000000        0x4 build/syscall-init.o
 .text.__x86.get_pc_thunk.bx
                0x0000000000000000        0x4 build/syscall-init.o
 .note.GNU-stack
                0x0000000000000000        0x0 build/syscall-init.o
 .group         0x0000000000000000        0x8 build/stdio.o
 .group         0x0000000000000000        0x8 build/stdio.o
 .text.__x86.get_pc_thunk.ax
                0x0000000000000000        0x4 build/stdio.o
 .text.__x86.get_pc_thunk.bx
                0x0000000000000000        0x4 build/stdio.o
 .note.GNU-stack
                0x0000000000000000        0x0 build/stdio.o
 .group         0x0000000000000000        0x8 build/ide.o
 .group         0x0000000000000000        0x8 build/ide.o
 .text.__x86.get_pc_thunk.ax
                0x0000000000000000        0x4 build/ide.o
 .text.__x86.get_pc_thunk.bx
                0x0000000000000000        0x4 build/ide.o
 .note.GNU-stack
                0x0000000000000000        0x0 build/ide.o

Memory Configuration

Name             Origin             Length             Attributes
*default*        0x0000000000000000 0xffffffffffffffff

Linker script and memory map

Address of section .text set to 0xc0001500
LOAD build/main.o
LOAD build/init.o
LOAD build/console.o
LOAD build/keyboard.o
LOAD build/timer.o
LOAD build/ioqueue.o
LOAD build/process.o
LOAD build/interrupt.o
LOAD build/memory.o
LOAD build/thread.o
LOAD build/kernel.o
LOAD build/switch.o
LOAD build/tss.o
LOAD build/print.o
LOAD build/debug.o
LOAD build/bitmap.o
LOAD build/string.o
LOAD build/list.o
LOAD build/sync.o
LOAD build/syscall.o
LOAD build/syscall-init.o
LOAD build/stdio.o
LOAD build/ide.o
                [!provide]                        PROVIDE (__executable_start = SEGMENT_START ("text-segment", 0x8048000))
                0x0000000008048094                . = (SEGMENT_START ("text-segment", 0x8048000) + SIZEOF_HEADERS)

.interp
 *(.interp)

.note.gnu.build-id
 *(.note.gnu.build-id)

.hash
 *(.hash)

.gnu.hash
 *(.gnu.hash)

.dynsym
 *(.dynsym)

.dynstr
 *(.dynstr)

.gnu.version
 *(.gnu.version)

.gnu.version_d
 *(.gnu.version_d)

.gnu.version_r
 *(.gnu.version_r)

.rel.dyn        0x0000000008048094        0x0
 *(.rel.init)
 *(.rel.text .rel.text.* .rel.gnu.linkonce.t.*)
 .rel.text      0x0000000008048094        0x0 build/main.o
 *(.rel.fini)
 *(.rel.rodata .rel.rodata.* .rel.gnu.linkonce.r.*)
 *(.rel.data.rel.ro .rel.data.rel.ro.* .rel.gnu.linkonce.d.rel.ro.*)
 *(.rel.data .rel.data.* .rel.gnu.linkonce.d.*)
 *(.rel.tdata .rel.tdata.* .rel.gnu.linkonce.td.*)
 *(.rel.tbss .rel.tbss.* .rel.gnu.linkonce.tb.*)
 *(.rel.ctors)
 *(.rel.dtors)
 *(.rel.got)
 .rel.got       0x0000000008048094        0x0 build/main.o
 *(.rel.bss .rel.bss.* .rel.gnu.linkonce.b.*)
 *(.rel.ifunc)

.rel.plt        0x0000000008048094        0x0
 *(.rel.plt)
                [!provide]                        PROVIDE (__rel_iplt_start = .)
 *(.rel.iplt)
 .rel.iplt      0x0000000008048094        0x0 build/main.o
                [!provide]                        PROVIDE (__rel_iplt_end = .)

.init
 *(SORT_NONE(.init))

.plt            0x0000000008048098        0x0
 *(.plt)
 *(.iplt)
 .iplt          0x0000000008048098        0x0 build/main.o

.plt.got
 *(.plt.got)

.plt.sec
 *(.plt.sec)

.text           0x00000000c0001500     0x50d1
 *(.text.unlikely .text.*_unlikely .text.unlikely.*)
 *(.text.exit .text.exit.*)
 *(.text.startup .text.startup.*)
 *(.text.hot .text.hot.*)
 *(.text .stub .text.* .gnu.linkonce.t.*)
 .text          0x00000000c0001500      0x3cc build/main.o
                0x00000000c0001500                k_thread_a
                0x00000000c00015f2                k_thread_b
                0x00000000c00016e4                u_prog_a
                0x00000000c000178b                u_prog_b
                0x00000000c0001832                main
 .text.__x86.get_pc_thunk.bx
                0x00000000c00018cc        0x4 build/main.o
                0x00000000c00018cc                __x86.get_pc_thunk.bx
 .text          0x00000000c00018d0       0x52 build/init.o
                0x00000000c00018d0                init_all
 .text          0x00000000c0001922      0x119 build/console.o
                0x00000000c0001922                console_init
                0x00000000c000194d                console_acquire
                0x00000000c0001978                console_release
                0x00000000c00019a3                console_put_char
                0x00000000c00019db                console_put_str
                0x00000000c0001a0b                console_put_uint32t
 .text.__x86.get_pc_thunk.ax
                0x00000000c0001a3b        0x4 build/console.o
                0x00000000c0001a3b                __x86.get_pc_thunk.ax
 .text          0x00000000c0001a3f      0x29b build/keyboard.o
                0x00000000c0001c78                keyboard_init
 .text          0x00000000c0001cda      0x257 build/timer.o
                0x00000000c0001e62                mtime_sleep
                0x00000000c0001ec9                timer_init
 .text          0x00000000c0001f31      0x378 build/ioqueue.o
                0x00000000c0001f31                ioqueue_init
                0x00000000c0001f9d                ioq_full
                0x00000000c0001ffe                ioq_empty
                0x00000000c000210a                ioq_getchar
                0x00000000c00021d8                ioq_putchar
 .text          0x00000000c00022a9      0x423 build/process.o
                0x00000000c00022a9                process_start
                0x00000000c00023da                page_dir_activate
                0x00000000c0002425                process_activate
                0x00000000c000248b                create_page_dir
                0x00000000c0002525                create_user_vaddr_bitmap
                0x00000000c0002588                process_execute
 .text          0x00000000c00026cc      0x57d build/interrupt.o
                0x00000000c0002af1                idt_init
                0x00000000c0002b71                intr_enable
                0x00000000c0002ba1                intr_disable
                0x00000000c0002bd1                intr_set_status
                0x00000000c0002bf9                intr_get_status
                0x00000000c0002c20                register_handler
 .text          0x00000000c0002c49     0x10e1 build/memory.o
                0x00000000c0002e9a                block_desc_init
                0x00000000c0002f3a                mem_init
                0x00000000c0002fa0                pde_ptr
                0x00000000c0002fbd                pte_ptr
                0x00000000c0002fee                addr_v2p
                0x00000000c00033a1                page_table_pte_remove
                0x00000000c00034a9                get_kernel_pages
                0x00000000c0003517                get_user_pages
                0x00000000c0003585                get_a_page
                0x00000000c00036c4                free_pages
                0x00000000c00037bd                sys_malloc
                0x00000000c0003bf2                sys_free
 .text          0x00000000c0003d2a      0x7ea build/thread.o
                0x00000000c0003d2a                running_thread
                0x00000000c0003dbd                thread_create
                0x00000000c0003e3e                init_thread
                0x00000000c0003ef9                thread_start
                0x00000000c00040c4                schedule
                0x00000000c0004254                thread_block
                0x00000000c00042cc                thread_unblock
                0x00000000c0004413                thread_yield
                0x00000000c0004479                thread_init
 .text.__x86.get_pc_thunk.dx
                0x00000000c0004514        0x4 build/thread.o
                0x00000000c0004514                __x86.get_pc_thunk.dx
 *fill*         0x00000000c0004518        0x8 
 .text          0x00000000c0004520      0x55e build/kernel.o
                0x00000000c0004520                intr_exit
                0x00000000c0004a5a                syscall_handler
 *fill*         0x00000000c0004a7e        0x2 
 .text          0x00000000c0004a80       0x15 build/switch.o
                0x00000000c0004a80                switch_to
 .text          0x00000000c0004a95      0x1b2 build/tss.o
                0x00000000c0004a95                update_tss_esp
                0x00000000c0004b26                tss_init
 *fill*         0x00000000c0004c47        0x9 
 .text          0x00000000c0004c50      0x1bb build/print.o
                0x00000000c0004c50                set_cursor
                0x00000000c0004c74                put_char
                0x00000000c0004d43                put_str
                0x00000000c0004d61                put_int32
                0x00000000c0004db7                put_uint32_hex
 .text          0x00000000c0004e0b       0xe0 build/debug.o
                0x00000000c0004e0b                panic_spin
 .text          0x00000000c0004eeb      0x2d8 build/bitmap.o
                0x00000000c0004eeb                bitmap_init
                0x00000000c0004f1e                bitmap_scan_test
                0x00000000c0004f68                bitmap_scan
                0x00000000c00050b1                bitmap_set
                0x00000000c0005168                bitmap_get
 .text          0x00000000c00051c3      0x4a6 build/string.o
                0x00000000c00051c3                memset
                0x00000000c0005229                memcpy
                0x00000000c000529b                memcmp
                0x00000000c0005334                strcpy
                0x00000000c000539f                strcmp
                0x00000000c0005434                strcat
                0x00000000c00054b4                strchr
                0x00000000c0005522                strrchr
                0x00000000c0005596                strchrs
                0x00000000c0005608                strlen
 .text          0x00000000c0005669      0x2d5 build/list.o
                0x00000000c0005669                list_init
                0x00000000c00056a1                list_insert_before
                0x00000000c000571f                list_push
                0x00000000c0005747                list_append
                0x00000000c000576f                list_remove
                0x00000000c00057ec                list_pop
                0x00000000c0005831                list_isEmpty
                0x00000000c0005854                list_len
                0x00000000c0005893                list_traversal
                0x00000000c00058f9                have_elem
 .text          0x00000000c000593e      0x2ec build/sync.o
                0x00000000c000593e                sema_init
                0x00000000c0005978                lock_init
                0x00000000c00059b2                sema_down
                0x00000000c0005aa7                sema_up
                0x00000000c0005b1f                lock_acquire
                0x00000000c0005ba7                lock_release
 .text          0x00000000c0005c2a       0xa0 build/syscall.o
                0x00000000c0005c2a                getpid
                0x00000000c0005c49                write
                0x00000000c0005c7a                malloc
                0x00000000c0005ca3                free
 .text          0x00000000c0005cca       0xcd build/syscall-init.o
                0x00000000c0005cca                sys_getpid
                0x00000000c0005ced                sys_write
                0x00000000c0005d20                syscall_init
 .text          0x00000000c0005d97      0x358 build/stdio.o
                0x00000000c0005e28                vsprintf
                0x00000000c0005fd1                sprintf
                0x00000000c000600b                printf
                0x00000000c0006074                printk
 .text          0x00000000c00060ef      0x4e2 build/ide.o
                0x00000000c0006235                ide_read
                0x00000000c000638e                ide_write
                0x00000000c000639e                intr_hd_handler
                0x00000000c0006470                ide_init
 *(.gnu.warning)

.fini
 *(SORT_NONE(.fini))
                [!provide]                        PROVIDE (__etext = .)
                [!provide]                        PROVIDE (_etext = .)
                [!provide]                        PROVIDE (etext = .)

.rodata         0x00000000c00065d4      0xe41
 *(.rodata .rodata.* .gnu.linkonce.r.*)
 .rodata        0x00000000c00065d4       0x7b build/main.o
 .rodata        0x00000000c000664f        0xa build/init.o
 .rodata        0x00000000c0006659       0x29 build/keyboard.o
 *fill*         0x00000000c0006682        0x2 
 .rodata        0x00000000c0006684       0x6b build/timer.o
 *fill*         0x00000000c00066ef        0x1 
 .rodata        0x00000000c00066f0       0xa8 build/ioqueue.o
 .rodata        0x00000000c0006798      0x11c build/process.o
 .rodata        0x00000000c00068b4      0x2d9 build/interrupt.o
 *fill*         0x00000000c0006b8d        0x3 
 .rodata        0x00000000c0006b90      0x251 build/memory.o
 *fill*         0x00000000c0006de1        0x3 
 .rodata        0x00000000c0006de4      0x263 build/thread.o
 .rodata        0x00000000c0007047       0x27 build/tss.o
 .rodata        0x00000000c000706e       0x39 build/debug.o
 *fill*         0x00000000c00070a7        0x1 
 .rodata        0x00000000c00070a8       0x67 build/bitmap.o
 *fill*         0x00000000c000710f        0x1 
 .rodata        0x00000000c0007110       0xc3 build/string.o
 *fill*         0x00000000c00071d3        0x1 
 .rodata        0x00000000c00071d4       0x78 build/list.o
 .rodata        0x00000000c000724c       0xd9 build/sync.o
 .rodata        0x00000000c0007325       0x27 build/syscall-init.o
 .rodata        0x00000000c000734c       0xc9 build/ide.o

.rodata1
 *(.rodata1)

.eh_frame_hdr
 *(.eh_frame_hdr)
 *(.eh_frame_entry .eh_frame_entry.*)

.eh_frame       0x00000000c0007418     0x131c
 *(.eh_frame)
 .eh_frame      0x00000000c0007418       0xc4 build/main.o
 .eh_frame      0x00000000c00074dc       0x24 build/init.o
                                         0x50 (size before relaxing)
 .eh_frame      0x00000000c0007500       0xec build/console.o
                                        0x118 (size before relaxing)
 .eh_frame      0x00000000c00075ec       0x68 build/keyboard.o
                                         0xa8 (size before relaxing)
 .eh_frame      0x00000000c0007654       0xd8 build/timer.o
                                        0x118 (size before relaxing)
 .eh_frame      0x00000000c000772c      0x11c build/ioqueue.o
                                        0x15c (size before relaxing)
 .eh_frame      0x00000000c0007848       0xd8 build/process.o
                                        0x118 (size before relaxing)
 .eh_frame      0x00000000c0007920      0x1a0 build/interrupt.o
                                        0x1e0 (size before relaxing)
 .eh_frame      0x00000000c0007ac0      0x304 build/memory.o
                                        0x344 (size before relaxing)
 .eh_frame      0x00000000c0007dc4      0x1d4 build/thread.o
                                        0x214 (size before relaxing)
 .eh_frame      0x00000000c0007f98       0x6c build/tss.o
                                         0xac (size before relaxing)
 .eh_frame      0x00000000c0008004       0x1c build/debug.o
                                         0x48 (size before relaxing)
 .eh_frame      0x00000000c0008020       0xb0 build/bitmap.o
                                         0xdc (size before relaxing)
 .eh_frame      0x00000000c00080d0      0x168 build/string.o
                                        0x194 (size before relaxing)
 .eh_frame      0x00000000c0008238      0x148 build/list.o
                                        0x188 (size before relaxing)
 .eh_frame      0x00000000c0008380       0xd4 build/sync.o
                                        0x114 (size before relaxing)
 .eh_frame      0x00000000c0008454       0x8c build/syscall.o
                                         0xb8 (size before relaxing)
 .eh_frame      0x00000000c00084e0       0x6c build/syscall-init.o
                                         0xac (size before relaxing)
 .eh_frame      0x00000000c000854c       0xb8 build/stdio.o
                                         0xf8 (size before relaxing)
 .eh_frame      0x00000000c0008604      0x130 build/ide.o
                                        0x170 (size before relaxing)
 *(.eh_frame.*)

.gcc_except_table
 *(.gcc_except_table .gcc_except_table.*)

.gnu_extab
 *(.gnu_extab*)

.exception_ranges
 *(.exception_ranges .exception_ranges*)
                0x00000000c000a000                . = DATA_SEGMENT_ALIGN (CONSTANT (MAXPAGESIZE), CONSTANT (COMMONPAGESIZE))

.eh_frame
 *(.eh_frame)
 *(.eh_frame.*)

.gnu_extab
 *(.gnu_extab)

.gcc_except_table
 *(.gcc_except_table .gcc_except_table.*)

.exception_ranges
 *(.exception_ranges .exception_ranges*)

.tdata
 *(.tdata .tdata.* .gnu.linkonce.td.*)

.tbss
 *(.tbss .tbss.* .gnu.linkonce.tb.*)
 *(.tcommon)

.preinit_array  0x00000000c000a000        0x0
                [!provide]                        PROVIDE (__preinit_array_start = .)
 *(.preinit_array)
                [!provide]                        PROVIDE (__preinit_array_end = .)

.init_array     0x00000000c000a000        0x0
                [!provide]                        PROVIDE (__init_array_start = .)
 *(SORT_BY_INIT_PRIORITY(.init_array.*) SORT_BY_INIT_PRIORITY(.ctors.*))
 *(.init_array EXCLUDE_FILE(*crtend?.o *crtend.o *crtbegin?.o *crtbegin.o) .ctors)
                [!provide]                        PROVIDE (__init_array_end = .)

.fini_array     0x00000000c000a000        0x0
                [!provide]                        PROVIDE (__fini_array_start = .)
 *(SORT_BY_INIT_PRIORITY(.fini_array.*) SORT_BY_INIT_PRIORITY(.dtors.*))
 *(.fini_array EXCLUDE_FILE(*crtend?.o *crtend.o *crtbegin?.o *crtbegin.o) .dtors)
                [!provide]                        PROVIDE (__fini_array_end = .)

.ctors
 *crtbegin.o(.ctors)
 *crtbegin?.o(.ctors)
 *(EXCLUDE_FILE(*crtend?.o *crtend.o) .ctors)
 *(SORT_BY_NAME(.ctors.*))
 *(.ctors)

.dtors
 *crtbegin.o(.dtors)
 *crtbegin?.o(.dtors)
 *(EXCLUDE_FILE(*crtend?.o *crtend.o) .dtors)
 *(SORT_BY_NAME(.dtors.*))
 *(.dtors)

.jcr
 *(.jcr)

.data.rel.ro
 *(.data.rel.ro.local* .gnu.linkonce.d.rel.ro.local.*)
 *(.data.rel.ro .data.rel.ro.* .gnu.linkonce.d.rel.ro.*)

.dynamic
 *(.dynamic)

.got            0x00000000c000a000        0x0
 *(.got)
 .got           0x00000000c000a000        0x0 build/main.o
 *(.igot)
                0x00000000c000aff4                . = DATA_SEGMENT_RELRO_END (., (SIZEOF (.got.plt) >= 0xc)?0xc:0x0)

.got.plt        0x00000000c000a000        0xc
 *(.got.plt)
 .got.plt       0x00000000c000a000        0xc build/main.o
                0x00000000c000a000                _GLOBAL_OFFSET_TABLE_
 *(.igot.plt)
 .igot.plt      0x00000000c000a00c        0x0 build/main.o

.data           0x00000000c000a020      0x163
 *(.data .data.* .gnu.linkonce.d.*)
 .data          0x00000000c000a020        0x0 build/main.o
 .data          0x00000000c000a020        0x0 build/init.o
 .data          0x00000000c000a020        0x0 build/console.o
 .data          0x00000000c000a020       0x8e build/keyboard.o
 .data          0x00000000c000a0ae        0x0 build/timer.o
 .data          0x00000000c000a0ae        0x0 build/ioqueue.o
 .data          0x00000000c000a0ae        0x0 build/process.o
 .data          0x00000000c000a0ae        0x0 build/interrupt.o
 .data          0x00000000c000a0ae        0x0 build/memory.o
 .data          0x00000000c000a0ae        0x0 build/thread.o
 *fill*         0x00000000c000a0ae        0x2 
 .data          0x00000000c000a0b0       0xd3 build/kernel.o
                0x00000000c000a0c3                intr_entry_table
 .data          0x00000000c000a183        0x0 build/tss.o
 .data          0x00000000c000a183        0x0 build/debug.o
 .data          0x00000000c000a183        0x0 build/bitmap.o
 .data          0x00000000c000a183        0x0 build/string.o
 .data          0x00000000c000a183        0x0 build/list.o
 .data          0x00000000c000a183        0x0 build/sync.o
 .data          0x00000000c000a183        0x0 build/syscall.o
 .data          0x00000000c000a183        0x0 build/syscall-init.o
 .data          0x00000000c000a183        0x0 build/stdio.o
 .data          0x00000000c000a183        0x0 build/ide.o

.data1
 *(.data1)
                0x00000000c000a183                _edata = .
                [!provide]                        PROVIDE (edata = .)
                0x00000000c000a183                . = .
                0x00000000c000a183                __bss_start = .

.bss            0x00000000c000a1a0     0x1880
 *(.dynbss)
 *(.bss .bss.* .gnu.linkonce.b.*)
 .bss           0x00000000c000a1a0        0x0 build/main.o
 .bss           0x00000000c000a1a0        0x0 build/init.o
 .bss           0x00000000c000a1a0       0x1c build/console.o
 .bss           0x00000000c000a1bc        0x5 build/keyboard.o
 *fill*         0x00000000c000a1c1        0x3 
 .bss           0x00000000c000a1c4        0x4 build/timer.o
                0x00000000c000a1c4                ticks
 .bss           0x00000000c000a1c8        0x0 build/ioqueue.o
 .bss           0x00000000c000a1c8        0x0 build/process.o
 *fill*         0x00000000c000a1c8       0x18 
 .bss           0x00000000c000a1e0      0x408 build/interrupt.o
 .bss           0x00000000c000a5e8        0x0 build/memory.o
 .bss           0x00000000c000a5e8        0x6 build/thread.o
 *fill*         0x00000000c000a5ee       0x12 
 .bss           0x00000000c000a600       0x6c build/tss.o
 .bss           0x00000000c000a66c        0x0 build/debug.o
 .bss           0x00000000c000a66c        0x0 build/bitmap.o
 .bss           0x00000000c000a66c        0x0 build/string.o
 .bss           0x00000000c000a66c        0x0 build/list.o
 .bss           0x00000000c000a66c        0x0 build/sync.o
 .bss           0x00000000c000a66c        0x0 build/syscall.o
 .bss           0x00000000c000a66c        0x0 build/syscall-init.o
 .bss           0x00000000c000a66c        0x0 build/stdio.o
 .bss           0x00000000c000a66c        0x0 build/ide.o
 *(COMMON)
 *fill*         0x00000000c000a66c       0x14 
 COMMON         0x00000000c000a680       0x6c build/keyboard.o
                0x00000000c000a680                kbd_buf
 *fill*         0x00000000c000a6ec       0x14 
 COMMON         0x00000000c000a700      0x424 build/interrupt.o
                0x00000000c000a700                intr_name
                0x00000000c000a920                idt_table
 *fill*         0x00000000c000ab24       0x1c 
 COMMON         0x00000000c000ab40      0x12c build/memory.o
                0x00000000c000ab40                user_pool
                0x00000000c000ab80                k_block_descs
                0x00000000c000ac28                kernel_vaddr
                0x00000000c000ac40                kernel_pool
 COMMON         0x00000000c000ac6c       0x44 build/thread.o
                0x00000000c000ac6c                thread_ready_list
                0x00000000c000ac7c                thread_all_list
                0x00000000c000ac8c                idle_thread
                0x00000000c000ac90                main_thread
                0x00000000c000ac94                pid_lock
 *fill*         0x00000000c000acb0       0x10 
 COMMON         0x00000000c000acc0       0x80 build/syscall-init.o
                0x00000000c000acc0                syscall_table
 COMMON         0x00000000c000ad40      0xce0 build/ide.o
                0x00000000c000ad40                channel_cnt
                0x00000000c000ad60                channels
                0x00000000c000ba20                . = ALIGN ((. != 0x0)?0x4:0x1)
                0x00000000c000ba20                . = ALIGN (0x4)
                0x00000000c000ba20                . = SEGMENT_START ("ldata-segment", .)
                0x00000000c000ba20                . = ALIGN (0x4)
                0x00000000c000ba20                _end = .
                [!provide]                        PROVIDE (end = .)
                0x00000000c000ba20                . = DATA_SEGMENT_END (.)

.stab
 *(.stab)

.stabstr
 *(.stabstr)

.stab.excl
 *(.stab.excl)

.stab.exclstr
 *(.stab.exclstr)

.stab.index
 *(.stab.index)

.stab.indexstr
 *(.stab.indexstr)

.comment        0x0000000000000000       0x1d
 *(.comment)
 .comment       0x0000000000000000       0x1d build/main.o
                                         0x1e (size before relaxing)
 .comment       0x000000000000001d       0x1e build/init.o
 .comment       0x000000000000001d       0x1e build/console.o
 .comment       0x000000000000001d       0x1e build/keyboard.o
 .comment       0x000000000000001d       0x1e build/timer.o
 .comment       0x000000000000001d       0x1e build/ioqueue.o
 .comment       0x000000000000001d       0x1e build/process.o
 .comment       0x000000000000001d       0x1e build/interrupt.o
 .comment       0x000000000000001d       0x1e build/memory.o
 .comment       0x000000000000001d       0x1e build/thread.o
 .comment       0x000000000000001d       0x1e build/tss.o
 .comment       0x000000000000001d       0x1e build/debug.o
 .comment       0x000000000000001d       0x1e build/bitmap.o
 .comment       0x000000000000001d       0x1e build/string.o
 .comment       0x000000000000001d       0x1e build/list.o
 .comment       0x000000000000001d       0x1e build/sync.o
 .comment       0x000000000000001d       0x1e build/syscall.o
 .comment       0x000000000000001d       0x1e build/syscall-init.o
 .comment       0x000000000000001d       0x1e build/stdio.o
 .comment       0x000000000000001d       0x1e build/ide.o

.debug
 *(.debug)

.line
 *(.line)

.debug_srcinfo
 *(.debug_srcinfo)

.debug_sfnames
 *(.debug_sfnames)

.debug_aranges
 *(.debug_aranges)

.debug_pubnames
 *(.debug_pubnames)

.debug_info
 *(.debug_info .gnu.linkonce.wi.*)

.debug_abbrev
 *(.debug_abbrev)

.debug_line
 *(.debug_line .debug_line.* .debug_line_end)

.debug_frame
 *(.debug_frame)

.debug_str
 *(.debug_str)

.debug_loc
 *(.debug_loc)

.debug_macinfo
 *(.debug_macinfo)

.debug_weaknames
 *(.debug_weaknames)

.debug_funcnames
 *(.debug_funcnames)

.debug_typenames
 *(.debug_typenames)

.debug_varnames
 *(.debug_varnames)

.debug_pubtypes
 *(.debug_pubtypes)

.debug_ranges
 *(.debug_ranges)

.debug_macro
 *(.debug_macro)

.debug_addr
 *(.debug_addr)

.gnu.attributes
 *(.gnu.attributes)

/DISCARD/
 *(.note.GNU-stack)
 *(.gnu_debuglink)
 *(.gnu.lto_*)
OUTPUT(build/kernel.bin elf32-i386)
