
Allocating common symbols
Common symbol       size              file

thread_ready_list   0x10              build/thread.o
thread_all_list     0x10              build/thread.o
user_pool           0x10              build/memory.o
intr_name           0xc0              build/interrupt.o
main_thread         0x4               build/thread.o
kernel_vaddr        0xc               build/memory.o
idt_table           0xc0              build/interrupt.o
kernel_pool         0x10              build/memory.o

Discarded input sections

 .group         0x0000000000000000        0x8 build/main.o
 .note.GNU-stack
                0x0000000000000000        0x0 build/main.o
 .group         0x0000000000000000        0x8 build/init.o
 .text.__x86.get_pc_thunk.bx
                0x0000000000000000        0x4 build/init.o
 .note.GNU-stack
                0x0000000000000000        0x0 build/init.o
 .group         0x0000000000000000        0x8 build/console.o
 .group         0x0000000000000000        0x8 build/console.o
 .text.__x86.get_pc_thunk.bx
                0x0000000000000000        0x4 build/console.o
 .note.GNU-stack
                0x0000000000000000        0x0 build/console.o
 .group         0x0000000000000000        0x8 build/keyboard.o
 .group         0x0000000000000000        0x8 build/keyboard.o
 .text.__x86.get_pc_thunk.ax
                0x0000000000000000        0x4 build/keyboard.o
 .text.__x86.get_pc_thunk.bx
                0x0000000000000000        0x4 build/keyboard.o
 .note.GNU-stack
                0x0000000000000000        0x0 build/keyboard.o
 .group         0x0000000000000000        0x8 build/timer.o
 .group         0x0000000000000000        0x8 build/timer.o
 .text.__x86.get_pc_thunk.ax
                0x0000000000000000        0x4 build/timer.o
 .text.__x86.get_pc_thunk.bx
                0x0000000000000000        0x4 build/timer.o
 .note.GNU-stack
                0x0000000000000000        0x0 build/timer.o
 .group         0x0000000000000000        0x8 build/interrupt.o
 .group         0x0000000000000000        0x8 build/interrupt.o
 .text.__x86.get_pc_thunk.ax
                0x0000000000000000        0x4 build/interrupt.o
 .text.__x86.get_pc_thunk.bx
                0x0000000000000000        0x4 build/interrupt.o
 .note.GNU-stack
                0x0000000000000000        0x0 build/interrupt.o
 .group         0x0000000000000000        0x8 build/memory.o
 .group         0x0000000000000000        0x8 build/memory.o
 .text.__x86.get_pc_thunk.ax
                0x0000000000000000        0x4 build/memory.o
 .text.__x86.get_pc_thunk.bx
                0x0000000000000000        0x4 build/memory.o
 .note.GNU-stack
                0x0000000000000000        0x0 build/memory.o
 .group         0x0000000000000000        0x8 build/thread.o
 .group         0x0000000000000000        0x8 build/thread.o
 .group         0x0000000000000000        0x8 build/thread.o
 .text.__x86.get_pc_thunk.ax
                0x0000000000000000        0x4 build/thread.o
 .text.__x86.get_pc_thunk.bx
                0x0000000000000000        0x4 build/thread.o
 .note.GNU-stack
                0x0000000000000000        0x0 build/thread.o
 .group         0x0000000000000000        0x8 build/ioqueue.o
 .text.__x86.get_pc_thunk.bx
                0x0000000000000000        0x4 build/ioqueue.o
 .note.GNU-stack
                0x0000000000000000        0x0 build/ioqueue.o
 .group         0x0000000000000000        0x8 build/debug.o
 .text.__x86.get_pc_thunk.bx
                0x0000000000000000        0x4 build/debug.o
 .note.GNU-stack
                0x0000000000000000        0x0 build/debug.o
 .group         0x0000000000000000        0x8 build/bitmap.o
 .text.__x86.get_pc_thunk.ax
                0x0000000000000000        0x4 build/bitmap.o
 .note.GNU-stack
                0x0000000000000000        0x0 build/bitmap.o
 .group         0x0000000000000000        0x8 build/string.o
 .text.__x86.get_pc_thunk.ax
                0x0000000000000000        0x4 build/string.o
 .note.GNU-stack
                0x0000000000000000        0x0 build/string.o
 .group         0x0000000000000000        0x8 build/list.o
 .group         0x0000000000000000        0x8 build/list.o
 .text.__x86.get_pc_thunk.ax
                0x0000000000000000        0x4 build/list.o
 .text.__x86.get_pc_thunk.bx
                0x0000000000000000        0x4 build/list.o
 .note.GNU-stack
                0x0000000000000000        0x0 build/list.o
 .group         0x0000000000000000        0x8 build/sync.o
 .group         0x0000000000000000        0x8 build/sync.o
 .text.__x86.get_pc_thunk.ax
                0x0000000000000000        0x4 build/sync.o
 .text.__x86.get_pc_thunk.bx
                0x0000000000000000        0x4 build/sync.o
 .note.GNU-stack
                0x0000000000000000        0x0 build/sync.o

Memory Configuration

Name             Origin             Length             Attributes
*default*        0x0000000000000000 0xffffffffffffffff

Linker script and memory map

Address of section .text set to 0xc0001500
LOAD build/main.o
LOAD build/init.o
LOAD build/console.o
LOAD build/keyboard.o
LOAD build/timer.o
LOAD build/interrupt.o
LOAD build/memory.o
LOAD build/thread.o
LOAD build/kernel.o
LOAD build/switch.o
LOAD build/ioqueue.o
LOAD build/print.o
LOAD build/debug.o
LOAD build/bitmap.o
LOAD build/string.o
LOAD build/list.o
LOAD build/sync.o
                [!provide]                        PROVIDE (__executable_start = SEGMENT_START ("text-segment", 0x8048000))
                0x0000000008048094                . = (SEGMENT_START ("text-segment", 0x8048000) + SIZEOF_HEADERS)

.interp
 *(.interp)

.note.gnu.build-id
 *(.note.gnu.build-id)

.hash
 *(.hash)

.gnu.hash
 *(.gnu.hash)

.dynsym
 *(.dynsym)

.dynstr
 *(.dynstr)

.gnu.version
 *(.gnu.version)

.gnu.version_d
 *(.gnu.version_d)

.gnu.version_r
 *(.gnu.version_r)

.rel.dyn        0x0000000008048094        0x0
 *(.rel.init)
 *(.rel.text .rel.text.* .rel.gnu.linkonce.t.*)
 .rel.text      0x0000000008048094        0x0 build/main.o
 *(.rel.fini)
 *(.rel.rodata .rel.rodata.* .rel.gnu.linkonce.r.*)
 *(.rel.data.rel.ro .rel.data.rel.ro.* .rel.gnu.linkonce.d.rel.ro.*)
 *(.rel.data .rel.data.* .rel.gnu.linkonce.d.*)
 *(.rel.tdata .rel.tdata.* .rel.gnu.linkonce.td.*)
 *(.rel.tbss .rel.tbss.* .rel.gnu.linkonce.tb.*)
 *(.rel.ctors)
 *(.rel.dtors)
 *(.rel.got)
 .rel.got       0x0000000008048094        0x0 build/main.o
 *(.rel.bss .rel.bss.* .rel.gnu.linkonce.b.*)
 *(.rel.ifunc)

.rel.plt        0x0000000008048094        0x0
 *(.rel.plt)
                [!provide]                        PROVIDE (__rel_iplt_start = .)
 *(.rel.iplt)
 .rel.iplt      0x0000000008048094        0x0 build/main.o
                [!provide]                        PROVIDE (__rel_iplt_end = .)

.init
 *(SORT_NONE(.init))

.plt            0x0000000008048098        0x0
 *(.plt)
 *(.iplt)
 .iplt          0x0000000008048098        0x0 build/main.o

.plt.got
 *(.plt.got)

.plt.sec
 *(.plt.sec)

.text           0x00000000c0001500     0x2e5a
 *(.text.unlikely .text.*_unlikely .text.unlikely.*)
 *(.text.exit .text.exit.*)
 *(.text.startup .text.startup.*)
 *(.text.hot .text.hot.*)
 *(.text .stub .text.* .gnu.linkonce.t.*)
 .text          0x00000000c0001500       0x7e build/main.o
                0x00000000c0001500                thread_1
                0x00000000c000153e                main
 .text.__x86.get_pc_thunk.bx
                0x00000000c000157e        0x4 build/main.o
                0x00000000c000157e                __x86.get_pc_thunk.bx
 .text          0x00000000c0001582       0x4d build/init.o
                0x00000000c0001582                init_all
 .text          0x00000000c00015cf      0x119 build/console.o
                0x00000000c00015cf                console_init
                0x00000000c00015fa                console_acquire
                0x00000000c0001625                console_release
                0x00000000c0001650                console_put_char
                0x00000000c0001688                console_put_str
                0x00000000c00016b8                console_put_uint32t
 .text.__x86.get_pc_thunk.ax
                0x00000000c00016e8        0x4 build/console.o
                0x00000000c00016e8                __x86.get_pc_thunk.ax
 .text          0x00000000c00016ec      0x262 build/keyboard.o
                0x00000000c00018fe                keyboard_init
 .text          0x00000000c000194e      0x1b6 build/timer.o
                0x00000000c0001a9c                timer_init
 .text          0x00000000c0001b04      0x51f build/interrupt.o
                0x00000000c0001ee3                idt_init
                0x00000000c0001f4b                intr_enable
                0x00000000c0001f7b                intr_disable
                0x00000000c0001fab                intr_set_status
                0x00000000c0001fd3                intr_get_status
                0x00000000c0001ffa                register_handler
 .text          0x00000000c0002023      0x5de build/memory.o
                0x00000000c0002248                mem_init
                0x00000000c000229c                pde_ptr
                0x00000000c00022b9                pte_ptr
                0x00000000c000251e                malloc_page
                0x00000000c00025b7                get_kernel_pages
 .text          0x00000000c0002601      0x6bb build/thread.o
                0x00000000c0002601                running_thread
                0x00000000c000264c                thread_create
                0x00000000c00026d0                init_thread
                0x00000000c0002775                thread_start
                0x00000000c0002914                schedule
                0x00000000c0002a9b                thread_block
                0x00000000c0002b10                thread_unblock
                0x00000000c0002c57                thread_init
 .text.__x86.get_pc_thunk.dx
                0x00000000c0002cbc        0x4 build/thread.o
                0x00000000c0002cbc                __x86.get_pc_thunk.dx
 .text          0x00000000c0002cc0      0x53a build/kernel.o
                0x00000000c0002cc0                intr_exit
 *fill*         0x00000000c00031fa        0x6 
 .text          0x00000000c0003200       0x15 build/switch.o
                0x00000000c0003200                switch_to
 .text          0x00000000c0003215      0x191 build/ioqueue.o
                0x00000000c0003215                ioqueue_init
                0x00000000c000328b                io_input
                0x00000000c0003313                io_getchar
 *fill*         0x00000000c00033a6        0xa 
 .text          0x00000000c00033b0      0x1bb build/print.o
                0x00000000c00033b0                set_cursor
                0x00000000c00033d4                put_char
                0x00000000c00034a3                put_str
                0x00000000c00034c1                put_int32
                0x00000000c0003517                put_uint32_hex
 .text          0x00000000c000356b       0xe0 build/debug.o
                0x00000000c000356b                panic_spin
 .text          0x00000000c000364b      0x27d build/bitmap.o
                0x00000000c000364b                bitmap_init
                0x00000000c000367e                bitmap_scan_test
                0x00000000c00036c8                bitmap_scan
                0x00000000c0003811                bitmap_set
 .text          0x00000000c00038c8      0x4a6 build/string.o
                0x00000000c00038c8                memset
                0x00000000c000392e                memcpy
                0x00000000c00039a0                memcmp
                0x00000000c0003a39                strcpy
                0x00000000c0003aa4                strcmp
                0x00000000c0003b39                strcat
                0x00000000c0003bb9                strchr
                0x00000000c0003c27                strrchr
                0x00000000c0003c9b                strchrs
                0x00000000c0003d0d                strlen
 .text          0x00000000c0003d6e      0x2d5 build/list.o
                0x00000000c0003d6e                list_init
                0x00000000c0003da6                list_insert_before
                0x00000000c0003e24                list_push
                0x00000000c0003e4c                list_append
                0x00000000c0003e74                list_remove
                0x00000000c0003ef1                list_pop
                0x00000000c0003f36                list_isEmpty
                0x00000000c0003f59                list_len
                0x00000000c0003f98                list_traversal
                0x00000000c0003ffe                have_elem
 .text          0x00000000c0004043      0x317 build/sync.o
                0x00000000c0004043                sema_init
                0x00000000c000407d                lock_init
                0x00000000c00040b7                sema_down
                0x00000000c00041ac                sema_up
                0x00000000c0004224                lock_acquire
                0x00000000c00042c2                lock_release
 *(.gnu.warning)

.fini
 *(SORT_NONE(.fini))
                [!provide]                        PROVIDE (__etext = .)
                [!provide]                        PROVIDE (_etext = .)
                [!provide]                        PROVIDE (etext = .)

.rodata         0x00000000c000435c      0x9dd
 *(.rodata .rodata.* .gnu.linkonce.r.*)
 .rodata        0x00000000c000435c        0x7 build/main.o
 .rodata        0x00000000c0004363        0xa build/init.o
 .rodata        0x00000000c000436d       0x29 build/keyboard.o
 *fill*         0x00000000c0004396        0x2 
 .rodata        0x00000000c0004398       0x6b build/timer.o
 *fill*         0x00000000c0004403        0x1 
 .rodata        0x00000000c0004404      0x2c1 build/interrupt.o
 *fill*         0x00000000c00046c5        0x3 
 .rodata        0x00000000c00046c8      0x10f build/memory.o
 *fill*         0x00000000c00047d7        0x1 
 .rodata        0x00000000c00047d8      0x283 build/thread.o
 .rodata        0x00000000c0004a5b       0x27 build/ioqueue.o
 .rodata        0x00000000c0004a82       0x39 build/debug.o
 *fill*         0x00000000c0004abb        0x1 
 .rodata        0x00000000c0004abc       0x67 build/bitmap.o
 *fill*         0x00000000c0004b23        0x1 
 .rodata        0x00000000c0004b24       0xc3 build/string.o
 *fill*         0x00000000c0004be7        0x1 
 .rodata        0x00000000c0004be8       0x78 build/list.o
 .rodata        0x00000000c0004c60       0xd9 build/sync.o

.rodata1
 *(.rodata1)

.eh_frame_hdr
 *(.eh_frame_hdr)
 *(.eh_frame_entry .eh_frame_entry.*)

.eh_frame       0x00000000c0004d3c      0xb5c
 *(.eh_frame)
 .eh_frame      0x00000000c0004d3c       0x70 build/main.o
 .eh_frame      0x00000000c0004dac       0x24 build/init.o
                                         0x50 (size before relaxing)
 .eh_frame      0x00000000c0004dd0       0xec build/console.o
                                        0x118 (size before relaxing)
 .eh_frame      0x00000000c0004ebc       0x68 build/keyboard.o
                                         0xa8 (size before relaxing)
 .eh_frame      0x00000000c0004f24       0x94 build/timer.o
                                         0xd4 (size before relaxing)
 .eh_frame      0x00000000c0004fb8      0x198 build/interrupt.o
                                        0x1d8 (size before relaxing)
 .eh_frame      0x00000000c0005150      0x138 build/memory.o
                                        0x178 (size before relaxing)
 .eh_frame      0x00000000c0005288      0x174 build/thread.o
                                        0x1b4 (size before relaxing)
 .eh_frame      0x00000000c00053fc       0x6c build/ioqueue.o
                                         0x98 (size before relaxing)
 .eh_frame      0x00000000c0005468       0x1c build/debug.o
                                         0x48 (size before relaxing)
 .eh_frame      0x00000000c0005484       0x90 build/bitmap.o
                                         0xbc (size before relaxing)
 .eh_frame      0x00000000c0005514      0x168 build/string.o
                                        0x194 (size before relaxing)
 .eh_frame      0x00000000c000567c      0x148 build/list.o
                                        0x188 (size before relaxing)
 .eh_frame      0x00000000c00057c4       0xd4 build/sync.o
                                        0x114 (size before relaxing)
 *(.eh_frame.*)

.gcc_except_table
 *(.gcc_except_table .gcc_except_table.*)

.gnu_extab
 *(.gnu_extab*)

.exception_ranges
 *(.exception_ranges .exception_ranges*)
                0x00000000c0007000                . = DATA_SEGMENT_ALIGN (CONSTANT (MAXPAGESIZE), CONSTANT (COMMONPAGESIZE))

.eh_frame
 *(.eh_frame)
 *(.eh_frame.*)

.gnu_extab
 *(.gnu_extab)

.gcc_except_table
 *(.gcc_except_table .gcc_except_table.*)

.exception_ranges
 *(.exception_ranges .exception_ranges*)

.tdata
 *(.tdata .tdata.* .gnu.linkonce.td.*)

.tbss
 *(.tbss .tbss.* .gnu.linkonce.tb.*)
 *(.tcommon)

.preinit_array  0x00000000c0007000        0x0
                [!provide]                        PROVIDE (__preinit_array_start = .)
 *(.preinit_array)
                [!provide]                        PROVIDE (__preinit_array_end = .)

.init_array     0x00000000c0007000        0x0
                [!provide]                        PROVIDE (__init_array_start = .)
 *(SORT_BY_INIT_PRIORITY(.init_array.*) SORT_BY_INIT_PRIORITY(.ctors.*))
 *(.init_array EXCLUDE_FILE(*crtend?.o *crtend.o *crtbegin?.o *crtbegin.o) .ctors)
                [!provide]                        PROVIDE (__init_array_end = .)

.fini_array     0x00000000c0007000        0x0
                [!provide]                        PROVIDE (__fini_array_start = .)
 *(SORT_BY_INIT_PRIORITY(.fini_array.*) SORT_BY_INIT_PRIORITY(.dtors.*))
 *(.fini_array EXCLUDE_FILE(*crtend?.o *crtend.o *crtbegin?.o *crtbegin.o) .dtors)
                [!provide]                        PROVIDE (__fini_array_end = .)

.ctors
 *crtbegin.o(.ctors)
 *crtbegin?.o(.ctors)
 *(EXCLUDE_FILE(*crtend?.o *crtend.o) .ctors)
 *(SORT_BY_NAME(.ctors.*))
 *(.ctors)

.dtors
 *crtbegin.o(.dtors)
 *crtbegin?.o(.dtors)
 *(EXCLUDE_FILE(*crtend?.o *crtend.o) .dtors)
 *(SORT_BY_NAME(.dtors.*))
 *(.dtors)

.jcr
 *(.jcr)

.data.rel.ro
 *(.data.rel.ro.local* .gnu.linkonce.d.rel.ro.local.*)
 *(.data.rel.ro .data.rel.ro.* .gnu.linkonce.d.rel.ro.*)

.dynamic
 *(.dynamic)

.got            0x00000000c0007000        0x0
 *(.got)
 .got           0x00000000c0007000        0x0 build/main.o
 *(.igot)
                0x00000000c0007ff4                . = DATA_SEGMENT_RELRO_END (., (SIZEOF (.got.plt) >= 0xc)?0xc:0x0)

.got.plt        0x00000000c0007000        0xc
 *(.got.plt)
 .got.plt       0x00000000c0007000        0xc build/main.o
                0x00000000c0007000                _GLOBAL_OFFSET_TABLE_
 *(.igot.plt)
 .igot.plt      0x00000000c000700c        0x0 build/main.o

.data           0x00000000c0007020      0x163
 *(.data .data.* .gnu.linkonce.d.*)
 .data          0x00000000c0007020        0x0 build/main.o
 .data          0x00000000c0007020        0x0 build/init.o
 .data          0x00000000c0007020        0x0 build/console.o
 .data          0x00000000c0007020       0x8e build/keyboard.o
 .data          0x00000000c00070ae        0x0 build/timer.o
 .data          0x00000000c00070ae        0x0 build/interrupt.o
 .data          0x00000000c00070ae        0x0 build/memory.o
 .data          0x00000000c00070ae        0x0 build/thread.o
 *fill*         0x00000000c00070ae        0x2 
 .data          0x00000000c00070b0       0xd3 build/kernel.o
                0x00000000c00070c3                intr_entry_table
 .data          0x00000000c0007183        0x0 build/ioqueue.o
 .data          0x00000000c0007183        0x0 build/debug.o
 .data          0x00000000c0007183        0x0 build/bitmap.o
 .data          0x00000000c0007183        0x0 build/string.o
 .data          0x00000000c0007183        0x0 build/list.o
 .data          0x00000000c0007183        0x0 build/sync.o

.data1
 *(.data1)
                0x00000000c0007183                _edata = .
                [!provide]                        PROVIDE (edata = .)
                0x00000000c0007183                . = .
                0x00000000c0007183                __bss_start = .

.bss            0x00000000c00071a0     0x1410
 *(.dynbss)
 *(.bss .bss.* .gnu.linkonce.b.*)
 .bss           0x00000000c00071a0        0x0 build/main.o
 .bss           0x00000000c00071a0        0x0 build/init.o
 .bss           0x00000000c00071a0       0x1c build/console.o
 .bss           0x00000000c00071bc        0x5 build/keyboard.o
 *fill*         0x00000000c00071c1        0x3 
 .bss           0x00000000c00071c4        0x4 build/timer.o
                0x00000000c00071c4                ticks
 *fill*         0x00000000c00071c8       0x18 
 .bss           0x00000000c00071e0      0x180 build/interrupt.o
 .bss           0x00000000c0007360        0x0 build/memory.o
 .bss           0x00000000c0007360        0x4 build/thread.o
 *fill*         0x00000000c0007364       0x1c 
 .bss           0x00000000c0007380     0x1048 build/ioqueue.o
 .bss           0x00000000c00083c8        0x0 build/debug.o
 .bss           0x00000000c00083c8        0x0 build/bitmap.o
 .bss           0x00000000c00083c8        0x0 build/string.o
 .bss           0x00000000c00083c8        0x0 build/list.o
 .bss           0x00000000c00083c8        0x0 build/sync.o
 *(COMMON)
 *fill*         0x00000000c00083c8       0x18 
 COMMON         0x00000000c00083e0      0x180 build/interrupt.o
                0x00000000c00083e0                intr_name
                0x00000000c00084a0                idt_table
 COMMON         0x00000000c0008560       0x2c build/memory.o
                0x00000000c0008560                user_pool
                0x00000000c0008570                kernel_vaddr
                0x00000000c000857c                kernel_pool
 COMMON         0x00000000c000858c       0x24 build/thread.o
                0x00000000c000858c                thread_ready_list
                0x00000000c000859c                thread_all_list
                0x00000000c00085ac                main_thread
                0x00000000c00085b0                . = ALIGN ((. != 0x0)?0x4:0x1)
                0x00000000c00085b0                . = ALIGN (0x4)
                0x00000000c00085b0                . = SEGMENT_START ("ldata-segment", .)
                0x00000000c00085b0                . = ALIGN (0x4)
                0x00000000c00085b0                _end = .
                [!provide]                        PROVIDE (end = .)
                0x00000000c00085b0                . = DATA_SEGMENT_END (.)

.stab
 *(.stab)

.stabstr
 *(.stabstr)

.stab.excl
 *(.stab.excl)

.stab.exclstr
 *(.stab.exclstr)

.stab.index
 *(.stab.index)

.stab.indexstr
 *(.stab.indexstr)

.comment        0x0000000000000000       0x1d
 *(.comment)
 .comment       0x0000000000000000       0x1d build/main.o
                                         0x1e (size before relaxing)
 .comment       0x000000000000001d       0x1e build/init.o
 .comment       0x000000000000001d       0x1e build/console.o
 .comment       0x000000000000001d       0x1e build/keyboard.o
 .comment       0x000000000000001d       0x1e build/timer.o
 .comment       0x000000000000001d       0x1e build/interrupt.o
 .comment       0x000000000000001d       0x1e build/memory.o
 .comment       0x000000000000001d       0x1e build/thread.o
 .comment       0x000000000000001d       0x1e build/ioqueue.o
 .comment       0x000000000000001d       0x1e build/debug.o
 .comment       0x000000000000001d       0x1e build/bitmap.o
 .comment       0x000000000000001d       0x1e build/string.o
 .comment       0x000000000000001d       0x1e build/list.o
 .comment       0x000000000000001d       0x1e build/sync.o

.debug
 *(.debug)

.line
 *(.line)

.debug_srcinfo
 *(.debug_srcinfo)

.debug_sfnames
 *(.debug_sfnames)

.debug_aranges
 *(.debug_aranges)

.debug_pubnames
 *(.debug_pubnames)

.debug_info
 *(.debug_info .gnu.linkonce.wi.*)

.debug_abbrev
 *(.debug_abbrev)

.debug_line
 *(.debug_line .debug_line.* .debug_line_end)

.debug_frame
 *(.debug_frame)

.debug_str
 *(.debug_str)

.debug_loc
 *(.debug_loc)

.debug_macinfo
 *(.debug_macinfo)

.debug_weaknames
 *(.debug_weaknames)

.debug_funcnames
 *(.debug_funcnames)

.debug_typenames
 *(.debug_typenames)

.debug_varnames
 *(.debug_varnames)

.debug_pubtypes
 *(.debug_pubtypes)

.debug_ranges
 *(.debug_ranges)

.debug_macro
 *(.debug_macro)

.debug_addr
 *(.debug_addr)

.gnu.attributes
 *(.gnu.attributes)

/DISCARD/
 *(.note.GNU-stack)
 *(.gnu_debuglink)
 *(.gnu.lto_*)
OUTPUT(build/kernel.bin elf32-i386)
