
Allocating common symbols
Common symbol       size              file

kbd_buf             0x6c              build/keyboard.o
thread_ready_list   0x10              build/thread.o
thread_all_list     0x10              build/thread.o
user_pool           0x2c              build/memory.o
k_block_descs       0xa8              build/memory.o
intr_name           0x204             build/interrupt.o
main_thread         0x4               build/thread.o
kernel_vaddr        0xc               build/memory.o
syscall_table       0x80              build/syscall-init.o
idt_table           0x204             build/interrupt.o
kernel_pool         0x2c              build/memory.o
pid_lock            0x1c              build/thread.o

Discarded input sections

 .group         0x0000000000000000        0x8 build/main.o
 .group         0x0000000000000000        0x8 build/main.o
 .note.GNU-stack
                0x0000000000000000        0x0 build/main.o
 .group         0x0000000000000000        0x8 build/init.o
 .text.__x86.get_pc_thunk.bx
                0x0000000000000000        0x4 build/init.o
 .note.GNU-stack
                0x0000000000000000        0x0 build/init.o
 .group         0x0000000000000000        0x8 build/console.o
 .group         0x0000000000000000        0x8 build/console.o
 .text.__x86.get_pc_thunk.ax
                0x0000000000000000        0x4 build/console.o
 .text.__x86.get_pc_thunk.bx
                0x0000000000000000        0x4 build/console.o
 .note.GNU-stack
                0x0000000000000000        0x0 build/console.o
 .group         0x0000000000000000        0x8 build/keyboard.o
 .group         0x0000000000000000        0x8 build/keyboard.o
 .text.__x86.get_pc_thunk.ax
                0x0000000000000000        0x4 build/keyboard.o
 .text.__x86.get_pc_thunk.bx
                0x0000000000000000        0x4 build/keyboard.o
 .note.GNU-stack
                0x0000000000000000        0x0 build/keyboard.o
 .group         0x0000000000000000        0x8 build/timer.o
 .group         0x0000000000000000        0x8 build/timer.o
 .text.__x86.get_pc_thunk.ax
                0x0000000000000000        0x4 build/timer.o
 .text.__x86.get_pc_thunk.bx
                0x0000000000000000        0x4 build/timer.o
 .note.GNU-stack
                0x0000000000000000        0x0 build/timer.o
 .group         0x0000000000000000        0x8 build/ioqueue.o
 .group         0x0000000000000000        0x8 build/ioqueue.o
 .text.__x86.get_pc_thunk.ax
                0x0000000000000000        0x4 build/ioqueue.o
 .text.__x86.get_pc_thunk.bx
                0x0000000000000000        0x4 build/ioqueue.o
 .note.GNU-stack
                0x0000000000000000        0x0 build/ioqueue.o
 .group         0x0000000000000000        0x8 build/process.o
 .group         0x0000000000000000        0x8 build/process.o
 .text.__x86.get_pc_thunk.ax
                0x0000000000000000        0x4 build/process.o
 .text.__x86.get_pc_thunk.bx
                0x0000000000000000        0x4 build/process.o
 .note.GNU-stack
                0x0000000000000000        0x0 build/process.o
 .group         0x0000000000000000        0x8 build/interrupt.o
 .group         0x0000000000000000        0x8 build/interrupt.o
 .text.__x86.get_pc_thunk.ax
                0x0000000000000000        0x4 build/interrupt.o
 .text.__x86.get_pc_thunk.bx
                0x0000000000000000        0x4 build/interrupt.o
 .note.GNU-stack
                0x0000000000000000        0x0 build/interrupt.o
 .group         0x0000000000000000        0x8 build/memory.o
 .group         0x0000000000000000        0x8 build/memory.o
 .text.__x86.get_pc_thunk.ax
                0x0000000000000000        0x4 build/memory.o
 .text.__x86.get_pc_thunk.bx
                0x0000000000000000        0x4 build/memory.o
 .note.GNU-stack
                0x0000000000000000        0x0 build/memory.o
 .group         0x0000000000000000        0x8 build/thread.o
 .group         0x0000000000000000        0x8 build/thread.o
 .group         0x0000000000000000        0x8 build/thread.o
 .text.__x86.get_pc_thunk.ax
                0x0000000000000000        0x4 build/thread.o
 .text.__x86.get_pc_thunk.bx
                0x0000000000000000        0x4 build/thread.o
 .note.GNU-stack
                0x0000000000000000        0x0 build/thread.o
 .group         0x0000000000000000        0x8 build/tss.o
 .group         0x0000000000000000        0x8 build/tss.o
 .text.__x86.get_pc_thunk.ax
                0x0000000000000000        0x4 build/tss.o
 .text.__x86.get_pc_thunk.bx
                0x0000000000000000        0x4 build/tss.o
 .note.GNU-stack
                0x0000000000000000        0x0 build/tss.o
 .group         0x0000000000000000        0x8 build/debug.o
 .text.__x86.get_pc_thunk.bx
                0x0000000000000000        0x4 build/debug.o
 .note.GNU-stack
                0x0000000000000000        0x0 build/debug.o
 .group         0x0000000000000000        0x8 build/bitmap.o
 .text.__x86.get_pc_thunk.ax
                0x0000000000000000        0x4 build/bitmap.o
 .note.GNU-stack
                0x0000000000000000        0x0 build/bitmap.o
 .group         0x0000000000000000        0x8 build/string.o
 .text.__x86.get_pc_thunk.ax
                0x0000000000000000        0x4 build/string.o
 .note.GNU-stack
                0x0000000000000000        0x0 build/string.o
 .group         0x0000000000000000        0x8 build/list.o
 .group         0x0000000000000000        0x8 build/list.o
 .text.__x86.get_pc_thunk.ax
                0x0000000000000000        0x4 build/list.o
 .text.__x86.get_pc_thunk.bx
                0x0000000000000000        0x4 build/list.o
 .note.GNU-stack
                0x0000000000000000        0x0 build/list.o
 .group         0x0000000000000000        0x8 build/sync.o
 .group         0x0000000000000000        0x8 build/sync.o
 .text.__x86.get_pc_thunk.ax
                0x0000000000000000        0x4 build/sync.o
 .text.__x86.get_pc_thunk.bx
                0x0000000000000000        0x4 build/sync.o
 .note.GNU-stack
                0x0000000000000000        0x0 build/sync.o
 .group         0x0000000000000000        0x8 build/syscall.o
 .text.__x86.get_pc_thunk.ax
                0x0000000000000000        0x4 build/syscall.o
 .note.GNU-stack
                0x0000000000000000        0x0 build/syscall.o
 .group         0x0000000000000000        0x8 build/syscall-init.o
 .group         0x0000000000000000        0x8 build/syscall-init.o
 .text.__x86.get_pc_thunk.ax
                0x0000000000000000        0x4 build/syscall-init.o
 .text.__x86.get_pc_thunk.bx
                0x0000000000000000        0x4 build/syscall-init.o
 .note.GNU-stack
                0x0000000000000000        0x0 build/syscall-init.o
 .group         0x0000000000000000        0x8 build/stdio.o
 .group         0x0000000000000000        0x8 build/stdio.o
 .text.__x86.get_pc_thunk.ax
                0x0000000000000000        0x4 build/stdio.o
 .text.__x86.get_pc_thunk.bx
                0x0000000000000000        0x4 build/stdio.o
 .note.GNU-stack
                0x0000000000000000        0x0 build/stdio.o

Memory Configuration

Name             Origin             Length             Attributes
*default*        0x0000000000000000 0xffffffffffffffff

Linker script and memory map

Address of section .text set to 0xc0001500
LOAD build/main.o
LOAD build/init.o
LOAD build/console.o
LOAD build/keyboard.o
LOAD build/timer.o
LOAD build/ioqueue.o
LOAD build/process.o
LOAD build/interrupt.o
LOAD build/memory.o
LOAD build/thread.o
LOAD build/kernel.o
LOAD build/switch.o
LOAD build/tss.o
LOAD build/print.o
LOAD build/debug.o
LOAD build/bitmap.o
LOAD build/string.o
LOAD build/list.o
LOAD build/sync.o
LOAD build/syscall.o
LOAD build/syscall-init.o
LOAD build/stdio.o
                [!provide]                        PROVIDE (__executable_start = SEGMENT_START ("text-segment", 0x8048000))
                0x0000000008048094                . = (SEGMENT_START ("text-segment", 0x8048000) + SIZEOF_HEADERS)

.interp
 *(.interp)

.note.gnu.build-id
 *(.note.gnu.build-id)

.hash
 *(.hash)

.gnu.hash
 *(.gnu.hash)

.dynsym
 *(.dynsym)

.dynstr
 *(.dynstr)

.gnu.version
 *(.gnu.version)

.gnu.version_d
 *(.gnu.version_d)

.gnu.version_r
 *(.gnu.version_r)

.rel.dyn        0x0000000008048094        0x0
 *(.rel.init)
 *(.rel.text .rel.text.* .rel.gnu.linkonce.t.*)
 .rel.text      0x0000000008048094        0x0 build/main.o
 *(.rel.fini)
 *(.rel.rodata .rel.rodata.* .rel.gnu.linkonce.r.*)
 *(.rel.data.rel.ro .rel.data.rel.ro.* .rel.gnu.linkonce.d.rel.ro.*)
 *(.rel.data .rel.data.* .rel.gnu.linkonce.d.*)
 *(.rel.tdata .rel.tdata.* .rel.gnu.linkonce.td.*)
 *(.rel.tbss .rel.tbss.* .rel.gnu.linkonce.tb.*)
 *(.rel.ctors)
 *(.rel.dtors)
 *(.rel.got)
 .rel.got       0x0000000008048094        0x0 build/main.o
 *(.rel.bss .rel.bss.* .rel.gnu.linkonce.b.*)
 *(.rel.ifunc)

.rel.plt        0x0000000008048094        0x0
 *(.rel.plt)
                [!provide]                        PROVIDE (__rel_iplt_start = .)
 *(.rel.iplt)
 .rel.iplt      0x0000000008048094        0x0 build/main.o
                [!provide]                        PROVIDE (__rel_iplt_end = .)

.init
 *(SORT_NONE(.init))

.plt            0x0000000008048098        0x0
 *(.plt)
 *(.iplt)
 .iplt          0x0000000008048098        0x0 build/main.o

.plt.got
 *(.plt.got)

.plt.sec
 *(.plt.sec)

.text           0x00000000c0001500     0x4286
 *(.text.unlikely .text.*_unlikely .text.unlikely.*)
 *(.text.exit .text.exit.*)
 *(.text.startup .text.startup.*)
 *(.text.hot .text.hot.*)
 *(.text .stub .text.* .gnu.linkonce.t.*)
 .text          0x00000000c0001500       0xb2 build/main.o
                0x00000000c0001500                k_thread_a
                0x00000000c0001546                user_a
                0x00000000c000156d                main
 .text.__x86.get_pc_thunk.ax
                0x00000000c00015b2        0x4 build/main.o
                0x00000000c00015b2                __x86.get_pc_thunk.ax
 .text.__x86.get_pc_thunk.bx
                0x00000000c00015b6        0x4 build/main.o
                0x00000000c00015b6                __x86.get_pc_thunk.bx
 .text          0x00000000c00015ba       0x52 build/init.o
                0x00000000c00015ba                init_all
 .text          0x00000000c000160c      0x119 build/console.o
                0x00000000c000160c                console_init
                0x00000000c0001637                console_acquire
                0x00000000c0001662                console_release
                0x00000000c000168d                console_put_char
                0x00000000c00016c5                console_put_str
                0x00000000c00016f5                console_put_uint32t
 .text          0x00000000c0001725      0x29b build/keyboard.o
                0x00000000c000195e                keyboard_init
 .text          0x00000000c00019c0      0x1b9 build/timer.o
                0x00000000c0001b11                timer_init
 .text          0x00000000c0001b79      0x378 build/ioqueue.o
                0x00000000c0001b79                ioqueue_init
                0x00000000c0001be5                ioq_full
                0x00000000c0001c46                ioq_empty
                0x00000000c0001d52                ioq_getchar
                0x00000000c0001e20                ioq_putchar
 .text          0x00000000c0001ef1      0x423 build/process.o
                0x00000000c0001ef1                process_start
                0x00000000c0002022                page_dir_activate
                0x00000000c000206d                process_activate
                0x00000000c00020d3                create_page_dir
                0x00000000c000216d                create_user_vaddr_bitmap
                0x00000000c00021d0                process_execute
 .text          0x00000000c0002314      0x57a build/interrupt.o
                0x00000000c0002736                idt_init
                0x00000000c00027b6                intr_enable
                0x00000000c00027e6                intr_disable
                0x00000000c0002816                intr_set_status
                0x00000000c000283e                intr_get_status
                0x00000000c0002865                register_handler
 .text          0x00000000c000288e      0xc98 build/memory.o
                0x00000000c0002adf                block_desc_init
                0x00000000c0002b7f                mem_init
                0x00000000c0002be5                pde_ptr
                0x00000000c0002c02                pte_ptr
                0x00000000c0002c33                addr_v2p
                0x00000000c0002fc8                get_kernel_pages
                0x00000000c0003036                get_user_pages
                0x00000000c00030a4                get_a_page
                0x00000000c000321e                sys_malloc
 .text          0x00000000c0003526      0x76b build/thread.o
                0x00000000c0003526                running_thread
                0x00000000c00035b9                thread_create
                0x00000000c000363a                init_thread
                0x00000000c00036f5                thread_start
                0x00000000c00038c0                schedule
                0x00000000c0003a5b                thread_block
                0x00000000c0003ad3                thread_unblock
                0x00000000c0003c1a                thread_init
 .text.__x86.get_pc_thunk.dx
                0x00000000c0003c91        0x4 build/thread.o
                0x00000000c0003c91                __x86.get_pc_thunk.dx
 *fill*         0x00000000c0003c95        0xb 
 .text          0x00000000c0003ca0      0x55e build/kernel.o
                0x00000000c0003ca0                intr_exit
                0x00000000c00041da                syscall_handler
 *fill*         0x00000000c00041fe        0x2 
 .text          0x00000000c0004200       0x15 build/switch.o
                0x00000000c0004200                switch_to
 .text          0x00000000c0004215      0x1b2 build/tss.o
                0x00000000c0004215                update_tss_esp
                0x00000000c00042a6                tss_init
 *fill*         0x00000000c00043c7        0x9 
 .text          0x00000000c00043d0      0x1bb build/print.o
                0x00000000c00043d0                set_cursor
                0x00000000c00043f4                put_char
                0x00000000c00044c3                put_str
                0x00000000c00044e1                put_int32
                0x00000000c0004537                put_uint32_hex
 .text          0x00000000c000458b       0xe0 build/debug.o
                0x00000000c000458b                panic_spin
 .text          0x00000000c000466b      0x2d8 build/bitmap.o
                0x00000000c000466b                bitmap_init
                0x00000000c000469e                bitmap_scan_test
                0x00000000c00046e8                bitmap_scan
                0x00000000c0004831                bitmap_set
                0x00000000c00048e8                bitmap_get
 .text          0x00000000c0004943      0x4a6 build/string.o
                0x00000000c0004943                memset
                0x00000000c00049a9                memcpy
                0x00000000c0004a1b                memcmp
                0x00000000c0004ab4                strcpy
                0x00000000c0004b1f                strcmp
                0x00000000c0004bb4                strcat
                0x00000000c0004c34                strchr
                0x00000000c0004ca2                strrchr
                0x00000000c0004d16                strchrs
                0x00000000c0004d88                strlen
 .text          0x00000000c0004de9      0x2d5 build/list.o
                0x00000000c0004de9                list_init
                0x00000000c0004e21                list_insert_before
                0x00000000c0004e9f                list_push
                0x00000000c0004ec7                list_append
                0x00000000c0004eef                list_remove
                0x00000000c0004f6c                list_pop
                0x00000000c0004fb1                list_isEmpty
                0x00000000c0004fd4                list_len
                0x00000000c0005013                list_traversal
                0x00000000c0005079                have_elem
 .text          0x00000000c00050be      0x2ec build/sync.o
                0x00000000c00050be                sema_init
                0x00000000c00050f8                lock_init
                0x00000000c0005132                sema_down
                0x00000000c0005227                sema_up
                0x00000000c000529f                lock_acquire
                0x00000000c0005327                lock_release
 .text          0x00000000c00053aa       0x50 build/syscall.o
                0x00000000c00053aa                getpid
                0x00000000c00053c9                write
 .text          0x00000000c00053fa       0xaf build/syscall-init.o
                0x00000000c00053fa                sys_getpid
                0x00000000c000541d                sys_write
                0x00000000c0005450                syscall_init
 .text          0x00000000c00054a9      0x2dd build/stdio.o
                0x00000000c000553a                vsprintf
                0x00000000c00056e3                sprintf
                0x00000000c000571d                printf
 *(.gnu.warning)

.fini
 *(SORT_NONE(.fini))
                [!provide]                        PROVIDE (__etext = .)
                [!provide]                        PROVIDE (_etext = .)
                [!provide]                        PROVIDE (etext = .)

.rodata         0x00000000c0005788      0xcb4
 *(.rodata .rodata.* .gnu.linkonce.r.*)
 .rodata        0x00000000c0005788       0x1e build/main.o
 .rodata        0x00000000c00057a6        0xa build/init.o
 .rodata        0x00000000c00057b0       0x29 build/keyboard.o
 *fill*         0x00000000c00057d9        0x3 
 .rodata        0x00000000c00057dc       0x6b build/timer.o
 *fill*         0x00000000c0005847        0x1 
 .rodata        0x00000000c0005848       0xa8 build/ioqueue.o
 .rodata        0x00000000c00058f0      0x11c build/process.o
 .rodata        0x00000000c0005a0c      0x2d9 build/interrupt.o
 *fill*         0x00000000c0005ce5        0x3 
 .rodata        0x00000000c0005ce8      0x1cb build/memory.o
 *fill*         0x00000000c0005eb3        0x1 
 .rodata        0x00000000c0005eb4      0x283 build/thread.o
 .rodata        0x00000000c0006137       0x27 build/tss.o
 .rodata        0x00000000c000615e       0x39 build/debug.o
 *fill*         0x00000000c0006197        0x1 
 .rodata        0x00000000c0006198       0x67 build/bitmap.o
 *fill*         0x00000000c00061ff        0x1 
 .rodata        0x00000000c0006200       0xc3 build/string.o
 *fill*         0x00000000c00062c3        0x1 
 .rodata        0x00000000c00062c4       0x78 build/list.o
 .rodata        0x00000000c000633c       0xd9 build/sync.o
 .rodata        0x00000000c0006415       0x27 build/syscall-init.o

.rodata1
 *(.rodata1)

.eh_frame_hdr
 *(.eh_frame_hdr)
 *(.eh_frame_entry .eh_frame_entry.*)

.eh_frame       0x00000000c000643c      0xfe8
 *(.eh_frame)
 .eh_frame      0x00000000c000643c       0xa0 build/main.o
 .eh_frame      0x00000000c00064dc       0x24 build/init.o
                                         0x50 (size before relaxing)
 .eh_frame      0x00000000c0006500       0xd8 build/console.o
                                        0x118 (size before relaxing)
 .eh_frame      0x00000000c00065d8       0x68 build/keyboard.o
                                         0xa8 (size before relaxing)
 .eh_frame      0x00000000c0006640       0x94 build/timer.o
                                         0xd4 (size before relaxing)
 .eh_frame      0x00000000c00066d4      0x11c build/ioqueue.o
                                        0x15c (size before relaxing)
 .eh_frame      0x00000000c00067f0       0xd8 build/process.o
                                        0x118 (size before relaxing)
 .eh_frame      0x00000000c00068c8      0x1a0 build/interrupt.o
                                        0x1e0 (size before relaxing)
 .eh_frame      0x00000000c0006a68      0x22c build/memory.o
                                        0x26c (size before relaxing)
 .eh_frame      0x00000000c0006c94      0x194 build/thread.o
                                        0x1d4 (size before relaxing)
 .eh_frame      0x00000000c0006e28       0x6c build/tss.o
                                         0xac (size before relaxing)
 .eh_frame      0x00000000c0006e94       0x1c build/debug.o
                                         0x48 (size before relaxing)
 .eh_frame      0x00000000c0006eb0       0xb0 build/bitmap.o
                                         0xdc (size before relaxing)
 .eh_frame      0x00000000c0006f60      0x168 build/string.o
                                        0x194 (size before relaxing)
 .eh_frame      0x00000000c00070c8      0x148 build/list.o
                                        0x188 (size before relaxing)
 .eh_frame      0x00000000c0007210       0xd4 build/sync.o
                                        0x114 (size before relaxing)
 .eh_frame      0x00000000c00072e4       0x44 build/syscall.o
                                         0x70 (size before relaxing)
 .eh_frame      0x00000000c0007328       0x6c build/syscall-init.o
                                         0xac (size before relaxing)
 .eh_frame      0x00000000c0007394       0x90 build/stdio.o
                                         0xd0 (size before relaxing)
 *(.eh_frame.*)

.gcc_except_table
 *(.gcc_except_table .gcc_except_table.*)

.gnu_extab
 *(.gnu_extab*)

.exception_ranges
 *(.exception_ranges .exception_ranges*)
                0x00000000c0009000                . = DATA_SEGMENT_ALIGN (CONSTANT (MAXPAGESIZE), CONSTANT (COMMONPAGESIZE))

.eh_frame
 *(.eh_frame)
 *(.eh_frame.*)

.gnu_extab
 *(.gnu_extab)

.gcc_except_table
 *(.gcc_except_table .gcc_except_table.*)

.exception_ranges
 *(.exception_ranges .exception_ranges*)

.tdata
 *(.tdata .tdata.* .gnu.linkonce.td.*)

.tbss
 *(.tbss .tbss.* .gnu.linkonce.tb.*)
 *(.tcommon)

.preinit_array  0x00000000c0009000        0x0
                [!provide]                        PROVIDE (__preinit_array_start = .)
 *(.preinit_array)
                [!provide]                        PROVIDE (__preinit_array_end = .)

.init_array     0x00000000c0009000        0x0
                [!provide]                        PROVIDE (__init_array_start = .)
 *(SORT_BY_INIT_PRIORITY(.init_array.*) SORT_BY_INIT_PRIORITY(.ctors.*))
 *(.init_array EXCLUDE_FILE(*crtend?.o *crtend.o *crtbegin?.o *crtbegin.o) .ctors)
                [!provide]                        PROVIDE (__init_array_end = .)

.fini_array     0x00000000c0009000        0x0
                [!provide]                        PROVIDE (__fini_array_start = .)
 *(SORT_BY_INIT_PRIORITY(.fini_array.*) SORT_BY_INIT_PRIORITY(.dtors.*))
 *(.fini_array EXCLUDE_FILE(*crtend?.o *crtend.o *crtbegin?.o *crtbegin.o) .dtors)
                [!provide]                        PROVIDE (__fini_array_end = .)

.ctors
 *crtbegin.o(.ctors)
 *crtbegin?.o(.ctors)
 *(EXCLUDE_FILE(*crtend?.o *crtend.o) .ctors)
 *(SORT_BY_NAME(.ctors.*))
 *(.ctors)

.dtors
 *crtbegin.o(.dtors)
 *crtbegin?.o(.dtors)
 *(EXCLUDE_FILE(*crtend?.o *crtend.o) .dtors)
 *(SORT_BY_NAME(.dtors.*))
 *(.dtors)

.jcr
 *(.jcr)

.data.rel.ro
 *(.data.rel.ro.local* .gnu.linkonce.d.rel.ro.local.*)
 *(.data.rel.ro .data.rel.ro.* .gnu.linkonce.d.rel.ro.*)

.dynamic
 *(.dynamic)

.got            0x00000000c0009000        0x0
 *(.got)
 .got           0x00000000c0009000        0x0 build/main.o
 *(.igot)
                0x00000000c0009ff4                . = DATA_SEGMENT_RELRO_END (., (SIZEOF (.got.plt) >= 0xc)?0xc:0x0)

.got.plt        0x00000000c0009000        0xc
 *(.got.plt)
 .got.plt       0x00000000c0009000        0xc build/main.o
                0x00000000c0009000                _GLOBAL_OFFSET_TABLE_
 *(.igot.plt)
 .igot.plt      0x00000000c000900c        0x0 build/main.o

.data           0x00000000c0009020      0x163
 *(.data .data.* .gnu.linkonce.d.*)
 .data          0x00000000c0009020        0x0 build/main.o
 .data          0x00000000c0009020        0x0 build/init.o
 .data          0x00000000c0009020        0x0 build/console.o
 .data          0x00000000c0009020       0x8e build/keyboard.o
 .data          0x00000000c00090ae        0x0 build/timer.o
 .data          0x00000000c00090ae        0x0 build/ioqueue.o
 .data          0x00000000c00090ae        0x0 build/process.o
 .data          0x00000000c00090ae        0x0 build/interrupt.o
 .data          0x00000000c00090ae        0x0 build/memory.o
 .data          0x00000000c00090ae        0x0 build/thread.o
 *fill*         0x00000000c00090ae        0x2 
 .data          0x00000000c00090b0       0xd3 build/kernel.o
                0x00000000c00090c3                intr_entry_table
 .data          0x00000000c0009183        0x0 build/tss.o
 .data          0x00000000c0009183        0x0 build/debug.o
 .data          0x00000000c0009183        0x0 build/bitmap.o
 .data          0x00000000c0009183        0x0 build/string.o
 .data          0x00000000c0009183        0x0 build/list.o
 .data          0x00000000c0009183        0x0 build/sync.o
 .data          0x00000000c0009183        0x0 build/syscall.o
 .data          0x00000000c0009183        0x0 build/syscall-init.o
 .data          0x00000000c0009183        0x0 build/stdio.o

.data1
 *(.data1)
                0x00000000c0009183                _edata = .
                [!provide]                        PROVIDE (edata = .)
                0x00000000c0009183                . = .
                0x00000000c0009183                __bss_start = .

.bss            0x00000000c00091a0      0xba0
 *(.dynbss)
 *(.bss .bss.* .gnu.linkonce.b.*)
 .bss           0x00000000c00091a0        0x0 build/main.o
 .bss           0x00000000c00091a0        0x0 build/init.o
 .bss           0x00000000c00091a0       0x1c build/console.o
 .bss           0x00000000c00091bc        0x5 build/keyboard.o
 *fill*         0x00000000c00091c1        0x3 
 .bss           0x00000000c00091c4        0x4 build/timer.o
                0x00000000c00091c4                ticks
 .bss           0x00000000c00091c8        0x0 build/ioqueue.o
 .bss           0x00000000c00091c8        0x0 build/process.o
 *fill*         0x00000000c00091c8       0x18 
 .bss           0x00000000c00091e0      0x408 build/interrupt.o
 .bss           0x00000000c00095e8        0x0 build/memory.o
 .bss           0x00000000c00095e8        0x6 build/thread.o
 *fill*         0x00000000c00095ee       0x12 
 .bss           0x00000000c0009600       0x6c build/tss.o
 .bss           0x00000000c000966c        0x0 build/debug.o
 .bss           0x00000000c000966c        0x0 build/bitmap.o
 .bss           0x00000000c000966c        0x0 build/string.o
 .bss           0x00000000c000966c        0x0 build/list.o
 .bss           0x00000000c000966c        0x0 build/sync.o
 .bss           0x00000000c000966c        0x0 build/syscall.o
 .bss           0x00000000c000966c        0x0 build/syscall-init.o
 .bss           0x00000000c000966c        0x0 build/stdio.o
 *(COMMON)
 *fill*         0x00000000c000966c       0x14 
 COMMON         0x00000000c0009680       0x6c build/keyboard.o
                0x00000000c0009680                kbd_buf
 *fill*         0x00000000c00096ec       0x14 
 COMMON         0x00000000c0009700      0x424 build/interrupt.o
                0x00000000c0009700                intr_name
                0x00000000c0009920                idt_table
 *fill*         0x00000000c0009b24       0x1c 
 COMMON         0x00000000c0009b40      0x12c build/memory.o
                0x00000000c0009b40                user_pool
                0x00000000c0009b80                k_block_descs
                0x00000000c0009c28                kernel_vaddr
                0x00000000c0009c40                kernel_pool
 COMMON         0x00000000c0009c6c       0x40 build/thread.o
                0x00000000c0009c6c                thread_ready_list
                0x00000000c0009c7c                thread_all_list
                0x00000000c0009c8c                main_thread
                0x00000000c0009c90                pid_lock
 *fill*         0x00000000c0009cac       0x14 
 COMMON         0x00000000c0009cc0       0x80 build/syscall-init.o
                0x00000000c0009cc0                syscall_table
                0x00000000c0009d40                . = ALIGN ((. != 0x0)?0x4:0x1)
                0x00000000c0009d40                . = ALIGN (0x4)
                0x00000000c0009d40                . = SEGMENT_START ("ldata-segment", .)
                0x00000000c0009d40                . = ALIGN (0x4)
                0x00000000c0009d40                _end = .
                [!provide]                        PROVIDE (end = .)
                0x00000000c0009d40                . = DATA_SEGMENT_END (.)

.stab
 *(.stab)

.stabstr
 *(.stabstr)

.stab.excl
 *(.stab.excl)

.stab.exclstr
 *(.stab.exclstr)

.stab.index
 *(.stab.index)

.stab.indexstr
 *(.stab.indexstr)

.comment        0x0000000000000000       0x1d
 *(.comment)
 .comment       0x0000000000000000       0x1d build/main.o
                                         0x1e (size before relaxing)
 .comment       0x000000000000001d       0x1e build/init.o
 .comment       0x000000000000001d       0x1e build/console.o
 .comment       0x000000000000001d       0x1e build/keyboard.o
 .comment       0x000000000000001d       0x1e build/timer.o
 .comment       0x000000000000001d       0x1e build/ioqueue.o
 .comment       0x000000000000001d       0x1e build/process.o
 .comment       0x000000000000001d       0x1e build/interrupt.o
 .comment       0x000000000000001d       0x1e build/memory.o
 .comment       0x000000000000001d       0x1e build/thread.o
 .comment       0x000000000000001d       0x1e build/tss.o
 .comment       0x000000000000001d       0x1e build/debug.o
 .comment       0x000000000000001d       0x1e build/bitmap.o
 .comment       0x000000000000001d       0x1e build/string.o
 .comment       0x000000000000001d       0x1e build/list.o
 .comment       0x000000000000001d       0x1e build/sync.o
 .comment       0x000000000000001d       0x1e build/syscall.o
 .comment       0x000000000000001d       0x1e build/syscall-init.o
 .comment       0x000000000000001d       0x1e build/stdio.o

.debug
 *(.debug)

.line
 *(.line)

.debug_srcinfo
 *(.debug_srcinfo)

.debug_sfnames
 *(.debug_sfnames)

.debug_aranges
 *(.debug_aranges)

.debug_pubnames
 *(.debug_pubnames)

.debug_info
 *(.debug_info .gnu.linkonce.wi.*)

.debug_abbrev
 *(.debug_abbrev)

.debug_line
 *(.debug_line .debug_line.* .debug_line_end)

.debug_frame
 *(.debug_frame)

.debug_str
 *(.debug_str)

.debug_loc
 *(.debug_loc)

.debug_macinfo
 *(.debug_macinfo)

.debug_weaknames
 *(.debug_weaknames)

.debug_funcnames
 *(.debug_funcnames)

.debug_typenames
 *(.debug_typenames)

.debug_varnames
 *(.debug_varnames)

.debug_pubtypes
 *(.debug_pubtypes)

.debug_ranges
 *(.debug_ranges)

.debug_macro
 *(.debug_macro)

.debug_addr
 *(.debug_addr)

.gnu.attributes
 *(.gnu.attributes)

/DISCARD/
 *(.note.GNU-stack)
 *(.gnu_debuglink)
 *(.gnu.lto_*)
OUTPUT(build/kernel.bin elf32-i386)
