
Allocating common symbols
Common symbol       size              file

kbd_buf             0x6c              build/keyboard.o
thread_ready_list   0x10              build/thread.o
thread_all_list     0x10              build/thread.o
user_pool           0x2c              build/memory.o
k_block_descs       0xa8              build/memory.o
intr_name           0x204             build/interrupt.o
main_thread         0x4               build/thread.o
kernel_vaddr        0xc               build/memory.o
syscall_table       0x80              build/syscall-init.o
idt_table           0x204             build/interrupt.o
kernel_pool         0x2c              build/memory.o
pid_lock            0x1c              build/thread.o

Discarded input sections

 .group         0x0000000000000000        0x8 build/main.o
 .note.GNU-stack
                0x0000000000000000        0x0 build/main.o
 .group         0x0000000000000000        0x8 build/init.o
 .text.__x86.get_pc_thunk.bx
                0x0000000000000000        0x4 build/init.o
 .note.GNU-stack
                0x0000000000000000        0x0 build/init.o
 .group         0x0000000000000000        0x8 build/console.o
 .group         0x0000000000000000        0x8 build/console.o
 .text.__x86.get_pc_thunk.bx
                0x0000000000000000        0x4 build/console.o
 .note.GNU-stack
                0x0000000000000000        0x0 build/console.o
 .group         0x0000000000000000        0x8 build/keyboard.o
 .group         0x0000000000000000        0x8 build/keyboard.o
 .text.__x86.get_pc_thunk.ax
                0x0000000000000000        0x4 build/keyboard.o
 .text.__x86.get_pc_thunk.bx
                0x0000000000000000        0x4 build/keyboard.o
 .note.GNU-stack
                0x0000000000000000        0x0 build/keyboard.o
 .group         0x0000000000000000        0x8 build/timer.o
 .group         0x0000000000000000        0x8 build/timer.o
 .text.__x86.get_pc_thunk.ax
                0x0000000000000000        0x4 build/timer.o
 .text.__x86.get_pc_thunk.bx
                0x0000000000000000        0x4 build/timer.o
 .note.GNU-stack
                0x0000000000000000        0x0 build/timer.o
 .group         0x0000000000000000        0x8 build/ioqueue.o
 .group         0x0000000000000000        0x8 build/ioqueue.o
 .text.__x86.get_pc_thunk.ax
                0x0000000000000000        0x4 build/ioqueue.o
 .text.__x86.get_pc_thunk.bx
                0x0000000000000000        0x4 build/ioqueue.o
 .note.GNU-stack
                0x0000000000000000        0x0 build/ioqueue.o
 .group         0x0000000000000000        0x8 build/process.o
 .group         0x0000000000000000        0x8 build/process.o
 .text.__x86.get_pc_thunk.ax
                0x0000000000000000        0x4 build/process.o
 .text.__x86.get_pc_thunk.bx
                0x0000000000000000        0x4 build/process.o
 .note.GNU-stack
                0x0000000000000000        0x0 build/process.o
 .group         0x0000000000000000        0x8 build/interrupt.o
 .group         0x0000000000000000        0x8 build/interrupt.o
 .text.__x86.get_pc_thunk.ax
                0x0000000000000000        0x4 build/interrupt.o
 .text.__x86.get_pc_thunk.bx
                0x0000000000000000        0x4 build/interrupt.o
 .note.GNU-stack
                0x0000000000000000        0x0 build/interrupt.o
 .group         0x0000000000000000        0x8 build/memory.o
 .group         0x0000000000000000        0x8 build/memory.o
 .text.__x86.get_pc_thunk.ax
                0x0000000000000000        0x4 build/memory.o
 .text.__x86.get_pc_thunk.bx
                0x0000000000000000        0x4 build/memory.o
 .note.GNU-stack
                0x0000000000000000        0x0 build/memory.o
 .group         0x0000000000000000        0x8 build/thread.o
 .group         0x0000000000000000        0x8 build/thread.o
 .group         0x0000000000000000        0x8 build/thread.o
 .text.__x86.get_pc_thunk.ax
                0x0000000000000000        0x4 build/thread.o
 .text.__x86.get_pc_thunk.bx
                0x0000000000000000        0x4 build/thread.o
 .note.GNU-stack
                0x0000000000000000        0x0 build/thread.o
 .group         0x0000000000000000        0x8 build/tss.o
 .group         0x0000000000000000        0x8 build/tss.o
 .text.__x86.get_pc_thunk.ax
                0x0000000000000000        0x4 build/tss.o
 .text.__x86.get_pc_thunk.bx
                0x0000000000000000        0x4 build/tss.o
 .note.GNU-stack
                0x0000000000000000        0x0 build/tss.o
 .group         0x0000000000000000        0x8 build/debug.o
 .text.__x86.get_pc_thunk.bx
                0x0000000000000000        0x4 build/debug.o
 .note.GNU-stack
                0x0000000000000000        0x0 build/debug.o
 .group         0x0000000000000000        0x8 build/bitmap.o
 .text.__x86.get_pc_thunk.ax
                0x0000000000000000        0x4 build/bitmap.o
 .note.GNU-stack
                0x0000000000000000        0x0 build/bitmap.o
 .group         0x0000000000000000        0x8 build/string.o
 .text.__x86.get_pc_thunk.ax
                0x0000000000000000        0x4 build/string.o
 .note.GNU-stack
                0x0000000000000000        0x0 build/string.o
 .group         0x0000000000000000        0x8 build/list.o
 .group         0x0000000000000000        0x8 build/list.o
 .text.__x86.get_pc_thunk.ax
                0x0000000000000000        0x4 build/list.o
 .text.__x86.get_pc_thunk.bx
                0x0000000000000000        0x4 build/list.o
 .note.GNU-stack
                0x0000000000000000        0x0 build/list.o
 .group         0x0000000000000000        0x8 build/sync.o
 .group         0x0000000000000000        0x8 build/sync.o
 .text.__x86.get_pc_thunk.ax
                0x0000000000000000        0x4 build/sync.o
 .text.__x86.get_pc_thunk.bx
                0x0000000000000000        0x4 build/sync.o
 .note.GNU-stack
                0x0000000000000000        0x0 build/sync.o
 .group         0x0000000000000000        0x8 build/syscall.o
 .text.__x86.get_pc_thunk.ax
                0x0000000000000000        0x4 build/syscall.o
 .note.GNU-stack
                0x0000000000000000        0x0 build/syscall.o
 .group         0x0000000000000000        0x8 build/syscall-init.o
 .group         0x0000000000000000        0x8 build/syscall-init.o
 .text.__x86.get_pc_thunk.ax
                0x0000000000000000        0x4 build/syscall-init.o
 .text.__x86.get_pc_thunk.bx
                0x0000000000000000        0x4 build/syscall-init.o
 .note.GNU-stack
                0x0000000000000000        0x0 build/syscall-init.o
 .group         0x0000000000000000        0x8 build/stdio.o
 .group         0x0000000000000000        0x8 build/stdio.o
 .text.__x86.get_pc_thunk.ax
                0x0000000000000000        0x4 build/stdio.o
 .text.__x86.get_pc_thunk.bx
                0x0000000000000000        0x4 build/stdio.o
 .note.GNU-stack
                0x0000000000000000        0x0 build/stdio.o

Memory Configuration

Name             Origin             Length             Attributes
*default*        0x0000000000000000 0xffffffffffffffff

Linker script and memory map

Address of section .text set to 0xc0001500
LOAD build/main.o
LOAD build/init.o
LOAD build/console.o
LOAD build/keyboard.o
LOAD build/timer.o
LOAD build/ioqueue.o
LOAD build/process.o
LOAD build/interrupt.o
LOAD build/memory.o
LOAD build/thread.o
LOAD build/kernel.o
LOAD build/switch.o
LOAD build/tss.o
LOAD build/print.o
LOAD build/debug.o
LOAD build/bitmap.o
LOAD build/string.o
LOAD build/list.o
LOAD build/sync.o
LOAD build/syscall.o
LOAD build/syscall-init.o
LOAD build/stdio.o
                [!provide]                        PROVIDE (__executable_start = SEGMENT_START ("text-segment", 0x8048000))
                0x0000000008048094                . = (SEGMENT_START ("text-segment", 0x8048000) + SIZEOF_HEADERS)

.interp
 *(.interp)

.note.gnu.build-id
 *(.note.gnu.build-id)

.hash
 *(.hash)

.gnu.hash
 *(.gnu.hash)

.dynsym
 *(.dynsym)

.dynstr
 *(.dynstr)

.gnu.version
 *(.gnu.version)

.gnu.version_d
 *(.gnu.version_d)

.gnu.version_r
 *(.gnu.version_r)

.rel.dyn        0x0000000008048094        0x0
 *(.rel.init)
 *(.rel.text .rel.text.* .rel.gnu.linkonce.t.*)
 .rel.text      0x0000000008048094        0x0 build/main.o
 *(.rel.fini)
 *(.rel.rodata .rel.rodata.* .rel.gnu.linkonce.r.*)
 *(.rel.data.rel.ro .rel.data.rel.ro.* .rel.gnu.linkonce.d.rel.ro.*)
 *(.rel.data .rel.data.* .rel.gnu.linkonce.d.*)
 *(.rel.tdata .rel.tdata.* .rel.gnu.linkonce.td.*)
 *(.rel.tbss .rel.tbss.* .rel.gnu.linkonce.tb.*)
 *(.rel.ctors)
 *(.rel.dtors)
 *(.rel.got)
 .rel.got       0x0000000008048094        0x0 build/main.o
 *(.rel.bss .rel.bss.* .rel.gnu.linkonce.b.*)
 *(.rel.ifunc)

.rel.plt        0x0000000008048094        0x0
 *(.rel.plt)
                [!provide]                        PROVIDE (__rel_iplt_start = .)
 *(.rel.iplt)
 .rel.iplt      0x0000000008048094        0x0 build/main.o
                [!provide]                        PROVIDE (__rel_iplt_end = .)

.init
 *(SORT_NONE(.init))

.plt            0x0000000008048098        0x0
 *(.plt)
 *(.iplt)
 .iplt          0x0000000008048098        0x0 build/main.o

.plt.got
 *(.plt.got)

.plt.sec
 *(.plt.sec)

.text           0x00000000c0001500     0x4ac4
 *(.text.unlikely .text.*_unlikely .text.unlikely.*)
 *(.text.exit .text.exit.*)
 *(.text.startup .text.startup.*)
 *(.text.hot .text.hot.*)
 *(.text .stub .text.* .gnu.linkonce.t.*)
 .text          0x00000000c0001500      0x443 build/main.o
                0x00000000c0001500                k_thread_a
                0x00000000c0001661                k_thread_b
                0x00000000c00018df                main
 .text.__x86.get_pc_thunk.bx
                0x00000000c0001943        0x4 build/main.o
                0x00000000c0001943                __x86.get_pc_thunk.bx
 .text          0x00000000c0001947       0x52 build/init.o
                0x00000000c0001947                init_all
 .text          0x00000000c0001999      0x119 build/console.o
                0x00000000c0001999                console_init
                0x00000000c00019c4                console_acquire
                0x00000000c00019ef                console_release
                0x00000000c0001a1a                console_put_char
                0x00000000c0001a52                console_put_str
                0x00000000c0001a82                console_put_uint32t
 .text.__x86.get_pc_thunk.ax
                0x00000000c0001ab2        0x4 build/console.o
                0x00000000c0001ab2                __x86.get_pc_thunk.ax
 .text          0x00000000c0001ab6      0x29b build/keyboard.o
                0x00000000c0001cef                keyboard_init
 .text          0x00000000c0001d51      0x1b9 build/timer.o
                0x00000000c0001ea2                timer_init
 .text          0x00000000c0001f0a      0x378 build/ioqueue.o
                0x00000000c0001f0a                ioqueue_init
                0x00000000c0001f76                ioq_full
                0x00000000c0001fd7                ioq_empty
                0x00000000c00020e3                ioq_getchar
                0x00000000c00021b1                ioq_putchar
 .text          0x00000000c0002282      0x423 build/process.o
                0x00000000c0002282                process_start
                0x00000000c00023b3                page_dir_activate
                0x00000000c00023fe                process_activate
                0x00000000c0002464                create_page_dir
                0x00000000c00024fe                create_user_vaddr_bitmap
                0x00000000c0002561                process_execute
 .text          0x00000000c00026a5      0x57a build/interrupt.o
                0x00000000c0002ac7                idt_init
                0x00000000c0002b47                intr_enable
                0x00000000c0002b77                intr_disable
                0x00000000c0002ba7                intr_set_status
                0x00000000c0002bcf                intr_get_status
                0x00000000c0002bf6                register_handler
 .text          0x00000000c0002c1f     0x10e1 build/memory.o
                0x00000000c0002e70                block_desc_init
                0x00000000c0002f10                mem_init
                0x00000000c0002f76                pde_ptr
                0x00000000c0002f93                pte_ptr
                0x00000000c0002fc4                addr_v2p
                0x00000000c0003377                page_table_pte_remove
                0x00000000c000347f                get_kernel_pages
                0x00000000c00034ed                get_user_pages
                0x00000000c000355b                get_a_page
                0x00000000c000369a                free_pages
                0x00000000c0003793                sys_malloc
                0x00000000c0003bc8                sys_free
 .text          0x00000000c0003d00      0x76b build/thread.o
                0x00000000c0003d00                running_thread
                0x00000000c0003d93                thread_create
                0x00000000c0003e14                init_thread
                0x00000000c0003ecf                thread_start
                0x00000000c000409a                schedule
                0x00000000c0004235                thread_block
                0x00000000c00042ad                thread_unblock
                0x00000000c00043f4                thread_init
 .text.__x86.get_pc_thunk.dx
                0x00000000c000446b        0x4 build/thread.o
                0x00000000c000446b                __x86.get_pc_thunk.dx
 *fill*         0x00000000c000446f        0x1 
 .text          0x00000000c0004470      0x55e build/kernel.o
                0x00000000c0004470                intr_exit
                0x00000000c00049aa                syscall_handler
 *fill*         0x00000000c00049ce        0x2 
 .text          0x00000000c00049d0       0x15 build/switch.o
                0x00000000c00049d0                switch_to
 .text          0x00000000c00049e5      0x1b2 build/tss.o
                0x00000000c00049e5                update_tss_esp
                0x00000000c0004a76                tss_init
 *fill*         0x00000000c0004b97        0x9 
 .text          0x00000000c0004ba0      0x1bb build/print.o
                0x00000000c0004ba0                set_cursor
                0x00000000c0004bc4                put_char
                0x00000000c0004c93                put_str
                0x00000000c0004cb1                put_int32
                0x00000000c0004d07                put_uint32_hex
 .text          0x00000000c0004d5b       0xe0 build/debug.o
                0x00000000c0004d5b                panic_spin
 .text          0x00000000c0004e3b      0x2d8 build/bitmap.o
                0x00000000c0004e3b                bitmap_init
                0x00000000c0004e6e                bitmap_scan_test
                0x00000000c0004eb8                bitmap_scan
                0x00000000c0005001                bitmap_set
                0x00000000c00050b8                bitmap_get
 .text          0x00000000c0005113      0x4a6 build/string.o
                0x00000000c0005113                memset
                0x00000000c0005179                memcpy
                0x00000000c00051eb                memcmp
                0x00000000c0005284                strcpy
                0x00000000c00052ef                strcmp
                0x00000000c0005384                strcat
                0x00000000c0005404                strchr
                0x00000000c0005472                strrchr
                0x00000000c00054e6                strchrs
                0x00000000c0005558                strlen
 .text          0x00000000c00055b9      0x2d5 build/list.o
                0x00000000c00055b9                list_init
                0x00000000c00055f1                list_insert_before
                0x00000000c000566f                list_push
                0x00000000c0005697                list_append
                0x00000000c00056bf                list_remove
                0x00000000c000573c                list_pop
                0x00000000c0005781                list_isEmpty
                0x00000000c00057a4                list_len
                0x00000000c00057e3                list_traversal
                0x00000000c0005849                have_elem
 .text          0x00000000c000588e      0x2ec build/sync.o
                0x00000000c000588e                sema_init
                0x00000000c00058c8                lock_init
                0x00000000c0005902                sema_down
                0x00000000c00059f7                sema_up
                0x00000000c0005a6f                lock_acquire
                0x00000000c0005af7                lock_release
 .text          0x00000000c0005b7a       0xa0 build/syscall.o
                0x00000000c0005b7a                getpid
                0x00000000c0005b99                write
                0x00000000c0005bca                malloc
                0x00000000c0005bf3                free
 .text          0x00000000c0005c1a       0xcd build/syscall-init.o
                0x00000000c0005c1a                sys_getpid
                0x00000000c0005c3d                sys_write
                0x00000000c0005c70                syscall_init
 .text          0x00000000c0005ce7      0x2dd build/stdio.o
                0x00000000c0005d78                vsprintf
                0x00000000c0005f21                sprintf
                0x00000000c0005f5b                printf
 *(.gnu.warning)

.fini
 *(SORT_NONE(.fini))
                [!provide]                        PROVIDE (__etext = .)
                [!provide]                        PROVIDE (_etext = .)
                [!provide]                        PROVIDE (etext = .)

.rodata         0x00000000c0005fc4      0xd90
 *(.rodata .rodata.* .gnu.linkonce.r.*)
 .rodata        0x00000000c0005fc4       0x72 build/main.o
 .rodata        0x00000000c0006036        0xa build/init.o
 .rodata        0x00000000c0006040       0x29 build/keyboard.o
 *fill*         0x00000000c0006069        0x3 
 .rodata        0x00000000c000606c       0x6b build/timer.o
 *fill*         0x00000000c00060d7        0x1 
 .rodata        0x00000000c00060d8       0xa8 build/ioqueue.o
 .rodata        0x00000000c0006180      0x11c build/process.o
 .rodata        0x00000000c000629c      0x2d9 build/interrupt.o
 *fill*         0x00000000c0006575        0x3 
 .rodata        0x00000000c0006578      0x251 build/memory.o
 *fill*         0x00000000c00067c9        0x3 
 .rodata        0x00000000c00067cc      0x283 build/thread.o
 .rodata        0x00000000c0006a4f       0x27 build/tss.o
 .rodata        0x00000000c0006a76       0x39 build/debug.o
 *fill*         0x00000000c0006aaf        0x1 
 .rodata        0x00000000c0006ab0       0x67 build/bitmap.o
 *fill*         0x00000000c0006b17        0x1 
 .rodata        0x00000000c0006b18       0xc3 build/string.o
 *fill*         0x00000000c0006bdb        0x1 
 .rodata        0x00000000c0006bdc       0x78 build/list.o
 .rodata        0x00000000c0006c54       0xd9 build/sync.o
 .rodata        0x00000000c0006d2d       0x27 build/syscall-init.o

.rodata1
 *(.rodata1)

.eh_frame_hdr
 *(.eh_frame_hdr)
 *(.eh_frame_entry .eh_frame_entry.*)

.eh_frame       0x00000000c0006d54     0x1108
 *(.eh_frame)
 .eh_frame      0x00000000c0006d54       0x8c build/main.o
 .eh_frame      0x00000000c0006de0       0x24 build/init.o
                                         0x50 (size before relaxing)
 .eh_frame      0x00000000c0006e04       0xec build/console.o
                                        0x118 (size before relaxing)
 .eh_frame      0x00000000c0006ef0       0x68 build/keyboard.o
                                         0xa8 (size before relaxing)
 .eh_frame      0x00000000c0006f58       0x94 build/timer.o
                                         0xd4 (size before relaxing)
 .eh_frame      0x00000000c0006fec      0x11c build/ioqueue.o
                                        0x15c (size before relaxing)
 .eh_frame      0x00000000c0007108       0xd8 build/process.o
                                        0x118 (size before relaxing)
 .eh_frame      0x00000000c00071e0      0x1a0 build/interrupt.o
                                        0x1e0 (size before relaxing)
 .eh_frame      0x00000000c0007380      0x304 build/memory.o
                                        0x344 (size before relaxing)
 .eh_frame      0x00000000c0007684      0x194 build/thread.o
                                        0x1d4 (size before relaxing)
 .eh_frame      0x00000000c0007818       0x6c build/tss.o
                                         0xac (size before relaxing)
 .eh_frame      0x00000000c0007884       0x1c build/debug.o
                                         0x48 (size before relaxing)
 .eh_frame      0x00000000c00078a0       0xb0 build/bitmap.o
                                         0xdc (size before relaxing)
 .eh_frame      0x00000000c0007950      0x168 build/string.o
                                        0x194 (size before relaxing)
 .eh_frame      0x00000000c0007ab8      0x148 build/list.o
                                        0x188 (size before relaxing)
 .eh_frame      0x00000000c0007c00       0xd4 build/sync.o
                                        0x114 (size before relaxing)
 .eh_frame      0x00000000c0007cd4       0x8c build/syscall.o
                                         0xb8 (size before relaxing)
 .eh_frame      0x00000000c0007d60       0x6c build/syscall-init.o
                                         0xac (size before relaxing)
 .eh_frame      0x00000000c0007dcc       0x90 build/stdio.o
                                         0xd0 (size before relaxing)
 *(.eh_frame.*)

.gcc_except_table
 *(.gcc_except_table .gcc_except_table.*)

.gnu_extab
 *(.gnu_extab*)

.exception_ranges
 *(.exception_ranges .exception_ranges*)
                0x00000000c0009000                . = DATA_SEGMENT_ALIGN (CONSTANT (MAXPAGESIZE), CONSTANT (COMMONPAGESIZE))

.eh_frame
 *(.eh_frame)
 *(.eh_frame.*)

.gnu_extab
 *(.gnu_extab)

.gcc_except_table
 *(.gcc_except_table .gcc_except_table.*)

.exception_ranges
 *(.exception_ranges .exception_ranges*)

.tdata
 *(.tdata .tdata.* .gnu.linkonce.td.*)

.tbss
 *(.tbss .tbss.* .gnu.linkonce.tb.*)
 *(.tcommon)

.preinit_array  0x00000000c0009000        0x0
                [!provide]                        PROVIDE (__preinit_array_start = .)
 *(.preinit_array)
                [!provide]                        PROVIDE (__preinit_array_end = .)

.init_array     0x00000000c0009000        0x0
                [!provide]                        PROVIDE (__init_array_start = .)
 *(SORT_BY_INIT_PRIORITY(.init_array.*) SORT_BY_INIT_PRIORITY(.ctors.*))
 *(.init_array EXCLUDE_FILE(*crtend?.o *crtend.o *crtbegin?.o *crtbegin.o) .ctors)
                [!provide]                        PROVIDE (__init_array_end = .)

.fini_array     0x00000000c0009000        0x0
                [!provide]                        PROVIDE (__fini_array_start = .)
 *(SORT_BY_INIT_PRIORITY(.fini_array.*) SORT_BY_INIT_PRIORITY(.dtors.*))
 *(.fini_array EXCLUDE_FILE(*crtend?.o *crtend.o *crtbegin?.o *crtbegin.o) .dtors)
                [!provide]                        PROVIDE (__fini_array_end = .)

.ctors
 *crtbegin.o(.ctors)
 *crtbegin?.o(.ctors)
 *(EXCLUDE_FILE(*crtend?.o *crtend.o) .ctors)
 *(SORT_BY_NAME(.ctors.*))
 *(.ctors)

.dtors
 *crtbegin.o(.dtors)
 *crtbegin?.o(.dtors)
 *(EXCLUDE_FILE(*crtend?.o *crtend.o) .dtors)
 *(SORT_BY_NAME(.dtors.*))
 *(.dtors)

.jcr
 *(.jcr)

.data.rel.ro
 *(.data.rel.ro.local* .gnu.linkonce.d.rel.ro.local.*)
 *(.data.rel.ro .data.rel.ro.* .gnu.linkonce.d.rel.ro.*)

.dynamic
 *(.dynamic)

.got            0x00000000c0009000        0x0
 *(.got)
 .got           0x00000000c0009000        0x0 build/main.o
 *(.igot)
                0x00000000c0009ff4                . = DATA_SEGMENT_RELRO_END (., (SIZEOF (.got.plt) >= 0xc)?0xc:0x0)

.got.plt        0x00000000c0009000        0xc
 *(.got.plt)
 .got.plt       0x00000000c0009000        0xc build/main.o
                0x00000000c0009000                _GLOBAL_OFFSET_TABLE_
 *(.igot.plt)
 .igot.plt      0x00000000c000900c        0x0 build/main.o

.data           0x00000000c0009020      0x163
 *(.data .data.* .gnu.linkonce.d.*)
 .data          0x00000000c0009020        0x0 build/main.o
 .data          0x00000000c0009020        0x0 build/init.o
 .data          0x00000000c0009020        0x0 build/console.o
 .data          0x00000000c0009020       0x8e build/keyboard.o
 .data          0x00000000c00090ae        0x0 build/timer.o
 .data          0x00000000c00090ae        0x0 build/ioqueue.o
 .data          0x00000000c00090ae        0x0 build/process.o
 .data          0x00000000c00090ae        0x0 build/interrupt.o
 .data          0x00000000c00090ae        0x0 build/memory.o
 .data          0x00000000c00090ae        0x0 build/thread.o
 *fill*         0x00000000c00090ae        0x2 
 .data          0x00000000c00090b0       0xd3 build/kernel.o
                0x00000000c00090c3                intr_entry_table
 .data          0x00000000c0009183        0x0 build/tss.o
 .data          0x00000000c0009183        0x0 build/debug.o
 .data          0x00000000c0009183        0x0 build/bitmap.o
 .data          0x00000000c0009183        0x0 build/string.o
 .data          0x00000000c0009183        0x0 build/list.o
 .data          0x00000000c0009183        0x0 build/sync.o
 .data          0x00000000c0009183        0x0 build/syscall.o
 .data          0x00000000c0009183        0x0 build/syscall-init.o
 .data          0x00000000c0009183        0x0 build/stdio.o

.data1
 *(.data1)
                0x00000000c0009183                _edata = .
                [!provide]                        PROVIDE (edata = .)
                0x00000000c0009183                . = .
                0x00000000c0009183                __bss_start = .

.bss            0x00000000c00091a0      0xba0
 *(.dynbss)
 *(.bss .bss.* .gnu.linkonce.b.*)
 .bss           0x00000000c00091a0        0x0 build/main.o
 .bss           0x00000000c00091a0        0x0 build/init.o
 .bss           0x00000000c00091a0       0x1c build/console.o
 .bss           0x00000000c00091bc        0x5 build/keyboard.o
 *fill*         0x00000000c00091c1        0x3 
 .bss           0x00000000c00091c4        0x4 build/timer.o
                0x00000000c00091c4                ticks
 .bss           0x00000000c00091c8        0x0 build/ioqueue.o
 .bss           0x00000000c00091c8        0x0 build/process.o
 *fill*         0x00000000c00091c8       0x18 
 .bss           0x00000000c00091e0      0x408 build/interrupt.o
 .bss           0x00000000c00095e8        0x0 build/memory.o
 .bss           0x00000000c00095e8        0x6 build/thread.o
 *fill*         0x00000000c00095ee       0x12 
 .bss           0x00000000c0009600       0x6c build/tss.o
 .bss           0x00000000c000966c        0x0 build/debug.o
 .bss           0x00000000c000966c        0x0 build/bitmap.o
 .bss           0x00000000c000966c        0x0 build/string.o
 .bss           0x00000000c000966c        0x0 build/list.o
 .bss           0x00000000c000966c        0x0 build/sync.o
 .bss           0x00000000c000966c        0x0 build/syscall.o
 .bss           0x00000000c000966c        0x0 build/syscall-init.o
 .bss           0x00000000c000966c        0x0 build/stdio.o
 *(COMMON)
 *fill*         0x00000000c000966c       0x14 
 COMMON         0x00000000c0009680       0x6c build/keyboard.o
                0x00000000c0009680                kbd_buf
 *fill*         0x00000000c00096ec       0x14 
 COMMON         0x00000000c0009700      0x424 build/interrupt.o
                0x00000000c0009700                intr_name
                0x00000000c0009920                idt_table
 *fill*         0x00000000c0009b24       0x1c 
 COMMON         0x00000000c0009b40      0x12c build/memory.o
                0x00000000c0009b40                user_pool
                0x00000000c0009b80                k_block_descs
                0x00000000c0009c28                kernel_vaddr
                0x00000000c0009c40                kernel_pool
 COMMON         0x00000000c0009c6c       0x40 build/thread.o
                0x00000000c0009c6c                thread_ready_list
                0x00000000c0009c7c                thread_all_list
                0x00000000c0009c8c                main_thread
                0x00000000c0009c90                pid_lock
 *fill*         0x00000000c0009cac       0x14 
 COMMON         0x00000000c0009cc0       0x80 build/syscall-init.o
                0x00000000c0009cc0                syscall_table
                0x00000000c0009d40                . = ALIGN ((. != 0x0)?0x4:0x1)
                0x00000000c0009d40                . = ALIGN (0x4)
                0x00000000c0009d40                . = SEGMENT_START ("ldata-segment", .)
                0x00000000c0009d40                . = ALIGN (0x4)
                0x00000000c0009d40                _end = .
                [!provide]                        PROVIDE (end = .)
                0x00000000c0009d40                . = DATA_SEGMENT_END (.)

.stab
 *(.stab)

.stabstr
 *(.stabstr)

.stab.excl
 *(.stab.excl)

.stab.exclstr
 *(.stab.exclstr)

.stab.index
 *(.stab.index)

.stab.indexstr
 *(.stab.indexstr)

.comment        0x0000000000000000       0x1d
 *(.comment)
 .comment       0x0000000000000000       0x1d build/main.o
                                         0x1e (size before relaxing)
 .comment       0x000000000000001d       0x1e build/init.o
 .comment       0x000000000000001d       0x1e build/console.o
 .comment       0x000000000000001d       0x1e build/keyboard.o
 .comment       0x000000000000001d       0x1e build/timer.o
 .comment       0x000000000000001d       0x1e build/ioqueue.o
 .comment       0x000000000000001d       0x1e build/process.o
 .comment       0x000000000000001d       0x1e build/interrupt.o
 .comment       0x000000000000001d       0x1e build/memory.o
 .comment       0x000000000000001d       0x1e build/thread.o
 .comment       0x000000000000001d       0x1e build/tss.o
 .comment       0x000000000000001d       0x1e build/debug.o
 .comment       0x000000000000001d       0x1e build/bitmap.o
 .comment       0x000000000000001d       0x1e build/string.o
 .comment       0x000000000000001d       0x1e build/list.o
 .comment       0x000000000000001d       0x1e build/sync.o
 .comment       0x000000000000001d       0x1e build/syscall.o
 .comment       0x000000000000001d       0x1e build/syscall-init.o
 .comment       0x000000000000001d       0x1e build/stdio.o

.debug
 *(.debug)

.line
 *(.line)

.debug_srcinfo
 *(.debug_srcinfo)

.debug_sfnames
 *(.debug_sfnames)

.debug_aranges
 *(.debug_aranges)

.debug_pubnames
 *(.debug_pubnames)

.debug_info
 *(.debug_info .gnu.linkonce.wi.*)

.debug_abbrev
 *(.debug_abbrev)

.debug_line
 *(.debug_line .debug_line.* .debug_line_end)

.debug_frame
 *(.debug_frame)

.debug_str
 *(.debug_str)

.debug_loc
 *(.debug_loc)

.debug_macinfo
 *(.debug_macinfo)

.debug_weaknames
 *(.debug_weaknames)

.debug_funcnames
 *(.debug_funcnames)

.debug_typenames
 *(.debug_typenames)

.debug_varnames
 *(.debug_varnames)

.debug_pubtypes
 *(.debug_pubtypes)

.debug_ranges
 *(.debug_ranges)

.debug_macro
 *(.debug_macro)

.debug_addr
 *(.debug_addr)

.gnu.attributes
 *(.gnu.attributes)

/DISCARD/
 *(.note.GNU-stack)
 *(.gnu_debuglink)
 *(.gnu.lto_*)
OUTPUT(build/kernel.bin elf32-i386)
