
Allocating common symbols
Common symbol       size              file

kbd_buf             0x6c              build/keyboard.o
thread_ready_list   0x10              build/thread.o
thread_all_list     0x10              build/thread.o
user_pool           0x2c              build/memory.o
intr_name           0xc0              build/interrupt.o
main_thread         0x4               build/thread.o
kernel_vaddr        0xc               build/memory.o
idt_table           0xc0              build/interrupt.o
kernel_pool         0x2c              build/memory.o

Discarded input sections

 .group         0x0000000000000000        0x8 build/main.o
 .group         0x0000000000000000        0x8 build/main.o
 .note.GNU-stack
                0x0000000000000000        0x0 build/main.o
 .group         0x0000000000000000        0x8 build/init.o
 .text.__x86.get_pc_thunk.bx
                0x0000000000000000        0x4 build/init.o
 .note.GNU-stack
                0x0000000000000000        0x0 build/init.o
 .group         0x0000000000000000        0x8 build/console.o
 .group         0x0000000000000000        0x8 build/console.o
 .text.__x86.get_pc_thunk.ax
                0x0000000000000000        0x4 build/console.o
 .text.__x86.get_pc_thunk.bx
                0x0000000000000000        0x4 build/console.o
 .note.GNU-stack
                0x0000000000000000        0x0 build/console.o
 .group         0x0000000000000000        0x8 build/keyboard.o
 .group         0x0000000000000000        0x8 build/keyboard.o
 .text.__x86.get_pc_thunk.ax
                0x0000000000000000        0x4 build/keyboard.o
 .text.__x86.get_pc_thunk.bx
                0x0000000000000000        0x4 build/keyboard.o
 .note.GNU-stack
                0x0000000000000000        0x0 build/keyboard.o
 .group         0x0000000000000000        0x8 build/timer.o
 .group         0x0000000000000000        0x8 build/timer.o
 .text.__x86.get_pc_thunk.ax
                0x0000000000000000        0x4 build/timer.o
 .text.__x86.get_pc_thunk.bx
                0x0000000000000000        0x4 build/timer.o
 .note.GNU-stack
                0x0000000000000000        0x0 build/timer.o
 .group         0x0000000000000000        0x8 build/ioqueue.o
 .group         0x0000000000000000        0x8 build/ioqueue.o
 .text.__x86.get_pc_thunk.ax
                0x0000000000000000        0x4 build/ioqueue.o
 .text.__x86.get_pc_thunk.bx
                0x0000000000000000        0x4 build/ioqueue.o
 .note.GNU-stack
                0x0000000000000000        0x0 build/ioqueue.o
 .group         0x0000000000000000        0x8 build/process.o
 .group         0x0000000000000000        0x8 build/process.o
 .text.__x86.get_pc_thunk.ax
                0x0000000000000000        0x4 build/process.o
 .text.__x86.get_pc_thunk.bx
                0x0000000000000000        0x4 build/process.o
 .note.GNU-stack
                0x0000000000000000        0x0 build/process.o
 .group         0x0000000000000000        0x8 build/interrupt.o
 .group         0x0000000000000000        0x8 build/interrupt.o
 .text.__x86.get_pc_thunk.ax
                0x0000000000000000        0x4 build/interrupt.o
 .text.__x86.get_pc_thunk.bx
                0x0000000000000000        0x4 build/interrupt.o
 .note.GNU-stack
                0x0000000000000000        0x0 build/interrupt.o
 .group         0x0000000000000000        0x8 build/memory.o
 .group         0x0000000000000000        0x8 build/memory.o
 .text.__x86.get_pc_thunk.ax
                0x0000000000000000        0x4 build/memory.o
 .text.__x86.get_pc_thunk.bx
                0x0000000000000000        0x4 build/memory.o
 .note.GNU-stack
                0x0000000000000000        0x0 build/memory.o
 .group         0x0000000000000000        0x8 build/thread.o
 .group         0x0000000000000000        0x8 build/thread.o
 .group         0x0000000000000000        0x8 build/thread.o
 .text.__x86.get_pc_thunk.ax
                0x0000000000000000        0x4 build/thread.o
 .text.__x86.get_pc_thunk.bx
                0x0000000000000000        0x4 build/thread.o
 .note.GNU-stack
                0x0000000000000000        0x0 build/thread.o
 .group         0x0000000000000000        0x8 build/tss.o
 .group         0x0000000000000000        0x8 build/tss.o
 .text.__x86.get_pc_thunk.ax
                0x0000000000000000        0x4 build/tss.o
 .text.__x86.get_pc_thunk.bx
                0x0000000000000000        0x4 build/tss.o
 .note.GNU-stack
                0x0000000000000000        0x0 build/tss.o
 .group         0x0000000000000000        0x8 build/debug.o
 .text.__x86.get_pc_thunk.bx
                0x0000000000000000        0x4 build/debug.o
 .note.GNU-stack
                0x0000000000000000        0x0 build/debug.o
 .group         0x0000000000000000        0x8 build/bitmap.o
 .text.__x86.get_pc_thunk.ax
                0x0000000000000000        0x4 build/bitmap.o
 .note.GNU-stack
                0x0000000000000000        0x0 build/bitmap.o
 .group         0x0000000000000000        0x8 build/string.o
 .text.__x86.get_pc_thunk.ax
                0x0000000000000000        0x4 build/string.o
 .note.GNU-stack
                0x0000000000000000        0x0 build/string.o
 .group         0x0000000000000000        0x8 build/list.o
 .group         0x0000000000000000        0x8 build/list.o
 .text.__x86.get_pc_thunk.ax
                0x0000000000000000        0x4 build/list.o
 .text.__x86.get_pc_thunk.bx
                0x0000000000000000        0x4 build/list.o
 .note.GNU-stack
                0x0000000000000000        0x0 build/list.o
 .group         0x0000000000000000        0x8 build/sync.o
 .group         0x0000000000000000        0x8 build/sync.o
 .text.__x86.get_pc_thunk.ax
                0x0000000000000000        0x4 build/sync.o
 .text.__x86.get_pc_thunk.bx
                0x0000000000000000        0x4 build/sync.o
 .note.GNU-stack
                0x0000000000000000        0x0 build/sync.o

Memory Configuration

Name             Origin             Length             Attributes
*default*        0x0000000000000000 0xffffffffffffffff

Linker script and memory map

Address of section .text set to 0xc0001500
LOAD build/main.o
LOAD build/init.o
LOAD build/console.o
LOAD build/keyboard.o
LOAD build/timer.o
LOAD build/ioqueue.o
LOAD build/process.o
LOAD build/interrupt.o
LOAD build/memory.o
LOAD build/thread.o
LOAD build/kernel.o
LOAD build/switch.o
LOAD build/tss.o
LOAD build/print.o
LOAD build/debug.o
LOAD build/bitmap.o
LOAD build/string.o
LOAD build/list.o
LOAD build/sync.o
                [!provide]                        PROVIDE (__executable_start = SEGMENT_START ("text-segment", 0x8048000))
                0x0000000008048094                . = (SEGMENT_START ("text-segment", 0x8048000) + SIZEOF_HEADERS)

.interp
 *(.interp)

.note.gnu.build-id
 *(.note.gnu.build-id)

.hash
 *(.hash)

.gnu.hash
 *(.gnu.hash)

.dynsym
 *(.dynsym)

.dynstr
 *(.dynstr)

.gnu.version
 *(.gnu.version)

.gnu.version_d
 *(.gnu.version_d)

.gnu.version_r
 *(.gnu.version_r)

.rel.dyn        0x0000000008048094        0x0
 *(.rel.init)
 *(.rel.text .rel.text.* .rel.gnu.linkonce.t.*)
 .rel.text      0x0000000008048094        0x0 build/main.o
 *(.rel.fini)
 *(.rel.rodata .rel.rodata.* .rel.gnu.linkonce.r.*)
 *(.rel.data.rel.ro .rel.data.rel.ro.* .rel.gnu.linkonce.d.rel.ro.*)
 *(.rel.data .rel.data.* .rel.gnu.linkonce.d.*)
 *(.rel.tdata .rel.tdata.* .rel.gnu.linkonce.td.*)
 *(.rel.tbss .rel.tbss.* .rel.gnu.linkonce.tb.*)
 *(.rel.ctors)
 *(.rel.dtors)
 *(.rel.got)
 .rel.got       0x0000000008048094        0x0 build/main.o
 *(.rel.bss .rel.bss.* .rel.gnu.linkonce.b.*)
 *(.rel.ifunc)

.rel.plt        0x0000000008048094        0x0
 *(.rel.plt)
                [!provide]                        PROVIDE (__rel_iplt_start = .)
 *(.rel.iplt)
 .rel.iplt      0x0000000008048094        0x0 build/main.o
                [!provide]                        PROVIDE (__rel_iplt_end = .)

.init
 *(SORT_NONE(.init))

.plt            0x0000000008048098        0x0
 *(.plt)
 *(.iplt)
 .iplt          0x0000000008048098        0x0 build/main.o

.plt.got
 *(.plt.got)

.plt.sec
 *(.plt.sec)

.text           0x00000000c0001500     0x39b5
 *(.text.unlikely .text.*_unlikely .text.unlikely.*)
 *(.text.exit .text.exit.*)
 *(.text.startup .text.startup.*)
 *(.text.hot .text.hot.*)
 *(.text .stub .text.* .gnu.linkonce.t.*)
 .text          0x00000000c0001500       0xc6 build/main.o
                0x00000000c0001500                k_thread_a
                0x00000000c000150f                user_a
                0x00000000c000152d                user_b
                0x00000000c000154b                main
 .text.__x86.get_pc_thunk.ax
                0x00000000c00015c6        0x4 build/main.o
                0x00000000c00015c6                __x86.get_pc_thunk.ax
 .text.__x86.get_pc_thunk.bx
                0x00000000c00015ca        0x4 build/main.o
                0x00000000c00015ca                __x86.get_pc_thunk.bx
 .text          0x00000000c00015ce       0x4d build/init.o
                0x00000000c00015ce                init_all
 .text          0x00000000c000161b      0x119 build/console.o
                0x00000000c000161b                console_init
                0x00000000c0001646                console_acquire
                0x00000000c0001671                console_release
                0x00000000c000169c                console_put_char
                0x00000000c00016d4                console_put_str
                0x00000000c0001704                console_put_uint32t
 .text          0x00000000c0001734      0x29b build/keyboard.o
                0x00000000c000196d                keyboard_init
 .text          0x00000000c00019cf      0x1b6 build/timer.o
                0x00000000c0001b1d                timer_init
 .text          0x00000000c0001b85      0x378 build/ioqueue.o
                0x00000000c0001b85                ioqueue_init
                0x00000000c0001bf1                ioq_full
                0x00000000c0001c52                ioq_empty
                0x00000000c0001d5e                ioq_getchar
                0x00000000c0001e2c                ioq_putchar
 .text          0x00000000c0001efd      0x408 build/process.o
                0x00000000c0001efd                process_start
                0x00000000c0002031                page_dir_activate
                0x00000000c0002076                process_activate
                0x00000000c00020d9                create_page_dir
                0x00000000c0002173                create_user_vaddr_bitmap
                0x00000000c00021d6                process_execute
 .text          0x00000000c0002305      0x537 build/interrupt.o
                0x00000000c00026e4                idt_init
                0x00000000c0002764                intr_enable
                0x00000000c0002794                intr_disable
                0x00000000c00027c4                intr_set_status
                0x00000000c00027ec                intr_get_status
                0x00000000c0002813                register_handler
 .text          0x00000000c000283c      0x89d build/memory.o
                0x00000000c0002a8d                mem_init
                0x00000000c0002ae1                pde_ptr
                0x00000000c0002afe                pte_ptr
                0x00000000c0002e8e                get_kernel_pages
                0x00000000c0002efc                get_user_pages
                0x00000000c0002f6a                get_a_page
                0x00000000c00030a3                addr_v2p
 .text          0x00000000c00030d9      0x6c1 build/thread.o
                0x00000000c00030d9                running_thread
                0x00000000c0003119                thread_create
                0x00000000c000319d                init_thread
                0x00000000c0003242                thread_start
                0x00000000c00033e1                schedule
                0x00000000c0003576                thread_block
                0x00000000c00035ee                thread_unblock
                0x00000000c0003735                thread_init
 .text.__x86.get_pc_thunk.dx
                0x00000000c000379a        0x4 build/thread.o
                0x00000000c000379a                __x86.get_pc_thunk.dx
 *fill*         0x00000000c000379e        0x2 
 .text          0x00000000c00037a0      0x53a build/kernel.o
                0x00000000c00037a0                intr_exit
 *fill*         0x00000000c0003cda        0x6 
 .text          0x00000000c0003ce0       0x15 build/switch.o
                0x00000000c0003ce0                switch_to
 .text          0x00000000c0003cf5      0x1b2 build/tss.o
                0x00000000c0003cf5                update_tss_esp
                0x00000000c0003d86                tss_init
 *fill*         0x00000000c0003ea7        0x9 
 .text          0x00000000c0003eb0      0x1bb build/print.o
                0x00000000c0003eb0                set_cursor
                0x00000000c0003ed4                put_char
                0x00000000c0003fa3                put_str
                0x00000000c0003fc1                put_int32
                0x00000000c0004017                put_uint32_hex
 .text          0x00000000c000406b       0xe0 build/debug.o
                0x00000000c000406b                panic_spin
 .text          0x00000000c000414b      0x2d8 build/bitmap.o
                0x00000000c000414b                bitmap_init
                0x00000000c000417e                bitmap_scan_test
                0x00000000c00041c8                bitmap_scan
                0x00000000c0004311                bitmap_set
                0x00000000c00043c8                bitmap_get
 .text          0x00000000c0004423      0x4a6 build/string.o
                0x00000000c0004423                memset
                0x00000000c0004489                memcpy
                0x00000000c00044fb                memcmp
                0x00000000c0004594                strcpy
                0x00000000c00045ff                strcmp
                0x00000000c0004694                strcat
                0x00000000c0004714                strchr
                0x00000000c0004782                strrchr
                0x00000000c00047f6                strchrs
                0x00000000c0004868                strlen
 .text          0x00000000c00048c9      0x2d5 build/list.o
                0x00000000c00048c9                list_init
                0x00000000c0004901                list_insert_before
                0x00000000c000497f                list_push
                0x00000000c00049a7                list_append
                0x00000000c00049cf                list_remove
                0x00000000c0004a4c                list_pop
                0x00000000c0004a91                list_isEmpty
                0x00000000c0004ab4                list_len
                0x00000000c0004af3                list_traversal
                0x00000000c0004b59                have_elem
 .text          0x00000000c0004b9e      0x317 build/sync.o
                0x00000000c0004b9e                sema_init
                0x00000000c0004bd8                lock_init
                0x00000000c0004c12                sema_down
                0x00000000c0004d07                sema_up
                0x00000000c0004d7f                lock_acquire
                0x00000000c0004e1d                lock_release
 *(.gnu.warning)

.fini
 *(SORT_NONE(.fini))
                [!provide]                        PROVIDE (__etext = .)
                [!provide]                        PROVIDE (_etext = .)
                [!provide]                        PROVIDE (etext = .)

.rodata         0x00000000c0004eb8      0xc11
 *(.rodata .rodata.* .gnu.linkonce.r.*)
 .rodata        0x00000000c0004eb8       0x13 build/main.o
 .rodata        0x00000000c0004ecb        0xa build/init.o
 .rodata        0x00000000c0004ed5       0x29 build/keyboard.o
 *fill*         0x00000000c0004efe        0x2 
 .rodata        0x00000000c0004f00       0x6b build/timer.o
 *fill*         0x00000000c0004f6b        0x1 
 .rodata        0x00000000c0004f6c       0xa8 build/ioqueue.o
 .rodata        0x00000000c0005014      0x11c build/process.o
 .rodata        0x00000000c0005130      0x2c1 build/interrupt.o
 *fill*         0x00000000c00053f1        0x3 
 .rodata        0x00000000c00053f4      0x173 build/memory.o
 *fill*         0x00000000c0005567        0x1 
 .rodata        0x00000000c0005568      0x283 build/thread.o
 .rodata        0x00000000c00057eb       0x27 build/tss.o
 .rodata        0x00000000c0005812       0x39 build/debug.o
 *fill*         0x00000000c000584b        0x1 
 .rodata        0x00000000c000584c       0x67 build/bitmap.o
 *fill*         0x00000000c00058b3        0x1 
 .rodata        0x00000000c00058b4       0xc3 build/string.o
 *fill*         0x00000000c0005977        0x1 
 .rodata        0x00000000c0005978       0x78 build/list.o
 .rodata        0x00000000c00059f0       0xd9 build/sync.o

.rodata1
 *(.rodata1)

.eh_frame_hdr
 *(.eh_frame_hdr)
 *(.eh_frame_entry .eh_frame_entry.*)

.eh_frame       0x00000000c0005acc      0xe14
 *(.eh_frame)
 .eh_frame      0x00000000c0005acc       0xbc build/main.o
 .eh_frame      0x00000000c0005b88       0x24 build/init.o
                                         0x50 (size before relaxing)
 .eh_frame      0x00000000c0005bac       0xd8 build/console.o
                                        0x118 (size before relaxing)
 .eh_frame      0x00000000c0005c84       0x68 build/keyboard.o
                                         0xa8 (size before relaxing)
 .eh_frame      0x00000000c0005cec       0x94 build/timer.o
                                         0xd4 (size before relaxing)
 .eh_frame      0x00000000c0005d80      0x11c build/ioqueue.o
                                        0x15c (size before relaxing)
 .eh_frame      0x00000000c0005e9c       0xd8 build/process.o
                                        0x118 (size before relaxing)
 .eh_frame      0x00000000c0005f74      0x1a0 build/interrupt.o
                                        0x1e0 (size before relaxing)
 .eh_frame      0x00000000c0006114      0x1a0 build/memory.o
                                        0x1e0 (size before relaxing)
 .eh_frame      0x00000000c00062b4      0x170 build/thread.o
                                        0x1b0 (size before relaxing)
 .eh_frame      0x00000000c0006424       0x6c build/tss.o
                                         0xac (size before relaxing)
 .eh_frame      0x00000000c0006490       0x1c build/debug.o
                                         0x48 (size before relaxing)
 .eh_frame      0x00000000c00064ac       0xb0 build/bitmap.o
                                         0xdc (size before relaxing)
 .eh_frame      0x00000000c000655c      0x168 build/string.o
                                        0x194 (size before relaxing)
 .eh_frame      0x00000000c00066c4      0x148 build/list.o
                                        0x188 (size before relaxing)
 .eh_frame      0x00000000c000680c       0xd4 build/sync.o
                                        0x114 (size before relaxing)
 *(.eh_frame.*)

.gcc_except_table
 *(.gcc_except_table .gcc_except_table.*)

.gnu_extab
 *(.gnu_extab*)

.exception_ranges
 *(.exception_ranges .exception_ranges*)
                0x00000000c0008000                . = DATA_SEGMENT_ALIGN (CONSTANT (MAXPAGESIZE), CONSTANT (COMMONPAGESIZE))

.eh_frame
 *(.eh_frame)
 *(.eh_frame.*)

.gnu_extab
 *(.gnu_extab)

.gcc_except_table
 *(.gcc_except_table .gcc_except_table.*)

.exception_ranges
 *(.exception_ranges .exception_ranges*)

.tdata
 *(.tdata .tdata.* .gnu.linkonce.td.*)

.tbss
 *(.tbss .tbss.* .gnu.linkonce.tb.*)
 *(.tcommon)

.preinit_array  0x00000000c0008000        0x0
                [!provide]                        PROVIDE (__preinit_array_start = .)
 *(.preinit_array)
                [!provide]                        PROVIDE (__preinit_array_end = .)

.init_array     0x00000000c0008000        0x0
                [!provide]                        PROVIDE (__init_array_start = .)
 *(SORT_BY_INIT_PRIORITY(.init_array.*) SORT_BY_INIT_PRIORITY(.ctors.*))
 *(.init_array EXCLUDE_FILE(*crtend?.o *crtend.o *crtbegin?.o *crtbegin.o) .ctors)
                [!provide]                        PROVIDE (__init_array_end = .)

.fini_array     0x00000000c0008000        0x0
                [!provide]                        PROVIDE (__fini_array_start = .)
 *(SORT_BY_INIT_PRIORITY(.fini_array.*) SORT_BY_INIT_PRIORITY(.dtors.*))
 *(.fini_array EXCLUDE_FILE(*crtend?.o *crtend.o *crtbegin?.o *crtbegin.o) .dtors)
                [!provide]                        PROVIDE (__fini_array_end = .)

.ctors
 *crtbegin.o(.ctors)
 *crtbegin?.o(.ctors)
 *(EXCLUDE_FILE(*crtend?.o *crtend.o) .ctors)
 *(SORT_BY_NAME(.ctors.*))
 *(.ctors)

.dtors
 *crtbegin.o(.dtors)
 *crtbegin?.o(.dtors)
 *(EXCLUDE_FILE(*crtend?.o *crtend.o) .dtors)
 *(SORT_BY_NAME(.dtors.*))
 *(.dtors)

.jcr
 *(.jcr)

.data.rel.ro
 *(.data.rel.ro.local* .gnu.linkonce.d.rel.ro.local.*)
 *(.data.rel.ro .data.rel.ro.* .gnu.linkonce.d.rel.ro.*)

.dynamic
 *(.dynamic)

.got            0x00000000c0008000        0x0
 *(.got)
 .got           0x00000000c0008000        0x0 build/main.o
 *(.igot)
                0x00000000c0008ff4                . = DATA_SEGMENT_RELRO_END (., (SIZEOF (.got.plt) >= 0xc)?0xc:0x0)

.got.plt        0x00000000c0008000        0xc
 *(.got.plt)
 .got.plt       0x00000000c0008000        0xc build/main.o
                0x00000000c0008000                _GLOBAL_OFFSET_TABLE_
 *(.igot.plt)
 .igot.plt      0x00000000c000800c        0x0 build/main.o

.data           0x00000000c0008020      0x163
 *(.data .data.* .gnu.linkonce.d.*)
 .data          0x00000000c0008020        0x0 build/main.o
 .data          0x00000000c0008020        0x0 build/init.o
 .data          0x00000000c0008020        0x0 build/console.o
 .data          0x00000000c0008020       0x8e build/keyboard.o
 .data          0x00000000c00080ae        0x0 build/timer.o
 .data          0x00000000c00080ae        0x0 build/ioqueue.o
 .data          0x00000000c00080ae        0x0 build/process.o
 .data          0x00000000c00080ae        0x0 build/interrupt.o
 .data          0x00000000c00080ae        0x0 build/memory.o
 .data          0x00000000c00080ae        0x0 build/thread.o
 *fill*         0x00000000c00080ae        0x2 
 .data          0x00000000c00080b0       0xd3 build/kernel.o
                0x00000000c00080c3                intr_entry_table
 .data          0x00000000c0008183        0x0 build/tss.o
 .data          0x00000000c0008183        0x0 build/debug.o
 .data          0x00000000c0008183        0x0 build/bitmap.o
 .data          0x00000000c0008183        0x0 build/string.o
 .data          0x00000000c0008183        0x0 build/list.o
 .data          0x00000000c0008183        0x0 build/sync.o

.data1
 *(.data1)
                0x00000000c0008183                _edata = .
                [!provide]                        PROVIDE (edata = .)
                0x00000000c0008183                . = .
                0x00000000c0008183                __bss_start = .

.bss            0x00000000c00081a0      0x4f0
 *(.dynbss)
 *(.bss .bss.* .gnu.linkonce.b.*)
 .bss           0x00000000c00081a0        0x4 build/main.o
                0x00000000c00081a0                test_var_a
 .bss           0x00000000c00081a4        0x0 build/init.o
 .bss           0x00000000c00081a4       0x1c build/console.o
 .bss           0x00000000c00081c0        0x5 build/keyboard.o
 *fill*         0x00000000c00081c5        0x3 
 .bss           0x00000000c00081c8        0x4 build/timer.o
                0x00000000c00081c8                ticks
 .bss           0x00000000c00081cc        0x0 build/ioqueue.o
 .bss           0x00000000c00081cc        0x0 build/process.o
 *fill*         0x00000000c00081cc       0x14 
 .bss           0x00000000c00081e0      0x180 build/interrupt.o
 .bss           0x00000000c0008360        0x0 build/memory.o
 .bss           0x00000000c0008360        0x4 build/thread.o
 *fill*         0x00000000c0008364       0x1c 
 .bss           0x00000000c0008380       0x6c build/tss.o
 .bss           0x00000000c00083ec        0x0 build/debug.o
 .bss           0x00000000c00083ec        0x0 build/bitmap.o
 .bss           0x00000000c00083ec        0x0 build/string.o
 .bss           0x00000000c00083ec        0x0 build/list.o
 .bss           0x00000000c00083ec        0x0 build/sync.o
 *(COMMON)
 *fill*         0x00000000c00083ec       0x14 
 COMMON         0x00000000c0008400       0x6c build/keyboard.o
                0x00000000c0008400                kbd_buf
 *fill*         0x00000000c000846c       0x14 
 COMMON         0x00000000c0008480      0x180 build/interrupt.o
                0x00000000c0008480                intr_name
                0x00000000c0008540                idt_table
 COMMON         0x00000000c0008600       0x6c build/memory.o
                0x00000000c0008600                user_pool
                0x00000000c000862c                kernel_vaddr
                0x00000000c0008640                kernel_pool
 COMMON         0x00000000c000866c       0x24 build/thread.o
                0x00000000c000866c                thread_ready_list
                0x00000000c000867c                thread_all_list
                0x00000000c000868c                main_thread
                0x00000000c0008690                . = ALIGN ((. != 0x0)?0x4:0x1)
                0x00000000c0008690                . = ALIGN (0x4)
                0x00000000c0008690                . = SEGMENT_START ("ldata-segment", .)
                0x00000000c0008690                . = ALIGN (0x4)
                0x00000000c0008690                _end = .
                [!provide]                        PROVIDE (end = .)
                0x00000000c0008690                . = DATA_SEGMENT_END (.)

.stab
 *(.stab)

.stabstr
 *(.stabstr)

.stab.excl
 *(.stab.excl)

.stab.exclstr
 *(.stab.exclstr)

.stab.index
 *(.stab.index)

.stab.indexstr
 *(.stab.indexstr)

.comment        0x0000000000000000       0x1d
 *(.comment)
 .comment       0x0000000000000000       0x1d build/main.o
                                         0x1e (size before relaxing)
 .comment       0x000000000000001d       0x1e build/init.o
 .comment       0x000000000000001d       0x1e build/console.o
 .comment       0x000000000000001d       0x1e build/keyboard.o
 .comment       0x000000000000001d       0x1e build/timer.o
 .comment       0x000000000000001d       0x1e build/ioqueue.o
 .comment       0x000000000000001d       0x1e build/process.o
 .comment       0x000000000000001d       0x1e build/interrupt.o
 .comment       0x000000000000001d       0x1e build/memory.o
 .comment       0x000000000000001d       0x1e build/thread.o
 .comment       0x000000000000001d       0x1e build/tss.o
 .comment       0x000000000000001d       0x1e build/debug.o
 .comment       0x000000000000001d       0x1e build/bitmap.o
 .comment       0x000000000000001d       0x1e build/string.o
 .comment       0x000000000000001d       0x1e build/list.o
 .comment       0x000000000000001d       0x1e build/sync.o

.debug
 *(.debug)

.line
 *(.line)

.debug_srcinfo
 *(.debug_srcinfo)

.debug_sfnames
 *(.debug_sfnames)

.debug_aranges
 *(.debug_aranges)

.debug_pubnames
 *(.debug_pubnames)

.debug_info
 *(.debug_info .gnu.linkonce.wi.*)

.debug_abbrev
 *(.debug_abbrev)

.debug_line
 *(.debug_line .debug_line.* .debug_line_end)

.debug_frame
 *(.debug_frame)

.debug_str
 *(.debug_str)

.debug_loc
 *(.debug_loc)

.debug_macinfo
 *(.debug_macinfo)

.debug_weaknames
 *(.debug_weaknames)

.debug_funcnames
 *(.debug_funcnames)

.debug_typenames
 *(.debug_typenames)

.debug_varnames
 *(.debug_varnames)

.debug_pubtypes
 *(.debug_pubtypes)

.debug_ranges
 *(.debug_ranges)

.debug_macro
 *(.debug_macro)

.debug_addr
 *(.debug_addr)

.gnu.attributes
 *(.gnu.attributes)

/DISCARD/
 *(.note.GNU-stack)
 *(.gnu_debuglink)
 *(.gnu.lto_*)
OUTPUT(build/kernel.bin elf32-i386)
