
Allocating common symbols
Common symbol       size              file

user_pool           0x10              build/memory.o
intr_name           0x84              build/interrupt.o
kernel_vaddr        0xc               build/memory.o
idt_table           0x84              build/interrupt.o
kernel_pool         0x10              build/memory.o

Discarded input sections

 .group         0x0000000000000000        0x8 build/main.o
 .group         0x0000000000000000        0x8 build/main.o
 .note.GNU-stack
                0x0000000000000000        0x0 build/main.o
 .group         0x0000000000000000        0x8 build/init.o
 .text.__x86.get_pc_thunk.bx
                0x0000000000000000        0x4 build/init.o
 .note.GNU-stack
                0x0000000000000000        0x0 build/init.o
 .group         0x0000000000000000        0x8 build/interrupt.o
 .group         0x0000000000000000        0x8 build/interrupt.o
 .text.__x86.get_pc_thunk.ax
                0x0000000000000000        0x4 build/interrupt.o
 .text.__x86.get_pc_thunk.bx
                0x0000000000000000        0x4 build/interrupt.o
 .note.GNU-stack
                0x0000000000000000        0x0 build/interrupt.o
 .group         0x0000000000000000        0x8 build/memory.o
 .group         0x0000000000000000        0x8 build/memory.o
 .text.__x86.get_pc_thunk.ax
                0x0000000000000000        0x4 build/memory.o
 .text.__x86.get_pc_thunk.bx
                0x0000000000000000        0x4 build/memory.o
 .note.GNU-stack
                0x0000000000000000        0x0 build/memory.o
 .group         0x0000000000000000        0x8 build/timer.o
 .group         0x0000000000000000        0x8 build/timer.o
 .text.__x86.get_pc_thunk.ax
                0x0000000000000000        0x4 build/timer.o
 .text.__x86.get_pc_thunk.bx
                0x0000000000000000        0x4 build/timer.o
 .note.GNU-stack
                0x0000000000000000        0x0 build/timer.o
 .group         0x0000000000000000        0x8 build/thread.o
 .group         0x0000000000000000        0x8 build/thread.o
 .group         0x0000000000000000        0x8 build/thread.o
 .text.__x86.get_pc_thunk.ax
                0x0000000000000000        0x4 build/thread.o
 .text.__x86.get_pc_thunk.bx
                0x0000000000000000        0x4 build/thread.o
 .note.GNU-stack
                0x0000000000000000        0x0 build/thread.o
 .group         0x0000000000000000        0x8 build/debug.o
 .text.__x86.get_pc_thunk.bx
                0x0000000000000000        0x4 build/debug.o
 .note.GNU-stack
                0x0000000000000000        0x0 build/debug.o
 .group         0x0000000000000000        0x8 build/bitmap.o
 .text.__x86.get_pc_thunk.ax
                0x0000000000000000        0x4 build/bitmap.o
 .note.GNU-stack
                0x0000000000000000        0x0 build/bitmap.o
 .group         0x0000000000000000        0x8 build/string.o
 .text.__x86.get_pc_thunk.ax
                0x0000000000000000        0x4 build/string.o
 .note.GNU-stack
                0x0000000000000000        0x0 build/string.o
 .group         0x0000000000000000        0x8 build/list.o
 .group         0x0000000000000000        0x8 build/list.o
 .text.__x86.get_pc_thunk.ax
                0x0000000000000000        0x4 build/list.o
 .text.__x86.get_pc_thunk.bx
                0x0000000000000000        0x4 build/list.o
 .note.GNU-stack
                0x0000000000000000        0x0 build/list.o

Memory Configuration

Name             Origin             Length             Attributes
*default*        0x0000000000000000 0xffffffffffffffff

Linker script and memory map

Address of section .text set to 0xc0001500
LOAD build/main.o
LOAD build/init.o
LOAD build/interrupt.o
LOAD build/memory.o
LOAD build/timer.o
LOAD build/thread.o
LOAD build/kernel.o
LOAD build/print.o
LOAD build/debug.o
LOAD build/bitmap.o
LOAD build/string.o
LOAD build/list.o
                [!provide]                        PROVIDE (__executable_start = SEGMENT_START ("text-segment", 0x8048000))
                0x0000000008048094                . = (SEGMENT_START ("text-segment", 0x8048000) + SIZEOF_HEADERS)

.interp
 *(.interp)

.note.gnu.build-id
 *(.note.gnu.build-id)

.hash
 *(.hash)

.gnu.hash
 *(.gnu.hash)

.dynsym
 *(.dynsym)

.dynstr
 *(.dynstr)

.gnu.version
 *(.gnu.version)

.gnu.version_d
 *(.gnu.version_d)

.gnu.version_r
 *(.gnu.version_r)

.rel.dyn        0x0000000008048094        0x0
 *(.rel.init)
 *(.rel.text .rel.text.* .rel.gnu.linkonce.t.*)
 .rel.text      0x0000000008048094        0x0 build/main.o
 *(.rel.fini)
 *(.rel.rodata .rel.rodata.* .rel.gnu.linkonce.r.*)
 *(.rel.data.rel.ro .rel.data.rel.ro.* .rel.gnu.linkonce.d.rel.ro.*)
 *(.rel.data .rel.data.* .rel.gnu.linkonce.d.*)
 *(.rel.tdata .rel.tdata.* .rel.gnu.linkonce.td.*)
 *(.rel.tbss .rel.tbss.* .rel.gnu.linkonce.tb.*)
 *(.rel.ctors)
 *(.rel.dtors)
 *(.rel.got)
 .rel.got       0x0000000008048094        0x0 build/main.o
 *(.rel.bss .rel.bss.* .rel.gnu.linkonce.b.*)
 *(.rel.ifunc)

.rel.plt        0x0000000008048094        0x0
 *(.rel.plt)
                [!provide]                        PROVIDE (__rel_iplt_start = .)
 *(.rel.iplt)
 .rel.iplt      0x0000000008048094        0x0 build/main.o
                [!provide]                        PROVIDE (__rel_iplt_end = .)

.init
 *(SORT_NONE(.init))

.plt            0x0000000008048098        0x0
 *(.plt)
 *(.iplt)
 .iplt          0x0000000008048098        0x0 build/main.o

.plt.got
 *(.plt.got)

.plt.sec
 *(.plt.sec)

.text           0x00000000c0001500     0x1d8f
 *(.text.unlikely .text.*_unlikely .text.unlikely.*)
 *(.text.exit .text.exit.*)
 *(.text.startup .text.startup.*)
 *(.text.hot .text.hot.*)
 *(.text .stub .text.* .gnu.linkonce.t.*)
 .text          0x00000000c0001500       0x74 build/main.o
                0x00000000c0001500                f
                0x00000000c0001527                main
 .text.__x86.get_pc_thunk.ax
                0x00000000c0001574        0x4 build/main.o
                0x00000000c0001574                __x86.get_pc_thunk.ax
 .text.__x86.get_pc_thunk.bx
                0x00000000c0001578        0x4 build/main.o
                0x00000000c0001578                __x86.get_pc_thunk.bx
 .text          0x00000000c000157c       0x39 build/init.o
                0x00000000c000157c                init_all
 .text          0x00000000c00015b5      0x462 build/interrupt.o
                0x00000000c0001900                idt_init
                0x00000000c0001968                intr_enable
                0x00000000c0001998                intr_disable
                0x00000000c00019c8                intr_set_status
                0x00000000c00019f0                intr_get_status
 .text          0x00000000c0001a17      0x5de build/memory.o
                0x00000000c0001c3c                mem_init
                0x00000000c0001c90                pde_ptr
                0x00000000c0001cad                pte_ptr
                0x00000000c0001f12                malloc_page
                0x00000000c0001fab                get_kernel_pages
 .text          0x00000000c0001ff5      0x116 build/timer.o
                0x00000000c00020b7                timer_init
 .text          0x00000000c000210b      0x171 build/thread.o
                0x00000000c000212c                thread_create
                0x00000000c00021b0                init_thread
                0x00000000c000221d                thread_start
 .text.__x86.get_pc_thunk.dx
                0x00000000c000227c        0x4 build/thread.o
                0x00000000c000227c                __x86.get_pc_thunk.dx
 .text          0x00000000c0002280      0x396 build/kernel.o
                0x00000000c0002280                intr_exit
 *fill*         0x00000000c0002616        0xa 
 .text          0x00000000c0002620      0x197 build/print.o
                0x00000000c0002620                put_char
                0x00000000c00026ef                put_str
                0x00000000c000270d                put_int32
                0x00000000c0002763                put_uint32_hex
 .text          0x00000000c00027b7       0xe0 build/debug.o
                0x00000000c00027b7                panic_spin
 .text          0x00000000c0002897      0x27d build/bitmap.o
                0x00000000c0002897                bitmap_init
                0x00000000c00028ca                bitmap_scan_test
                0x00000000c0002914                bitmap_scan
                0x00000000c0002a5d                bitmap_set
 .text          0x00000000c0002b14      0x4a6 build/string.o
                0x00000000c0002b14                memset
                0x00000000c0002b7a                memcpy
                0x00000000c0002bec                memcmp
                0x00000000c0002c85                strcpy
                0x00000000c0002cf0                strcmp
                0x00000000c0002d85                strcat
                0x00000000c0002e05                strchr
                0x00000000c0002e73                strrchr
                0x00000000c0002ee7                strchrs
                0x00000000c0002f59                strlen
 .text          0x00000000c0002fba      0x2d5 build/list.o
                0x00000000c0002fba                list_init
                0x00000000c0002ff2                list_insert_before
                0x00000000c0003070                list_push
                0x00000000c0003098                list_append
                0x00000000c00030c0                list_remove
                0x00000000c000313d                list_pop
                0x00000000c0003182                list_isEmpty
                0x00000000c00031a5                list_len
                0x00000000c00031e4                list_traversal
                0x00000000c000324a                have_elem
 *(.gnu.warning)

.fini
 *(SORT_NONE(.fini))
                [!provide]                        PROVIDE (__etext = .)
                [!provide]                        PROVIDE (_etext = .)
                [!provide]                        PROVIDE (etext = .)

.rodata         0x00000000c0003290      0x584
 *(.rodata .rodata.* .gnu.linkonce.r.*)
 .rodata        0x00000000c0003290       0x15 build/main.o
 .rodata        0x00000000c00032a5        0xa build/init.o
 *fill*         0x00000000c00032af        0x1 
 .rodata        0x00000000c00032b0      0x251 build/interrupt.o
 *fill*         0x00000000c0003501        0x3 
 .rodata        0x00000000c0003504      0x10f build/memory.o
 .rodata        0x00000000c0003613       0x23 build/timer.o
 .rodata        0x00000000c0003636       0x39 build/debug.o
 *fill*         0x00000000c000366f        0x1 
 .rodata        0x00000000c0003670       0x67 build/bitmap.o
 *fill*         0x00000000c00036d7        0x1 
 .rodata        0x00000000c00036d8       0xc3 build/string.o
 *fill*         0x00000000c000379b        0x1 
 .rodata        0x00000000c000379c       0x78 build/list.o

.rodata1
 *(.rodata1)

.eh_frame_hdr
 *(.eh_frame_hdr)
 *(.eh_frame_entry .eh_frame_entry.*)

.eh_frame       0x00000000c0003814      0x7c0
 *(.eh_frame)
 .eh_frame      0x00000000c0003814       0x84 build/main.o
 .eh_frame      0x00000000c0003898       0x24 build/init.o
                                         0x50 (size before relaxing)
 .eh_frame      0x00000000c00038bc      0x178 build/interrupt.o
                                        0x1b8 (size before relaxing)
 .eh_frame      0x00000000c0003a34      0x138 build/memory.o
                                        0x178 (size before relaxing)
 .eh_frame      0x00000000c0003b6c       0x70 build/timer.o
                                         0xb0 (size before relaxing)
 .eh_frame      0x00000000c0003bdc       0x9c build/thread.o
                                         0xdc (size before relaxing)
 .eh_frame      0x00000000c0003c78       0x1c build/debug.o
                                         0x48 (size before relaxing)
 .eh_frame      0x00000000c0003c94       0x90 build/bitmap.o
                                         0xbc (size before relaxing)
 .eh_frame      0x00000000c0003d24      0x168 build/string.o
                                        0x194 (size before relaxing)
 .eh_frame      0x00000000c0003e8c      0x148 build/list.o
                                        0x188 (size before relaxing)
 *(.eh_frame.*)

.gcc_except_table
 *(.gcc_except_table .gcc_except_table.*)

.gnu_extab
 *(.gnu_extab*)

.exception_ranges
 *(.exception_ranges .exception_ranges*)
                0x00000000c0005000                . = DATA_SEGMENT_ALIGN (CONSTANT (MAXPAGESIZE), CONSTANT (COMMONPAGESIZE))

.eh_frame
 *(.eh_frame)
 *(.eh_frame.*)

.gnu_extab
 *(.gnu_extab)

.gcc_except_table
 *(.gcc_except_table .gcc_except_table.*)

.exception_ranges
 *(.exception_ranges .exception_ranges*)

.tdata
 *(.tdata .tdata.* .gnu.linkonce.td.*)

.tbss
 *(.tbss .tbss.* .gnu.linkonce.tb.*)
 *(.tcommon)

.preinit_array  0x00000000c0005000        0x0
                [!provide]                        PROVIDE (__preinit_array_start = .)
 *(.preinit_array)
                [!provide]                        PROVIDE (__preinit_array_end = .)

.init_array     0x00000000c0005000        0x0
                [!provide]                        PROVIDE (__init_array_start = .)
 *(SORT_BY_INIT_PRIORITY(.init_array.*) SORT_BY_INIT_PRIORITY(.ctors.*))
 *(.init_array EXCLUDE_FILE(*crtend?.o *crtend.o *crtbegin?.o *crtbegin.o) .ctors)
                [!provide]                        PROVIDE (__init_array_end = .)

.fini_array     0x00000000c0005000        0x0
                [!provide]                        PROVIDE (__fini_array_start = .)
 *(SORT_BY_INIT_PRIORITY(.fini_array.*) SORT_BY_INIT_PRIORITY(.dtors.*))
 *(.fini_array EXCLUDE_FILE(*crtend?.o *crtend.o *crtbegin?.o *crtbegin.o) .dtors)
                [!provide]                        PROVIDE (__fini_array_end = .)

.ctors
 *crtbegin.o(.ctors)
 *crtbegin?.o(.ctors)
 *(EXCLUDE_FILE(*crtend?.o *crtend.o) .ctors)
 *(SORT_BY_NAME(.ctors.*))
 *(.ctors)

.dtors
 *crtbegin.o(.dtors)
 *crtbegin?.o(.dtors)
 *(EXCLUDE_FILE(*crtend?.o *crtend.o) .dtors)
 *(SORT_BY_NAME(.dtors.*))
 *(.dtors)

.jcr
 *(.jcr)

.data.rel.ro
 *(.data.rel.ro.local* .gnu.linkonce.d.rel.ro.local.*)
 *(.data.rel.ro .data.rel.ro.* .gnu.linkonce.d.rel.ro.*)

.dynamic
 *(.dynamic)

.got            0x00000000c0005000        0x0
 *(.got)
 .got           0x00000000c0005000        0x0 build/main.o
 *(.igot)
                0x00000000c0005ff4                . = DATA_SEGMENT_RELRO_END (., (SIZEOF (.got.plt) >= 0xc)?0xc:0x0)

.got.plt        0x00000000c0005000        0xc
 *(.got.plt)
 .got.plt       0x00000000c0005000        0xc build/main.o
                0x00000000c0005000                _GLOBAL_OFFSET_TABLE_
 *(.igot.plt)
 .igot.plt      0x00000000c000500c        0x0 build/main.o

.data           0x00000000c000500c       0x97
 *(.data .data.* .gnu.linkonce.d.*)
 .data          0x00000000c000500c        0x0 build/main.o
 .data          0x00000000c000500c        0x0 build/init.o
 .data          0x00000000c000500c        0x0 build/interrupt.o
 .data          0x00000000c000500c        0x0 build/memory.o
 .data          0x00000000c000500c        0x0 build/timer.o
 .data          0x00000000c000500c        0x0 build/thread.o
 .data          0x00000000c000500c       0x97 build/kernel.o
                0x00000000c000501f                intr_entry_table
 .data          0x00000000c00050a3        0x0 build/debug.o
 .data          0x00000000c00050a3        0x0 build/bitmap.o
 .data          0x00000000c00050a3        0x0 build/string.o
 .data          0x00000000c00050a3        0x0 build/list.o

.data1
 *(.data1)
                0x00000000c00050a3                _edata = .
                [!provide]                        PROVIDE (edata = .)
                0x00000000c00050a3                . = .
                0x00000000c00050a3                __bss_start = .

.bss            0x00000000c00050c0      0x270
 *(.dynbss)
 *(.bss .bss.* .gnu.linkonce.b.*)
 .bss           0x00000000c00050c0        0x0 build/main.o
 .bss           0x00000000c00050c0        0x0 build/init.o
 .bss           0x00000000c00050c0      0x108 build/interrupt.o
 .bss           0x00000000c00051c8        0x0 build/memory.o
 .bss           0x00000000c00051c8        0x0 build/timer.o
 .bss           0x00000000c00051c8        0x0 build/thread.o
 .bss           0x00000000c00051c8        0x0 build/debug.o
 .bss           0x00000000c00051c8        0x0 build/bitmap.o
 .bss           0x00000000c00051c8        0x0 build/string.o
 .bss           0x00000000c00051c8        0x0 build/list.o
 *(COMMON)
 *fill*         0x00000000c00051c8       0x18 
 COMMON         0x00000000c00051e0      0x124 build/interrupt.o
                0x00000000c00051e0                intr_name
                0x00000000c0005280                idt_table
 COMMON         0x00000000c0005304       0x2c build/memory.o
                0x00000000c0005304                user_pool
                0x00000000c0005314                kernel_vaddr
                0x00000000c0005320                kernel_pool
                0x00000000c0005330                . = ALIGN ((. != 0x0)?0x4:0x1)
                0x00000000c0005330                . = ALIGN (0x4)
                0x00000000c0005330                . = SEGMENT_START ("ldata-segment", .)
                0x00000000c0005330                . = ALIGN (0x4)
                0x00000000c0005330                _end = .
                [!provide]                        PROVIDE (end = .)
                0x00000000c0005330                . = DATA_SEGMENT_END (.)

.stab
 *(.stab)

.stabstr
 *(.stabstr)

.stab.excl
 *(.stab.excl)

.stab.exclstr
 *(.stab.exclstr)

.stab.index
 *(.stab.index)

.stab.indexstr
 *(.stab.indexstr)

.comment        0x0000000000000000       0x1d
 *(.comment)
 .comment       0x0000000000000000       0x1d build/main.o
                                         0x1e (size before relaxing)
 .comment       0x000000000000001d       0x1e build/init.o
 .comment       0x000000000000001d       0x1e build/interrupt.o
 .comment       0x000000000000001d       0x1e build/memory.o
 .comment       0x000000000000001d       0x1e build/timer.o
 .comment       0x000000000000001d       0x1e build/thread.o
 .comment       0x000000000000001d       0x1e build/debug.o
 .comment       0x000000000000001d       0x1e build/bitmap.o
 .comment       0x000000000000001d       0x1e build/string.o
 .comment       0x000000000000001d       0x1e build/list.o

.debug
 *(.debug)

.line
 *(.line)

.debug_srcinfo
 *(.debug_srcinfo)

.debug_sfnames
 *(.debug_sfnames)

.debug_aranges
 *(.debug_aranges)

.debug_pubnames
 *(.debug_pubnames)

.debug_info
 *(.debug_info .gnu.linkonce.wi.*)

.debug_abbrev
 *(.debug_abbrev)

.debug_line
 *(.debug_line .debug_line.* .debug_line_end)

.debug_frame
 *(.debug_frame)

.debug_str
 *(.debug_str)

.debug_loc
 *(.debug_loc)

.debug_macinfo
 *(.debug_macinfo)

.debug_weaknames
 *(.debug_weaknames)

.debug_funcnames
 *(.debug_funcnames)

.debug_typenames
 *(.debug_typenames)

.debug_varnames
 *(.debug_varnames)

.debug_pubtypes
 *(.debug_pubtypes)

.debug_ranges
 *(.debug_ranges)

.debug_macro
 *(.debug_macro)

.debug_addr
 *(.debug_addr)

.gnu.attributes
 *(.gnu.attributes)

/DISCARD/
 *(.note.GNU-stack)
 *(.gnu_debuglink)
 *(.gnu.lto_*)
OUTPUT(build/kernel.bin elf32-i386)
